MPLINK 5.00, LINKER
Linker Map File - Created Sun Jun 15 15:04:43 2014

                                 Section Info
                  Section       Type    Address   Location Size(Bytes)
                ---------  ---------  ---------  ---------  ---------
               _entry_scn       code   0x000000    program   0x000006
           .code___init.o       code   0x000006    program   0x000002
          .idata_UART.o_i    romdata   0x000008    program   0x000000
          .romdata_UART.o    romdata   0x000008    program   0x000000
      .idata_fxd0808u.o_i    romdata   0x000008    program   0x000000
      .romdata_fxd0808u.o    romdata   0x000008    program   0x000000
      .idata_fxd1616u.o_i    romdata   0x000008    program   0x000000
      .romdata_fxd1616u.o    romdata   0x000008    program   0x000000
         .idata_uopen.o_i    romdata   0x000008    program   0x000000
         .romdata_uopen.o    romdata   0x000008    program   0x000000
        .idata_uwrite.o_i    romdata   0x000008    program   0x000000
        .romdata_uwrite.o    romdata   0x000008    program   0x000000
 .romdata_RFCoordinator.o    romdata   0x000008    program   0x000000
         .idata_udefs.o_i    romdata   0x000008    program   0x000000
         .romdata_udefs.o    romdata   0x000008    program   0x000000
        .romdata_CC1101.o    romdata   0x000008    program   0x000000
            .code_udefs.o       code   0x000008    program   0x000000
        .idata___init.o_i    romdata   0x000008    program   0x000000
        .romdata___init.o    romdata   0x000008    program   0x000000
           .romdata_LCD.o    romdata   0x000008    program   0x000000
           .idata_LCD.o_i    romdata   0x000008    program   0x000000
           .romdata_SPI.o    romdata   0x000008    program   0x000000
           .idata_SPI.o_i    romdata   0x000008    program   0x000000
         .idata_ubaud.o_i    romdata   0x000008    program   0x000000
         .romdata_TIMER.o    romdata   0x000008    program   0x000000
         .idata_TIMER.o_i    romdata   0x000008    program   0x000000
         .romdata_ubaud.o    romdata   0x000008    program   0x000000
            .code_c018i.o       code   0x000008    program   0x000000
         .romdata_c018i.o    romdata   0x000008    program   0x000000
         .idata_c018i.o_i    romdata   0x000008    program   0x000000
         interrupt_vector       code   0x000018    program   0x000006
                   .cinit    romdata   0x00001e    program   0x00001a
           .code_CC1101.o       code   0x000038    program   0x000f1a
              .code_LCD.o       code   0x000f52    program   0x000878
    .code_RFCoordinator.o       code   0x0017ca    program   0x00037c
                     PROG       code   0x001b46    program   0x000278
             .code_UART.o       code   0x001dbe    program   0x000194
                   STDLIB       code   0x001f52    program   0x000134
               _cinit_scn       code   0x002086    program   0x00009e
            .code_uopen.o       code   0x002124    program   0x00008a
              .code_SPI.o       code   0x0021ae    program   0x000074
            .code_TIMER.o       code   0x002222    program   0x00003e
             .stringtable    romdata   0x002260    program   0x00003c
           .code_uwrite.o       code   0x00229c    program   0x00002e
         .code_fxd1616u.o       code   0x0022ca    program   0x00002c
            .code_ubaud.o       code   0x0022f6    program   0x000022
              D1KTCYXCODE       code   0x002318    program   0x000020
                    .code       code   0x002338    program   0x000020
             _startup_scn       code   0x002358    program   0x00001c
         .code_fxd0808u.o       code   0x002374    program   0x00001c
              D10TCYXCODE       code   0x002390    program   0x000016
 .idata_RFCoordinator.o_i    romdata   0x0023a6    program   0x000044
        .idata_CC1101.o_i    romdata   0x0023ea    program   0x00002c
.config_300001_RFCoordinator.o    romdata   0x300001    program   0x000001
.config_300002_RFCoordinator.o    romdata   0x300002    program   0x000001
.config_300003_RFCoordinator.o    romdata   0x300003    program   0x000001
.config_300005_RFCoordinator.o    romdata   0x300005    program   0x000001
.config_300006_RFCoordinator.o    romdata   0x300006    program   0x000001
.config_300008_RFCoordinator.o    romdata   0x300008    program   0x000001
.config_300009_RFCoordinator.o    romdata   0x300009    program   0x000001
.config_30000a_RFCoordinator.o    romdata   0x30000a    program   0x000001
.config_30000b_RFCoordinator.o    romdata   0x30000b    program   0x000001
.config_30000c_RFCoordinator.o    romdata   0x30000c    program   0x000001
.config_30000d_RFCoordinator.o    romdata   0x30000d    program   0x000001
                MATH_DATA      udata   0x000000       data   0x000014
                 .tmpdata      udata   0x000014       data   0x000004
                DELAYDAT1      udata   0x000018       data   0x000001
   .udata_RFCoordinator.o      udata   0x000060       data   0x00003f
          .idata_CC1101.o      idata   0x00009f       data   0x00002c
                   .stack      udata   0x000e00       data   0x000100
   .idata_RFCoordinator.o      idata   0x000f00       data   0x000044
           .udata_c018i.o      udata   0x000f44       data   0x00000a
          .udata_CC1101.o      udata   0x000f4e       data   0x000002
           .udata_udefs.o      udata   0x000f50       data   0x000001
           .udata_ubaud.o      udata   0x000f51       data   0x000000
          .idata___init.o      idata   0x000f51       data   0x000000
          .udata___init.o      udata   0x000f51       data   0x000000
           .idata_udefs.o      idata   0x000f51       data   0x000000
           .idata_ubaud.o      idata   0x000f51       data   0x000000
          .idata_uwrite.o      idata   0x000f51       data   0x000000
          .udata_uwrite.o      udata   0x000f51       data   0x000000
           .idata_uopen.o      idata   0x000f51       data   0x000000
           .udata_uopen.o      udata   0x000f51       data   0x000000
        .idata_fxd1616u.o      idata   0x000f51       data   0x000000
        .udata_fxd1616u.o      udata   0x000f51       data   0x000000
        .idata_fxd0808u.o      idata   0x000f51       data   0x000000
        .udata_fxd0808u.o      udata   0x000f51       data   0x000000
            .idata_UART.o      idata   0x000f51       data   0x000000
            .udata_UART.o      udata   0x000f51       data   0x000000
             .idata_LCD.o      idata   0x000f51       data   0x000000
             .udata_LCD.o      udata   0x000f51       data   0x000000
             .idata_SPI.o      idata   0x000f51       data   0x000000
             .udata_SPI.o      udata   0x000f51       data   0x000000
           .idata_TIMER.o      idata   0x000f51       data   0x000000
           .udata_TIMER.o      udata   0x000f51       data   0x000000
           .idata_c018i.o      idata   0x000f51       data   0x000000
            SFR_UNBANKED0      udata   0x000f77       data   0x000089



                              Program Memory Usage 
                               Start         End      
                           ---------   ---------      
                            0x000000    0x000007      
                            0x000018    0x002415      
                            0x300001    0x300003      
                            0x300005    0x300006      
                            0x300008    0x30000d      
            9233 out of 66584 program addresses used, program memory utilization is 13%



                              Symbols - Sorted by Name
                     Name    Address   Location    Storage File                     
                ---------  ---------  ---------  --------- ---------                
            CC1101_Config   0x000500    program     extern F:\PROJECT\MPLABX\RF\RF315-Main\RF315Coordinator.X\CC1101\CC1101.c
           CC1101_FlushRX   0x000ca6    program     extern F:\PROJECT\MPLABX\RF\RF315-Main\RF315Coordinator.X\CC1101\CC1101.c
           CC1101_FlushTX   0x000cbc    program     extern F:\PROJECT\MPLABX\RF\RF315-Main\RF315Coordinator.X\CC1101\CC1101.c
              CC1101_Init   0x000ce8    program     extern F:\PROJECT\MPLABX\RF\RF315-Main\RF315Coordinator.X\CC1101\CC1101.c
           CC1101_PowerUp   0x000472    program     extern F:\PROJECT\MPLABX\RF\RF315-Main\RF315Coordinator.X\CC1101\CC1101.c
            CC1101_RXMode   0x000cd2    program     extern F:\PROJECT\MPLABX\RF\RF315-Main\RF315Coordinator.X\CC1101\CC1101.c
             CC1101_RdLQI   0x000bb2    program     extern F:\PROJECT\MPLABX\RF\RF315-Main\RF315Coordinator.X\CC1101\CC1101.c
            CC1101_RdRSSI   0x000b5e    program     extern F:\PROJECT\MPLABX\RF\RF315-Main\RF315Coordinator.X\CC1101\CC1101.c
      CC1101_ReadBurstReg   0x000a3e    program     extern F:\PROJECT\MPLABX\RF\RF315-Main\RF315Coordinator.X\CC1101\CC1101.c
  CC1101_ReadChipStatusRX   0x000c6a    program     extern F:\PROJECT\MPLABX\RF\RF315-Main\RF315Coordinator.X\CC1101\CC1101.c
  CC1101_ReadChipStatusTX   0x000c60    program     extern F:\PROJECT\MPLABX\RF\RF315-Main\RF315Coordinator.X\CC1101\CC1101.c
           CC1101_ReadReg   0x0009f6    program     extern F:\PROJECT\MPLABX\RF\RF315-Main\RF315Coordinator.X\CC1101\CC1101.c
        CC1101_ReadStatus   0x0004c0    program     extern F:\PROJECT\MPLABX\RF\RF315-Main\RF315Coordinator.X\CC1101\CC1101.c
     CC1101_ReceivePacket   0x000d02    program     extern F:\PROJECT\MPLABX\RF\RF315-Main\RF315Coordinator.X\CC1101\CC1101.c
             CC1101_Reset   0x00045a    program     extern F:\PROJECT\MPLABX\RF\RF315-Main\RF315Coordinator.X\CC1101\CC1101.c
       CC1101_RxFifoEmpty   0x000bd4    program     extern F:\PROJECT\MPLABX\RF\RF315-Main\RF315Coordinator.X\CC1101\CC1101.c
        CC1101_SendPacket   0x000de6    program     extern F:\PROJECT\MPLABX\RF\RF315-Main\RF315Coordinator.X\CC1101\CC1101.c
       CC1101_SendPackets   0x000e98    program     extern F:\PROJECT\MPLABX\RF\RF315-Main\RF315Coordinator.X\CC1101\CC1101.c
            CC1101_Strobe   0x000486    program     extern F:\PROJECT\MPLABX\RF\RF315-Main\RF315Coordinator.X\CC1101\CC1101.c
       CC1101_TxFifoEmpty   0x000c1a    program     extern F:\PROJECT\MPLABX\RF\RF315-Main\RF315Coordinator.X\CC1101\CC1101.c
     CC1101_WriteBurstReg   0x000af6    program     extern F:\PROJECT\MPLABX\RF\RF315-Main\RF315Coordinator.X\CC1101\CC1101.c
          CC1101_WriteReg   0x000ab4    program     extern F:\PROJECT\MPLABX\RF\RF315-Main\RF315Coordinator.X\CC1101\CC1101.c
   CC1101_WriteRfSettings   0x00052c    program     extern F:\PROJECT\MPLABX\RF\RF315-Main\RF315Coordinator.X\CC1101\CC1101.c
               ConsoleGet   0x001eee    program     extern F:\PROJECT\MPLABX\RF\RF315-Main\RF315Coordinator.X\UART\UART.c
         ConsoleGetString   0x001e20    program     extern F:\PROJECT\MPLABX\RF\RF315-Main\RF315Coordinator.X\UART\UART.c
              ConsoleInit   0x001dbe    program     extern F:\PROJECT\MPLABX\RF\RF315-Main\RF315Coordinator.X\UART\UART.c
               ConsolePut   0x001e98    program     extern F:\PROJECT\MPLABX\RF\RF315-Main\RF315Coordinator.X\UART\UART.c
            ConsolePutInt   0x001efa    program     extern F:\PROJECT\MPLABX\RF\RF315-Main\RF315Coordinator.X\UART\UART.c
      ConsolePutROMString   0x001de2    program     extern F:\PROJECT\MPLABX\RF\RF315-Main\RF315Coordinator.X\UART\UART.c
         ConsolePutString   0x001eb2    program     extern F:\PROJECT\MPLABX\RF\RF315-Main\RF315Coordinator.X\UART\UART.c
                   D0808S   0x001c36    program     static E:\3.46\pic18-lt\cxx-framework\src\traditional\math\fxd0808s.asm
                D0808SNEG   0x001c44    program     static E:\3.46\pic18-lt\cxx-framework\src\traditional\math\fxd0808s.asm
                 D0808SOK   0x001c40    program     static E:\3.46\pic18-lt\cxx-framework\src\traditional\math\fxd0808s.asm
                  D0808SX   0x001c4a    program     static E:\3.46\pic18-lt\cxx-framework\src\traditional\math\fxd0808s.asm
                    D10_1   0x0023a0    program     static E:\3.46\pic18-lt\cxx-framework\src\traditional\delays\d10tcyx.asm
                     D10x   0x002398    program     static E:\3.46\pic18-lt\cxx-framework\src\traditional\delays\d10tcyx.asm
                    D1K_1   0x002324    program     static E:\3.46\pic18-lt\cxx-framework\src\traditional\delays\d1ktcyx.asm
                     D1Kx   0x002322    program     static E:\3.46\pic18-lt\cxx-framework\src\traditional\delays\d1ktcyx.asm
                  DA0808S   0x001c2c    program     static E:\3.46\pic18-lt\cxx-framework\src\traditional\math\fxd0808s.asm
              Delay10TCYx   0x002390    program     extern E:\3.46\pic18-lt\cxx-framework\src\traditional\delays\d10tcyx.asm
              Delay1KTCYx   0x002318    program     extern E:\3.46\pic18-lt\cxx-framework\src\traditional\delays\d1ktcyx.asm
                 Delay2us   0x000038    program     extern F:\PROJECT\MPLABX\RF\RF315-Main\RF315Coordinator.X\CC1101\CC1101.c
                Delay41us   0x000042    program     extern F:\PROJECT\MPLABX\RF\RF315-Main\RF315Coordinator.X\CC1101\CC1101.c
                    FPM32   0x001b46    program     extern E:\3.46\pic18-lt\cxx-framework\src\traditional\math\mulFP.asm
                 FXD0808S   0x001c20    program     extern E:\3.46\pic18-lt\cxx-framework\src\traditional\math\fxd0808s.asm
                 FXD0808U   0x002374    program     extern E:\3.46\pic18-lt\cxx-framework\src\traditional\math\fxd0808u.c
                 FXD1616U   0x0022ca    program     extern E:\3.46\pic18-lt\cxx-framework\src\traditional\math\fxd1616u.c
                  INT3216   0x001c54    program     extern E:\3.46\pic18-lt\cxx-framework\src\traditional\math\castFP16.asm
                 Init_LCD   0x000f62    program     extern F:\PROJECT\MPLABX\RF\RF315-Main\RF315Coordinator.X\LCD\LCD.c
               Init_PORTS   0x000f52    program     extern F:\PROJECT\MPLABX\RF\RF315-Main\RF315Coordinator.X\LCD\LCD.c
                  LCD_CMD   0x000ffa    program     extern F:\PROJECT\MPLABX\RF\RF315-Main\RF315Coordinator.X\LCD\LCD.c
                 LCD_DATA   0x001140    program     extern F:\PROJECT\MPLABX\RF\RF315-Main\RF315Coordinator.X\LCD\LCD.c
             LCD_IN_FLOAT   0x0015a4    program     extern F:\PROJECT\MPLABX\RF\RF315-Main\RF315Coordinator.X\LCD\LCD.c
             LCD_IN_INTER   0x001372    program     extern F:\PROJECT\MPLABX\RF\RF315-Main\RF315Coordinator.X\LCD\LCD.c
                   LCD_OK   0x000fb6    program     extern F:\PROJECT\MPLABX\RF\RF315-Main\RF315Coordinator.X\LCD\LCD.c
                  OneByte   0x002074    program     static E:\3.46\pic18-lt\cxx-framework\src\traditional\stdclib\itobcd.asm
                OpenUSART   0x002124    program     extern E:\3.46\pic18-lt\cxx-framework\src\pmc_common\USART\uopen.c
                ProcLower   0x002028    program     static E:\3.46\pic18-lt\cxx-framework\src\traditional\stdclib\itoa.asm
                ProcUpper   0x00201e    program     static E:\3.46\pic18-lt\cxx-framework\src\traditional\stdclib\itoa.asm
        SPI_Config_Master   0x0021ae    program     extern F:\PROJECT\MPLABX\RF\RF315-Main\RF315Coordinator.X\SPI\SPI.c
                 SPI_Read   0x002200    program     extern F:\PROJECT\MPLABX\RF\RF315-Main\RF315Coordinator.X\SPI\SPI.c
                SPI_Write   0x0021c2    program     extern F:\PROJECT\MPLABX\RF\RF315-Main\RF315Coordinator.X\SPI\SPI.c
                 SendData   0x001a9a    program     extern F:\PROJECT\MPLABX\RF\RF315-Main\RF315Coordinator.X\RFCoordinator.c
            Timer0_config   0x002222    program     extern F:\PROJECT\MPLABX\RF\RF315-Main\RF315Coordinator.X\TIMER\TIMER.c
            Timer1_config   0x002236    program     extern F:\PROJECT\MPLABX\RF\RF315-Main\RF315Coordinator.X\TIMER\TIMER.c
            Timer3_config   0x00224c    program     extern F:\PROJECT\MPLABX\RF\RF315-Main\RF315Coordinator.X\TIMER\TIMER.c
                Timer_Isr   0x001a68    program     extern F:\PROJECT\MPLABX\RF\RF315-Main\RF315Coordinator.X\RFCoordinator.c
                 TstLower   0x002012    program     static E:\3.46\pic18-lt\cxx-framework\src\traditional\stdclib\itoa.asm
                 TstUpper   0x00200c    program     static E:\3.46\pic18-lt\cxx-framework\src\traditional\stdclib\itoa.asm
               WriteUSART   0x00229c    program     extern E:\3.46\pic18-lt\cxx-framework\src\pmc_common\USART\uwrite.c
        _D10TCYXCODE_000A   0x00239a    program     static E:\3.46\pic18-lt\cxx-framework\src\traditional\delays\d10tcyx.asm
        _D10TCYXCODE_000C   0x00239c    program     static E:\3.46\pic18-lt\cxx-framework\src\traditional\delays\d10tcyx.asm
        _D10TCYXCODE_000E   0x00239e    program     static E:\3.46\pic18-lt\cxx-framework\src\traditional\delays\d10tcyx.asm
        _D1KTCYXCODE_0010   0x002328    program     static E:\3.46\pic18-lt\cxx-framework\src\traditional\delays\d1ktcyx.asm
        _D1KTCYXCODE_0016   0x00232e    program     static E:\3.46\pic18-lt\cxx-framework\src\traditional\delays\d1ktcyx.asm
                 __FpExit   0x001cbe    program     extern E:\3.46\pic18-lt\cxx-framework\src\traditional\math\packFP.asm
                 __FpPack   0x001cea    program     extern E:\3.46\pic18-lt\cxx-framework\src\traditional\math\packFP.asm
            __FpReturnNaN   0x001cb2    program     extern E:\3.46\pic18-lt\cxx-framework\src\traditional\math\packFP.asm
         __FpReturnNegInf   0x001cc4    program     extern E:\3.46\pic18-lt\cxx-framework\src\traditional\math\packFP.asm
        __FpReturnNegZero   0x001cdc    program     extern E:\3.46\pic18-lt\cxx-framework\src\traditional\math\packFP.asm
         __FpReturnPosInf   0x001cca    program     extern E:\3.46\pic18-lt\cxx-framework\src\traditional\math\packFP.asm
        __FpReturnPosZero   0x001ce4    program     extern E:\3.46\pic18-lt\cxx-framework\src\traditional\math\packFP.asm
        __FpReturnSignInf   0x001cc0    program     extern E:\3.46\pic18-lt\cxx-framework\src\traditional\math\packFP.asm
       __FpReturnSignZero   0x001cd8    program     extern E:\3.46\pic18-lt\cxx-framework\src\traditional\math\packFP.asm
              __FpReturnW   0x001d42    program     extern E:\3.46\pic18-lt\cxx-framework\src\traditional\math\packFP.asm
              __FpUnPackA   0x001d62    program     extern E:\3.46\pic18-lt\cxx-framework\src\traditional\math\UnpackFP.asm
              __FpUnPackB   0x001d92    program     extern E:\3.46\pic18-lt\cxx-framework\src\traditional\math\UnpackFP.asm
       ___return_lbl00000   0x000004    program     static                          
       ___return_lbl00000   0x00238e    program     static                          
       ___return_lbl00000   0x0022f4    program     static                          
       ___return_lbl00000   0x000040    program     static                          
       ___return_lbl00001   0x002372    program     static                          
       ___return_lbl00001   0x000050    program     static                          
       ___return_lbl00002   0x002122    program     static                          
       ___return_lbl00007   0x000484    program     static                          
       ___return_lbl00027   0x00001c    program     static                          
       ___return_lbl00053   0x000d00    program     static                          
               __config_0   0x300001    program     static F:\PROJECT\MPLABX\RF\RF315-Main\RF315Coordinator.X\RFCoordinator.c
               __config_1   0x300002    program     static F:\PROJECT\MPLABX\RF\RF315-Main\RF315Coordinator.X\RFCoordinator.c
              __config_10   0x30000d    program     static F:\PROJECT\MPLABX\RF\RF315-Main\RF315Coordinator.X\RFCoordinator.c
               __config_2   0x300003    program     static F:\PROJECT\MPLABX\RF\RF315-Main\RF315Coordinator.X\RFCoordinator.c
               __config_3   0x300005    program     static F:\PROJECT\MPLABX\RF\RF315-Main\RF315Coordinator.X\RFCoordinator.c
               __config_4   0x300006    program     static F:\PROJECT\MPLABX\RF\RF315-Main\RF315Coordinator.X\RFCoordinator.c
               __config_5   0x300008    program     static F:\PROJECT\MPLABX\RF\RF315-Main\RF315Coordinator.X\RFCoordinator.c
               __config_6   0x300009    program     static F:\PROJECT\MPLABX\RF\RF315-Main\RF315Coordinator.X\RFCoordinator.c
               __config_7   0x30000a    program     static F:\PROJECT\MPLABX\RF\RF315-Main\RF315Coordinator.X\RFCoordinator.c
               __config_8   0x30000b    program     static F:\PROJECT\MPLABX\RF\RF315-Main\RF315Coordinator.X\RFCoordinator.c
               __config_9   0x30000c    program     static F:\PROJECT\MPLABX\RF\RF315-Main\RF315Coordinator.X\RFCoordinator.c
                   __init   0x000006    program     extern E:\3.46\pic18-lt\cxx-framework\src\traditional\stdclib\__init.c
               __string_6   0x002282    program     static F:\PROJECT\MPLABX\RF\RF315-Main\RF315Coordinator.X\RFCoordinator.c
               __string_7   0x00226a    program     static F:\PROJECT\MPLABX\RF\RF315-Main\RF315Coordinator.X\RFCoordinator.c
               __string_8   0x002260    program     static F:\PROJECT\MPLABX\RF\RF315-Main\RF315Coordinator.X\RFCoordinator.c
            __zero_memory   0x002338    program     extern E:\3.46\pic18-lt\cxx-framework\src\traditional\proc\p18f46k20.asm
                _do_cinit   0x002086    program     extern E:\3.46\pic18-lt\cxx-framework\src\traditional\startup\c018i.c
                   _entry   0x000000    program     extern E:\3.46\pic18-lt\cxx-framework\src\traditional\startup\c018i.c
                 _startup   0x002358    program     extern E:\3.46\pic18-lt\cxx-framework\src\traditional\startup\c018i.c
                baudUSART   0x0022f6    program     extern E:\3.46\pic18-lt\cxx-framework\src\pmc_common\USART\ubaud.c
                compare_l   0x00234e    program     static E:\3.46\pic18-lt\cxx-framework\src\traditional\proc\p18f46k20.asm
                copy_loop   0x0020f8    program     static                          
            copy_one_byte   0x0020fe    program     static                          
                     done   0x002122    program     static                          
             done_copying   0x00210c    program     static                          
                  endloop   0x0022f0    program     static                          
                  endloop   0x00238a    program     static                          
         interrupt_vector   0x000018    program     extern F:\PROJECT\MPLABX\RF\RF315-Main\RF315Coordinator.X\RFCoordinator.c
                   itoBCD   0x002032    program     extern E:\3.46\pic18-lt\cxx-framework\src\traditional\stdclib\itobcd.asm
                     itoa   0x001f52    program     extern E:\3.46\pic18-lt\cxx-framework\src\traditional\stdclib\itoa.asm
                 jANotInf   0x001b64    program     static E:\3.46\pic18-lt\cxx-framework\src\traditional\math\mulFP.asm
              jBothFinite   0x001b72    program     static E:\3.46\pic18-lt\cxx-framework\src\traditional\math\mulFP.asm
             jBothNotZero   0x001b7e    program     static E:\3.46\pic18-lt\cxx-framework\src\traditional\math\mulFP.asm
                     jDo1   0x001fd8    program     static E:\3.46\pic18-lt\cxx-framework\src\traditional\stdclib\itoa.asm
                     jDo2   0x001fd4    program     static E:\3.46\pic18-lt\cxx-framework\src\traditional\stdclib\itoa.asm
                     jDo3   0x001fd0    program     static E:\3.46\pic18-lt\cxx-framework\src\traditional\stdclib\itoa.asm
                     jDo4   0x001fcc    program     static E:\3.46\pic18-lt\cxx-framework\src\traditional\stdclib\itoa.asm
                     jDo5   0x001fc8    program     static E:\3.46\pic18-lt\cxx-framework\src\traditional\stdclib\itoa.asm
                     jEnd   0x002070    program     static E:\3.46\pic18-lt\cxx-framework\src\traditional\stdclib\itobcd.asm
                    jExit   0x001cb0    program     static E:\3.46\pic18-lt\cxx-framework\src\traditional\math\castFP16.asm
                jHaveZero   0x001b7a    program     static E:\3.46\pic18-lt\cxx-framework\src\traditional\math\mulFP.asm
                    jLoop   0x001c90    program     static E:\3.46\pic18-lt\cxx-framework\src\traditional\math\castFP16.asm
                    jLoop   0x00204a    program     static E:\3.46\pic18-lt\cxx-framework\src\traditional\stdclib\itobcd.asm
                jLoopExit   0x001ca0    program     static E:\3.46\pic18-lt\cxx-framework\src\traditional\math\castFP16.asm
                     jMax   0x001c64    program     static E:\3.46\pic18-lt\cxx-framework\src\traditional\math\castFP16.asm
                  jMaxNeg   0x001c72    program     static E:\3.46\pic18-lt\cxx-framework\src\traditional\math\castFP16.asm
                  jMaxPos   0x001c68    program     static E:\3.46\pic18-lt\cxx-framework\src\traditional\math\castFP16.asm
                  jNotInf   0x001c80    program     static E:\3.46\pic18-lt\cxx-framework\src\traditional\math\castFP16.asm
                  jPkLoop   0x001cf8    program     static E:\3.46\pic18-lt\cxx-framework\src\traditional\math\packFP.asm
             jPkRoundDone   0x001d42    program     static E:\3.46\pic18-lt\cxx-framework\src\traditional\math\packFP.asm
               jPkRoundIt   0x001d2a    program     static E:\3.46\pic18-lt\cxx-framework\src\traditional\math\packFP.asm
             jPkShiftDone   0x001d14    program     static E:\3.46\pic18-lt\cxx-framework\src\traditional\math\packFP.asm
           jReturnPosInf0   0x001cce    program     static E:\3.46\pic18-lt\cxx-framework\src\traditional\math\packFP.asm
                jTstLowZ1   0x00201c    program     static E:\3.46\pic18-lt\cxx-framework\src\traditional\stdclib\itoa.asm
                jTstSign1   0x001f7e    program     static E:\3.46\pic18-lt\cxx-framework\src\traditional\stdclib\itoa.asm
                  jUnpkA1   0x001d6c    program     static E:\3.46\pic18-lt\cxx-framework\src\traditional\math\UnpackFP.asm
                  jUnpkA2   0x001d84    program     static E:\3.46\pic18-lt\cxx-framework\src\traditional\math\UnpackFP.asm
                 jUnpkANZ   0x001d7a    program     static E:\3.46\pic18-lt\cxx-framework\src\traditional\math\UnpackFP.asm
                  jUnpkB1   0x001d9c    program     static E:\3.46\pic18-lt\cxx-framework\src\traditional\math\UnpackFP.asm
                  jUnpkB2   0x001db4    program     static E:\3.46\pic18-lt\cxx-framework\src\traditional\math\UnpackFP.asm
                 jUnpkBNZ   0x001daa    program     static E:\3.46\pic18-lt\cxx-framework\src\traditional\math\UnpackFP.asm
                 jUnpkNaN   0x001d8e    program     static E:\3.46\pic18-lt\cxx-framework\src\traditional\math\UnpackFP.asm
                    jZero   0x001c7a    program     static E:\3.46\pic18-lt\cxx-framework\src\traditional\math\castFP16.asm
               jZero1and2   0x001cd2    program     static E:\3.46\pic18-lt\cxx-framework\src\traditional\math\packFP.asm
                lcd_clear   0x001286    program     extern F:\PROJECT\MPLABX\RF\RF315-Main\RF315Coordinator.X\LCD\LCD.c
               lcd_gotoxy   0x0012f4    program     extern F:\PROJECT\MPLABX\RF\RF315-Main\RF315Coordinator.X\LCD\LCD.c
                  lcd_int   0x00152c    program     extern F:\PROJECT\MPLABX\RF\RF315-Main\RF315Coordinator.X\LCD\LCD.c
                lcd_putch   0x001290    program     extern F:\PROJECT\MPLABX\RF\RF315-Main\RF315Coordinator.X\LCD\LCD.c
               lcd_putstr   0x0012aa    program     extern F:\PROJECT\MPLABX\RF\RF315-Main\RF315Coordinator.X\LCD\LCD.c
                     loop   0x002368    program     static                          
                     loop   0x00237c    program     static                          
                     loop   0x0022d4    program     static                          
                   loop_h   0x002346    program     static E:\3.46\pic18-lt\cxx-framework\src\traditional\proc\p18f46k20.asm
                   loop_l   0x002350    program     static E:\3.46\pic18-lt\cxx-framework\src\traditional\proc\p18f46k20.asm
                     main   0x0017ca    program     extern F:\PROJECT\MPLABX\RF\RF315-Main\RF315Coordinator.X\RFCoordinator.c
                     test   0x0020a0    program     static                          
            writeRFConfig   0x000272    program     extern F:\PROJECT\MPLABX\RF\RF315-Main\RF315Coordinator.X\CC1101\CC1101.c
          writeRFSettings   0x000052    program     extern F:\PROJECT\MPLABX\RF\RF315-Main\RF315Coordinator.X\CC1101\CC1101.c
               zero_block   0x002346    program     static E:\3.46\pic18-lt\cxx-framework\src\traditional\proc\p18f46k20.asm
                   ADCON0   0x000fc2       data     extern E:\3.46\pic18-lt\cxx-framework\src\traditional\proc\p18f46k20.asm
               ADCON0bits   0x000fc2       data     extern E:\3.46\pic18-lt\cxx-framework\src\traditional\proc\p18f46k20.asm
                   ADCON1   0x000fc1       data     extern E:\3.46\pic18-lt\cxx-framework\src\traditional\proc\p18f46k20.asm
               ADCON1bits   0x000fc1       data     extern E:\3.46\pic18-lt\cxx-framework\src\traditional\proc\p18f46k20.asm
                   ADCON2   0x000fc0       data     extern E:\3.46\pic18-lt\cxx-framework\src\traditional\proc\p18f46k20.asm
               ADCON2bits   0x000fc0       data     extern E:\3.46\pic18-lt\cxx-framework\src\traditional\proc\p18f46k20.asm
                    ADRES   0x000fc3       data     extern E:\3.46\pic18-lt\cxx-framework\src\traditional\proc\p18f46k20.asm
                   ADRESH   0x000fc4       data     extern E:\3.46\pic18-lt\cxx-framework\src\traditional\proc\p18f46k20.asm
                   ADRESL   0x000fc3       data     extern E:\3.46\pic18-lt\cxx-framework\src\traditional\proc\p18f46k20.asm
                    ANSEL   0x000f7e       data     extern E:\3.46\pic18-lt\cxx-framework\src\traditional\proc\p18f46k20.asm
                   ANSELH   0x000f7f       data     extern E:\3.46\pic18-lt\cxx-framework\src\traditional\proc\p18f46k20.asm
               ANSELHbits   0x000f7f       data     extern E:\3.46\pic18-lt\cxx-framework\src\traditional\proc\p18f46k20.asm
                ANSELbits   0x000f7e       data     extern E:\3.46\pic18-lt\cxx-framework\src\traditional\proc\p18f46k20.asm
                  BAUDCON   0x000fb8       data     extern E:\3.46\pic18-lt\cxx-framework\src\traditional\proc\p18f46k20.asm
              BAUDCONbits   0x000fb8       data     extern E:\3.46\pic18-lt\cxx-framework\src\traditional\proc\p18f46k20.asm
                  BAUDCTL   0x000fb8       data     extern E:\3.46\pic18-lt\cxx-framework\src\traditional\proc\p18f46k20.asm
              BAUDCTLbits   0x000fb8       data     extern E:\3.46\pic18-lt\cxx-framework\src\traditional\proc\p18f46k20.asm
                      BSR   0x000fe0       data     extern E:\3.46\pic18-lt\cxx-framework\src\traditional\proc\p18f46k20.asm
                  CCP1CON   0x000fbd       data     extern E:\3.46\pic18-lt\cxx-framework\src\traditional\proc\p18f46k20.asm
              CCP1CONbits   0x000fbd       data     extern E:\3.46\pic18-lt\cxx-framework\src\traditional\proc\p18f46k20.asm
                  CCP2CON   0x000fba       data     extern E:\3.46\pic18-lt\cxx-framework\src\traditional\proc\p18f46k20.asm
              CCP2CONbits   0x000fba       data     extern E:\3.46\pic18-lt\cxx-framework\src\traditional\proc\p18f46k20.asm
                    CCPR1   0x000fbe       data     extern E:\3.46\pic18-lt\cxx-framework\src\traditional\proc\p18f46k20.asm
                   CCPR1H   0x000fbf       data     extern E:\3.46\pic18-lt\cxx-framework\src\traditional\proc\p18f46k20.asm
                   CCPR1L   0x000fbe       data     extern E:\3.46\pic18-lt\cxx-framework\src\traditional\proc\p18f46k20.asm
                    CCPR2   0x000fbb       data     extern E:\3.46\pic18-lt\cxx-framework\src\traditional\proc\p18f46k20.asm
                   CCPR2H   0x000fbc       data     extern E:\3.46\pic18-lt\cxx-framework\src\traditional\proc\p18f46k20.asm
                   CCPR2L   0x000fbb       data     extern E:\3.46\pic18-lt\cxx-framework\src\traditional\proc\p18f46k20.asm
                  CM1CON0   0x000f7b       data     extern E:\3.46\pic18-lt\cxx-framework\src\traditional\proc\p18f46k20.asm
              CM1CON0bits   0x000f7b       data     extern E:\3.46\pic18-lt\cxx-framework\src\traditional\proc\p18f46k20.asm
                  CM2CON0   0x000f7a       data     extern E:\3.46\pic18-lt\cxx-framework\src\traditional\proc\p18f46k20.asm
              CM2CON0bits   0x000f7a       data     extern E:\3.46\pic18-lt\cxx-framework\src\traditional\proc\p18f46k20.asm
                  CM2CON1   0x000f79       data     extern E:\3.46\pic18-lt\cxx-framework\src\traditional\proc\p18f46k20.asm
              CM2CON1bits   0x000f79       data     extern E:\3.46\pic18-lt\cxx-framework\src\traditional\proc\p18f46k20.asm
                   CVRCON   0x000fb5       data     extern E:\3.46\pic18-lt\cxx-framework\src\traditional\proc\p18f46k20.asm
                  CVRCON2   0x000fb4       data     extern E:\3.46\pic18-lt\cxx-framework\src\traditional\proc\p18f46k20.asm
              CVRCON2bits   0x000fb4       data     extern E:\3.46\pic18-lt\cxx-framework\src\traditional\proc\p18f46k20.asm
               CVRCONbits   0x000fb5       data     extern E:\3.46\pic18-lt\cxx-framework\src\traditional\proc\p18f46k20.asm
                     DDRA   0x000f92       data     extern E:\3.46\pic18-lt\cxx-framework\src\traditional\proc\p18f46k20.asm
                 DDRAbits   0x000f92       data     extern E:\3.46\pic18-lt\cxx-framework\src\traditional\proc\p18f46k20.asm
                     DDRB   0x000f93       data     extern E:\3.46\pic18-lt\cxx-framework\src\traditional\proc\p18f46k20.asm
                 DDRBbits   0x000f93       data     extern E:\3.46\pic18-lt\cxx-framework\src\traditional\proc\p18f46k20.asm
                     DDRC   0x000f94       data     extern E:\3.46\pic18-lt\cxx-framework\src\traditional\proc\p18f46k20.asm
                 DDRCbits   0x000f94       data     extern E:\3.46\pic18-lt\cxx-framework\src\traditional\proc\p18f46k20.asm
                     DDRD   0x000f95       data     extern E:\3.46\pic18-lt\cxx-framework\src\traditional\proc\p18f46k20.asm
                 DDRDbits   0x000f95       data     extern E:\3.46\pic18-lt\cxx-framework\src\traditional\proc\p18f46k20.asm
                     DDRE   0x000f96       data     extern E:\3.46\pic18-lt\cxx-framework\src\traditional\proc\p18f46k20.asm
                 DDREbits   0x000f96       data     extern E:\3.46\pic18-lt\cxx-framework\src\traditional\proc\p18f46k20.asm
            DelayCounter1   0x000018       data     extern E:\3.46\pic18-lt\cxx-framework\src\traditional\delays\delayd1.asm
                  ECCP1AS   0x000fb6       data     extern E:\3.46\pic18-lt\cxx-framework\src\traditional\proc\p18f46k20.asm
              ECCP1ASbits   0x000fb6       data     extern E:\3.46\pic18-lt\cxx-framework\src\traditional\proc\p18f46k20.asm
                    EEADR   0x000fa9       data     extern E:\3.46\pic18-lt\cxx-framework\src\traditional\proc\p18f46k20.asm
                   EEADRH   0x000faa       data     extern E:\3.46\pic18-lt\cxx-framework\src\traditional\proc\p18f46k20.asm
               EEADRHbits   0x000faa       data     extern E:\3.46\pic18-lt\cxx-framework\src\traditional\proc\p18f46k20.asm
                EEADRbits   0x000fa9       data     extern E:\3.46\pic18-lt\cxx-framework\src\traditional\proc\p18f46k20.asm
                   EECON1   0x000fa6       data     extern E:\3.46\pic18-lt\cxx-framework\src\traditional\proc\p18f46k20.asm
               EECON1bits   0x000fa6       data     extern E:\3.46\pic18-lt\cxx-framework\src\traditional\proc\p18f46k20.asm
                   EECON2   0x000fa7       data     extern E:\3.46\pic18-lt\cxx-framework\src\traditional\proc\p18f46k20.asm
                   EEDATA   0x000fa8       data     extern E:\3.46\pic18-lt\cxx-framework\src\traditional\proc\p18f46k20.asm
                     FSR0   0x000fe9       data     extern E:\3.46\pic18-lt\cxx-framework\src\traditional\proc\p18f46k20.asm
                    FSR0H   0x000fea       data     extern E:\3.46\pic18-lt\cxx-framework\src\traditional\proc\p18f46k20.asm
                    FSR0L   0x000fe9       data     extern E:\3.46\pic18-lt\cxx-framework\src\traditional\proc\p18f46k20.asm
                     FSR1   0x000fe1       data     extern E:\3.46\pic18-lt\cxx-framework\src\traditional\proc\p18f46k20.asm
                    FSR1H   0x000fe2       data     extern E:\3.46\pic18-lt\cxx-framework\src\traditional\proc\p18f46k20.asm
                    FSR1L   0x000fe1       data     extern E:\3.46\pic18-lt\cxx-framework\src\traditional\proc\p18f46k20.asm
                     FSR2   0x000fd9       data     extern E:\3.46\pic18-lt\cxx-framework\src\traditional\proc\p18f46k20.asm
                    FSR2H   0x000fda       data     extern E:\3.46\pic18-lt\cxx-framework\src\traditional\proc\p18f46k20.asm
                    FSR2L   0x000fd9       data     extern E:\3.46\pic18-lt\cxx-framework\src\traditional\proc\p18f46k20.asm
                  HLVDCON   0x000fd2       data     extern E:\3.46\pic18-lt\cxx-framework\src\traditional\proc\p18f46k20.asm
              HLVDCONbits   0x000fd2       data     extern E:\3.46\pic18-lt\cxx-framework\src\traditional\proc\p18f46k20.asm
                    INDF0   0x000fef       data     extern E:\3.46\pic18-lt\cxx-framework\src\traditional\proc\p18f46k20.asm
                    INDF1   0x000fe7       data     extern E:\3.46\pic18-lt\cxx-framework\src\traditional\proc\p18f46k20.asm
                    INDF2   0x000fdf       data     extern E:\3.46\pic18-lt\cxx-framework\src\traditional\proc\p18f46k20.asm
                   INTCON   0x000ff2       data     extern E:\3.46\pic18-lt\cxx-framework\src\traditional\proc\p18f46k20.asm
                  INTCON2   0x000ff1       data     extern E:\3.46\pic18-lt\cxx-framework\src\traditional\proc\p18f46k20.asm
              INTCON2bits   0x000ff1       data     extern E:\3.46\pic18-lt\cxx-framework\src\traditional\proc\p18f46k20.asm
                  INTCON3   0x000ff0       data     extern E:\3.46\pic18-lt\cxx-framework\src\traditional\proc\p18f46k20.asm
              INTCON3bits   0x000ff0       data     extern E:\3.46\pic18-lt\cxx-framework\src\traditional\proc\p18f46k20.asm
               INTCONbits   0x000ff2       data     extern E:\3.46\pic18-lt\cxx-framework\src\traditional\proc\p18f46k20.asm
                     IOCB   0x000f7d       data     extern E:\3.46\pic18-lt\cxx-framework\src\traditional\proc\p18f46k20.asm
                 IOCBbits   0x000f7d       data     extern E:\3.46\pic18-lt\cxx-framework\src\traditional\proc\p18f46k20.asm
                     IPR1   0x000f9f       data     extern E:\3.46\pic18-lt\cxx-framework\src\traditional\proc\p18f46k20.asm
                 IPR1bits   0x000f9f       data     extern E:\3.46\pic18-lt\cxx-framework\src\traditional\proc\p18f46k20.asm
                     IPR2   0x000fa2       data     extern E:\3.46\pic18-lt\cxx-framework\src\traditional\proc\p18f46k20.asm
                 IPR2bits   0x000fa2       data     extern E:\3.46\pic18-lt\cxx-framework\src\traditional\proc\p18f46k20.asm
                     LATA   0x000f89       data     extern E:\3.46\pic18-lt\cxx-framework\src\traditional\proc\p18f46k20.asm
                 LATAbits   0x000f89       data     extern E:\3.46\pic18-lt\cxx-framework\src\traditional\proc\p18f46k20.asm
                     LATB   0x000f8a       data     extern E:\3.46\pic18-lt\cxx-framework\src\traditional\proc\p18f46k20.asm
                 LATBbits   0x000f8a       data     extern E:\3.46\pic18-lt\cxx-framework\src\traditional\proc\p18f46k20.asm
                     LATC   0x000f8b       data     extern E:\3.46\pic18-lt\cxx-framework\src\traditional\proc\p18f46k20.asm
                 LATCbits   0x000f8b       data     extern E:\3.46\pic18-lt\cxx-framework\src\traditional\proc\p18f46k20.asm
                     LATD   0x000f8c       data     extern E:\3.46\pic18-lt\cxx-framework\src\traditional\proc\p18f46k20.asm
                 LATDbits   0x000f8c       data     extern E:\3.46\pic18-lt\cxx-framework\src\traditional\proc\p18f46k20.asm
                     LATE   0x000f8d       data     extern E:\3.46\pic18-lt\cxx-framework\src\traditional\proc\p18f46k20.asm
                 LATEbits   0x000f8d       data     extern E:\3.46\pic18-lt\cxx-framework\src\traditional\proc\p18f46k20.asm
                   LVDCON   0x000fd2       data     extern E:\3.46\pic18-lt\cxx-framework\src\traditional\proc\p18f46k20.asm
               LVDCONbits   0x000fd2       data     extern E:\3.46\pic18-lt\cxx-framework\src\traditional\proc\p18f46k20.asm
                   OSCCON   0x000fd3       data     extern E:\3.46\pic18-lt\cxx-framework\src\traditional\proc\p18f46k20.asm
               OSCCONbits   0x000fd3       data     extern E:\3.46\pic18-lt\cxx-framework\src\traditional\proc\p18f46k20.asm
                  OSCTUNE   0x000f9b       data     extern E:\3.46\pic18-lt\cxx-framework\src\traditional\proc\p18f46k20.asm
              OSCTUNEbits   0x000f9b       data     extern E:\3.46\pic18-lt\cxx-framework\src\traditional\proc\p18f46k20.asm
                       Ok   0x000092       data     extern F:\PROJECT\MPLABX\RF\RF315-Main\RF315Coordinator.X\RFCoordinator.c
            PATABLE_VALUE   0x0000c3       data     extern F:\PROJECT\MPLABX\RF\RF315-Main\RF315Coordinator.X\CC1101\CC1101.c
                       PC   0x000ff9       data     extern E:\3.46\pic18-lt\cxx-framework\src\traditional\proc\p18f46k20.asm
                      PCL   0x000ff9       data     extern E:\3.46\pic18-lt\cxx-framework\src\traditional\proc\p18f46k20.asm
                   PCLATH   0x000ffa       data     extern E:\3.46\pic18-lt\cxx-framework\src\traditional\proc\p18f46k20.asm
                   PCLATU   0x000ffb       data     extern E:\3.46\pic18-lt\cxx-framework\src\traditional\proc\p18f46k20.asm
                     PIE1   0x000f9d       data     extern E:\3.46\pic18-lt\cxx-framework\src\traditional\proc\p18f46k20.asm
                 PIE1bits   0x000f9d       data     extern E:\3.46\pic18-lt\cxx-framework\src\traditional\proc\p18f46k20.asm
                     PIE2   0x000fa0       data     extern E:\3.46\pic18-lt\cxx-framework\src\traditional\proc\p18f46k20.asm
                 PIE2bits   0x000fa0       data     extern E:\3.46\pic18-lt\cxx-framework\src\traditional\proc\p18f46k20.asm
                     PIR1   0x000f9e       data     extern E:\3.46\pic18-lt\cxx-framework\src\traditional\proc\p18f46k20.asm
                 PIR1bits   0x000f9e       data     extern E:\3.46\pic18-lt\cxx-framework\src\traditional\proc\p18f46k20.asm
                     PIR2   0x000fa1       data     extern E:\3.46\pic18-lt\cxx-framework\src\traditional\proc\p18f46k20.asm
                 PIR2bits   0x000fa1       data     extern E:\3.46\pic18-lt\cxx-framework\src\traditional\proc\p18f46k20.asm
                   PLUSW0   0x000feb       data     extern E:\3.46\pic18-lt\cxx-framework\src\traditional\proc\p18f46k20.asm
                   PLUSW1   0x000fe3       data     extern E:\3.46\pic18-lt\cxx-framework\src\traditional\proc\p18f46k20.asm
                   PLUSW2   0x000fdb       data     extern E:\3.46\pic18-lt\cxx-framework\src\traditional\proc\p18f46k20.asm
                    PORTA   0x000f80       data     extern E:\3.46\pic18-lt\cxx-framework\src\traditional\proc\p18f46k20.asm
                PORTAbits   0x000f80       data     extern E:\3.46\pic18-lt\cxx-framework\src\traditional\proc\p18f46k20.asm
                    PORTB   0x000f81       data     extern E:\3.46\pic18-lt\cxx-framework\src\traditional\proc\p18f46k20.asm
                PORTBbits   0x000f81       data     extern E:\3.46\pic18-lt\cxx-framework\src\traditional\proc\p18f46k20.asm
                    PORTC   0x000f82       data     extern E:\3.46\pic18-lt\cxx-framework\src\traditional\proc\p18f46k20.asm
                PORTCbits   0x000f82       data     extern E:\3.46\pic18-lt\cxx-framework\src\traditional\proc\p18f46k20.asm
                    PORTD   0x000f83       data     extern E:\3.46\pic18-lt\cxx-framework\src\traditional\proc\p18f46k20.asm
                PORTDbits   0x000f83       data     extern E:\3.46\pic18-lt\cxx-framework\src\traditional\proc\p18f46k20.asm
                    PORTE   0x000f84       data     extern E:\3.46\pic18-lt\cxx-framework\src\traditional\proc\p18f46k20.asm
                PORTEbits   0x000f84       data     extern E:\3.46\pic18-lt\cxx-framework\src\traditional\proc\p18f46k20.asm
                 POSTDEC0   0x000fed       data     extern E:\3.46\pic18-lt\cxx-framework\src\traditional\proc\p18f46k20.asm
                 POSTDEC1   0x000fe5       data     extern E:\3.46\pic18-lt\cxx-framework\src\traditional\proc\p18f46k20.asm
                 POSTDEC2   0x000fdd       data     extern E:\3.46\pic18-lt\cxx-framework\src\traditional\proc\p18f46k20.asm
                 POSTINC0   0x000fee       data     extern E:\3.46\pic18-lt\cxx-framework\src\traditional\proc\p18f46k20.asm
                 POSTINC1   0x000fe6       data     extern E:\3.46\pic18-lt\cxx-framework\src\traditional\proc\p18f46k20.asm
                 POSTINC2   0x000fde       data     extern E:\3.46\pic18-lt\cxx-framework\src\traditional\proc\p18f46k20.asm
                      PR2   0x000fcb       data     extern E:\3.46\pic18-lt\cxx-framework\src\traditional\proc\p18f46k20.asm
                  PREINC0   0x000fec       data     extern E:\3.46\pic18-lt\cxx-framework\src\traditional\proc\p18f46k20.asm
                  PREINC1   0x000fe4       data     extern E:\3.46\pic18-lt\cxx-framework\src\traditional\proc\p18f46k20.asm
                  PREINC2   0x000fdc       data     extern E:\3.46\pic18-lt\cxx-framework\src\traditional\proc\p18f46k20.asm
                     PROD   0x000ff3       data     extern E:\3.46\pic18-lt\cxx-framework\src\traditional\proc\p18f46k20.asm
                    PRODH   0x000ff4       data     extern E:\3.46\pic18-lt\cxx-framework\src\traditional\proc\p18f46k20.asm
                    PRODL   0x000ff3       data     extern E:\3.46\pic18-lt\cxx-framework\src\traditional\proc\p18f46k20.asm
                  PSTRCON   0x000fb9       data     extern E:\3.46\pic18-lt\cxx-framework\src\traditional\proc\p18f46k20.asm
              PSTRCONbits   0x000fb9       data     extern E:\3.46\pic18-lt\cxx-framework\src\traditional\proc\p18f46k20.asm
                  PWM1CON   0x000fb7       data     extern E:\3.46\pic18-lt\cxx-framework\src\traditional\proc\p18f46k20.asm
              PWM1CONbits   0x000fb7       data     extern E:\3.46\pic18-lt\cxx-framework\src\traditional\proc\p18f46k20.asm
                     RCON   0x000fd0       data     extern E:\3.46\pic18-lt\cxx-framework\src\traditional\proc\p18f46k20.asm
                 RCONbits   0x000fd0       data     extern E:\3.46\pic18-lt\cxx-framework\src\traditional\proc\p18f46k20.asm
                    RCREG   0x000fae       data     extern E:\3.46\pic18-lt\cxx-framework\src\traditional\proc\p18f46k20.asm
                    RCSTA   0x000fab       data     extern E:\3.46\pic18-lt\cxx-framework\src\traditional\proc\p18f46k20.asm
                RCSTAbits   0x000fab       data     extern E:\3.46\pic18-lt\cxx-framework\src\traditional\proc\p18f46k20.asm
                     SIGN   0x000000       data     extern E:\3.46\pic18-lt\cxx-framework\src\traditional\math\cmath18.asm
                   SLRCON   0x000f78       data     extern E:\3.46\pic18-lt\cxx-framework\src\traditional\proc\p18f46k20.asm
               SLRCONbits   0x000f78       data     extern E:\3.46\pic18-lt\cxx-framework\src\traditional\proc\p18f46k20.asm
                    SPBRG   0x000faf       data     extern E:\3.46\pic18-lt\cxx-framework\src\traditional\proc\p18f46k20.asm
                   SPBRGH   0x000fb0       data     extern E:\3.46\pic18-lt\cxx-framework\src\traditional\proc\p18f46k20.asm
                   SSPADD   0x000fc8       data     extern E:\3.46\pic18-lt\cxx-framework\src\traditional\proc\p18f46k20.asm
                   SSPBUF   0x000fc9       data     extern E:\3.46\pic18-lt\cxx-framework\src\traditional\proc\p18f46k20.asm
                  SSPCON1   0x000fc6       data     extern E:\3.46\pic18-lt\cxx-framework\src\traditional\proc\p18f46k20.asm
              SSPCON1bits   0x000fc6       data     extern E:\3.46\pic18-lt\cxx-framework\src\traditional\proc\p18f46k20.asm
                  SSPCON2   0x000fc5       data     extern E:\3.46\pic18-lt\cxx-framework\src\traditional\proc\p18f46k20.asm
              SSPCON2bits   0x000fc5       data     extern E:\3.46\pic18-lt\cxx-framework\src\traditional\proc\p18f46k20.asm
                   SSPMSK   0x000f77       data     extern E:\3.46\pic18-lt\cxx-framework\src\traditional\proc\p18f46k20.asm
               SSPMSKbits   0x000f77       data     extern E:\3.46\pic18-lt\cxx-framework\src\traditional\proc\p18f46k20.asm
                  SSPSTAT   0x000fc7       data     extern E:\3.46\pic18-lt\cxx-framework\src\traditional\proc\p18f46k20.asm
              SSPSTATbits   0x000fc7       data     extern E:\3.46\pic18-lt\cxx-framework\src\traditional\proc\p18f46k20.asm
                   STATUS   0x000fd8       data     extern E:\3.46\pic18-lt\cxx-framework\src\traditional\proc\p18f46k20.asm
               STATUSbits   0x000fd8       data     extern E:\3.46\pic18-lt\cxx-framework\src\traditional\proc\p18f46k20.asm
                   STKPTR   0x000ffc       data     extern E:\3.46\pic18-lt\cxx-framework\src\traditional\proc\p18f46k20.asm
               STKPTRbits   0x000ffc       data     extern E:\3.46\pic18-lt\cxx-framework\src\traditional\proc\p18f46k20.asm
                    T0CON   0x000fd5       data     extern E:\3.46\pic18-lt\cxx-framework\src\traditional\proc\p18f46k20.asm
                T0CONbits   0x000fd5       data     extern E:\3.46\pic18-lt\cxx-framework\src\traditional\proc\p18f46k20.asm
                    T1CON   0x000fcd       data     extern E:\3.46\pic18-lt\cxx-framework\src\traditional\proc\p18f46k20.asm
                T1CONbits   0x000fcd       data     extern E:\3.46\pic18-lt\cxx-framework\src\traditional\proc\p18f46k20.asm
                    T2CON   0x000fca       data     extern E:\3.46\pic18-lt\cxx-framework\src\traditional\proc\p18f46k20.asm
                T2CONbits   0x000fca       data     extern E:\3.46\pic18-lt\cxx-framework\src\traditional\proc\p18f46k20.asm
                    T3CON   0x000fb1       data     extern E:\3.46\pic18-lt\cxx-framework\src\traditional\proc\p18f46k20.asm
                T3CONbits   0x000fb1       data     extern E:\3.46\pic18-lt\cxx-framework\src\traditional\proc\p18f46k20.asm
                   TABLAT   0x000ff5       data     extern E:\3.46\pic18-lt\cxx-framework\src\traditional\proc\p18f46k20.asm
                   TBLPTR   0x000ff6       data     extern E:\3.46\pic18-lt\cxx-framework\src\traditional\proc\p18f46k20.asm
                  TBLPTRH   0x000ff7       data     extern E:\3.46\pic18-lt\cxx-framework\src\traditional\proc\p18f46k20.asm
                  TBLPTRL   0x000ff6       data     extern E:\3.46\pic18-lt\cxx-framework\src\traditional\proc\p18f46k20.asm
                  TBLPTRU   0x000ff8       data     extern E:\3.46\pic18-lt\cxx-framework\src\traditional\proc\p18f46k20.asm
                    TMR0H   0x000fd7       data     extern E:\3.46\pic18-lt\cxx-framework\src\traditional\proc\p18f46k20.asm
                    TMR0L   0x000fd6       data     extern E:\3.46\pic18-lt\cxx-framework\src\traditional\proc\p18f46k20.asm
                    TMR1H   0x000fcf       data     extern E:\3.46\pic18-lt\cxx-framework\src\traditional\proc\p18f46k20.asm
                    TMR1L   0x000fce       data     extern E:\3.46\pic18-lt\cxx-framework\src\traditional\proc\p18f46k20.asm
                     TMR2   0x000fcc       data     extern E:\3.46\pic18-lt\cxx-framework\src\traditional\proc\p18f46k20.asm
                    TMR3H   0x000fb3       data     extern E:\3.46\pic18-lt\cxx-framework\src\traditional\proc\p18f46k20.asm
                    TMR3L   0x000fb2       data     extern E:\3.46\pic18-lt\cxx-framework\src\traditional\proc\p18f46k20.asm
                      TOS   0x000ffd       data     extern E:\3.46\pic18-lt\cxx-framework\src\traditional\proc\p18f46k20.asm
                     TOSH   0x000ffe       data     extern E:\3.46\pic18-lt\cxx-framework\src\traditional\proc\p18f46k20.asm
                     TOSL   0x000ffd       data     extern E:\3.46\pic18-lt\cxx-framework\src\traditional\proc\p18f46k20.asm
                     TOSU   0x000fff       data     extern E:\3.46\pic18-lt\cxx-framework\src\traditional\proc\p18f46k20.asm
                    TRISA   0x000f92       data     extern E:\3.46\pic18-lt\cxx-framework\src\traditional\proc\p18f46k20.asm
                TRISAbits   0x000f92       data     extern E:\3.46\pic18-lt\cxx-framework\src\traditional\proc\p18f46k20.asm
                    TRISB   0x000f93       data     extern E:\3.46\pic18-lt\cxx-framework\src\traditional\proc\p18f46k20.asm
                TRISBbits   0x000f93       data     extern E:\3.46\pic18-lt\cxx-framework\src\traditional\proc\p18f46k20.asm
                    TRISC   0x000f94       data     extern E:\3.46\pic18-lt\cxx-framework\src\traditional\proc\p18f46k20.asm
                TRISCbits   0x000f94       data     extern E:\3.46\pic18-lt\cxx-framework\src\traditional\proc\p18f46k20.asm
                    TRISD   0x000f95       data     extern E:\3.46\pic18-lt\cxx-framework\src\traditional\proc\p18f46k20.asm
                TRISDbits   0x000f95       data     extern E:\3.46\pic18-lt\cxx-framework\src\traditional\proc\p18f46k20.asm
                    TRISE   0x000f96       data     extern E:\3.46\pic18-lt\cxx-framework\src\traditional\proc\p18f46k20.asm
                TRISEbits   0x000f96       data     extern E:\3.46\pic18-lt\cxx-framework\src\traditional\proc\p18f46k20.asm
                    TXREG   0x000fad       data     extern E:\3.46\pic18-lt\cxx-framework\src\traditional\proc\p18f46k20.asm
                    TXSTA   0x000fac       data     extern E:\3.46\pic18-lt\cxx-framework\src\traditional\proc\p18f46k20.asm
                TXSTAbits   0x000fac       data     extern E:\3.46\pic18-lt\cxx-framework\src\traditional\proc\p18f46k20.asm
             USART_Status   0x000f50       data     extern E:\3.46\pic18-lt\cxx-framework\src\pmc_common\USART\udefs.c
                        W   0x000fe8       data     extern E:\3.46\pic18-lt\cxx-framework\src\traditional\proc\p18f46k20.asm
                   WDTCON   0x000fd1       data     extern E:\3.46\pic18-lt\cxx-framework\src\traditional\proc\p18f46k20.asm
               WDTCONbits   0x000fd1       data     extern E:\3.46\pic18-lt\cxx-framework\src\traditional\proc\p18f46k20.asm
                     WPUB   0x000f7c       data     extern E:\3.46\pic18-lt\cxx-framework\src\traditional\proc\p18f46k20.asm
                 WPUBbits   0x000f7c       data     extern E:\3.46\pic18-lt\cxx-framework\src\traditional\proc\p18f46k20.asm
                     WREG   0x000fe8       data     extern E:\3.46\pic18-lt\cxx-framework\src\traditional\proc\p18f46k20.asm
                     Wsan   0x000094       data     extern F:\PROJECT\MPLABX\RF\RF315-Main\RF315Coordinator.X\RFCoordinator.c
                 __AARGB0   0x000009       data     extern E:\3.46\pic18-lt\cxx-framework\src\traditional\math\aarg.asm
                 __AARGB1   0x000008       data     extern E:\3.46\pic18-lt\cxx-framework\src\traditional\math\aarg.asm
                 __AARGB2   0x000007       data     extern E:\3.46\pic18-lt\cxx-framework\src\traditional\math\aarg.asm
                 __AARGB3   0x000006       data     extern E:\3.46\pic18-lt\cxx-framework\src\traditional\math\aarg.asm
                 __AARGB4   0x000005       data     extern E:\3.46\pic18-lt\cxx-framework\src\traditional\math\aarg.asm
                 __AARGB5   0x000004       data     extern E:\3.46\pic18-lt\cxx-framework\src\traditional\math\aarg.asm
                 __AARGB6   0x000003       data     extern E:\3.46\pic18-lt\cxx-framework\src\traditional\math\aarg.asm
                 __AARGB7   0x000002       data     extern E:\3.46\pic18-lt\cxx-framework\src\traditional\math\aarg.asm
                   __AEXP   0x00000a       data     extern E:\3.46\pic18-lt\cxx-framework\src\traditional\math\aarg.asm
                 __BARGB0   0x00000e       data     extern E:\3.46\pic18-lt\cxx-framework\src\traditional\math\barg.asm
                 __BARGB1   0x00000d       data     extern E:\3.46\pic18-lt\cxx-framework\src\traditional\math\barg.asm
                 __BARGB2   0x00000c       data     extern E:\3.46\pic18-lt\cxx-framework\src\traditional\math\barg.asm
                 __BARGB3   0x00000b       data     extern E:\3.46\pic18-lt\cxx-framework\src\traditional\math\barg.asm
                   __BEXP   0x00000f       data     extern E:\3.46\pic18-lt\cxx-framework\src\traditional\math\barg.asm
                __FPFLAGS   0x000001       data     extern E:\3.46\pic18-lt\cxx-framework\src\traditional\math\cmath18.asm
            __FPFLAGSbits   0x000001       data     extern E:\3.46\pic18-lt\cxx-framework\src\traditional\math\cmath18.asm
                  __REMB0   0x000005       data     extern E:\3.46\pic18-lt\cxx-framework\src\traditional\math\aarg.asm
                  __REMB1   0x000004       data     extern E:\3.46\pic18-lt\cxx-framework\src\traditional\math\aarg.asm
                  __REMB2   0x000003       data     extern E:\3.46\pic18-lt\cxx-framework\src\traditional\math\aarg.asm
                  __REMB3   0x000002       data     extern E:\3.46\pic18-lt\cxx-framework\src\traditional\math\aarg.asm
                   __TEMP   0x000013       data     extern E:\3.46\pic18-lt\cxx-framework\src\traditional\math\temparg.asm
                 __TEMPB0   0x000013       data     extern E:\3.46\pic18-lt\cxx-framework\src\traditional\math\temparg.asm
                 __TEMPB1   0x000012       data     extern E:\3.46\pic18-lt\cxx-framework\src\traditional\math\temparg.asm
                 __TEMPB2   0x000011       data     extern E:\3.46\pic18-lt\cxx-framework\src\traditional\math\temparg.asm
                 __TEMPB3   0x000010       data     extern E:\3.46\pic18-lt\cxx-framework\src\traditional\math\temparg.asm
                  __tmp_0   0x000014       data     static F:\PROJECT\MPLABX\RF\RF315-Main\RF315Coordinator.X\LCD\LCD.c
                  __tmp_0   0x000014       data     static F:\PROJECT\MPLABX\RF\RF315-Main\RF315Coordinator.X\SPI\SPI.c
                  __tmp_0   0x000014       data     static F:\PROJECT\MPLABX\RF\RF315-Main\RF315Coordinator.X\CC1101\CC1101.c
                  __tmp_0   0x000014       data     static E:\3.46\pic18-lt\cxx-framework\src\pmc_common\USART\uopen.c
                  __tmp_0   0x000014       data     static F:\PROJECT\MPLABX\RF\RF315-Main\RF315Coordinator.X\RFCoordinator.c
                  __tmp_0   0x000014       data     static F:\PROJECT\MPLABX\RF\RF315-Main\RF315Coordinator.X\UART\UART.c
                   buffer   0x000062       data     extern F:\PROJECT\MPLABX\RF\RF315-Main\RF315Coordinator.X\RFCoordinator.c
                        c   0x00009b       data     extern F:\PROJECT\MPLABX\RF\RF315-Main\RF315Coordinator.X\RFCoordinator.c
           chip_status_rx   0x000060       data     extern F:\PROJECT\MPLABX\RF\RF315-Main\RF315Coordinator.X\RFCoordinator.c
           chip_status_tx   0x000061       data     extern F:\PROJECT\MPLABX\RF\RF315-Main\RF315Coordinator.X\RFCoordinator.c
                    count   0x000f33       data     extern F:\PROJECT\MPLABX\RF\RF315-Main\RF315Coordinator.X\RFCoordinator.c
                curr_byte   0x000f47       data     static E:\3.46\pic18-lt\cxx-framework\src\traditional\startup\c018i.c
               curr_entry   0x000f49       data     static E:\3.46\pic18-lt\cxx-framework\src\traditional\startup\c018i.c
                        d   0x00009d       data     extern F:\PROJECT\MPLABX\RF\RF315-Main\RF315Coordinator.X\RFCoordinator.c
                       d1   0x000093       data     extern F:\PROJECT\MPLABX\RF\RF315-Main\RF315Coordinator.X\RFCoordinator.c
                 data_ptr   0x000f4b       data     static E:\3.46\pic18-lt\cxx-framework\src\traditional\startup\c018i.c
                     flag   0x00009a       data     extern F:\PROJECT\MPLABX\RF\RF315-Main\RF315Coordinator.X\RFCoordinator.c
                      lqi   0x000f4f       data     static F:\PROJECT\MPLABX\RF\RF315-Main\RF315Coordinator.X\CC1101\CC1101.c
                     prom   0x000f44       data     static E:\3.46\pic18-lt\cxx-framework\src\traditional\startup\c018i.c
               rfSettings   0x00009f       data     extern F:\PROJECT\MPLABX\RF\RF315-Main\RF315Coordinator.X\CC1101\CC1101.c
                     rssi   0x000f4e       data     static F:\PROJECT\MPLABX\RF\RF315-Main\RF315Coordinator.X\CC1101\CC1101.c
                     str1   0x000f05       data     extern F:\PROJECT\MPLABX\RF\RF315-Main\RF315Coordinator.X\RFCoordinator.c
                     str2   0x000f0d       data     extern F:\PROJECT\MPLABX\RF\RF315-Main\RF315Coordinator.X\RFCoordinator.c
                  success   0x000f35       data     extern F:\PROJECT\MPLABX\RF\RF315-Main\RF315Coordinator.X\RFCoordinator.c
                     temp   0x000f23       data     extern F:\PROJECT\MPLABX\RF\RF315-Main\RF315Coordinator.X\RFCoordinator.c
                  warning   0x000f15       data     extern F:\PROJECT\MPLABX\RF\RF315-Main\RF315Coordinator.X\RFCoordinator.c
                     wsan   0x000f00       data     extern F:\PROJECT\MPLABX\RF\RF315-Main\RF315Coordinator.X\RFCoordinator.c



                              Symbols - Sorted by Address
                     Name    Address   Location    Storage File                     
                ---------  ---------  ---------  --------- ---------                
                   _entry   0x000000    program     extern E:\3.46\pic18-lt\cxx-framework\src\traditional\startup\c018i.c
       ___return_lbl00000   0x000004    program     static                          
                   __init   0x000006    program     extern E:\3.46\pic18-lt\cxx-framework\src\traditional\stdclib\__init.c
         interrupt_vector   0x000018    program     extern F:\PROJECT\MPLABX\RF\RF315-Main\RF315Coordinator.X\RFCoordinator.c
       ___return_lbl00027   0x00001c    program     static                          
                 Delay2us   0x000038    program     extern F:\PROJECT\MPLABX\RF\RF315-Main\RF315Coordinator.X\CC1101\CC1101.c
       ___return_lbl00000   0x000040    program     static                          
                Delay41us   0x000042    program     extern F:\PROJECT\MPLABX\RF\RF315-Main\RF315Coordinator.X\CC1101\CC1101.c
       ___return_lbl00001   0x000050    program     static                          
          writeRFSettings   0x000052    program     extern F:\PROJECT\MPLABX\RF\RF315-Main\RF315Coordinator.X\CC1101\CC1101.c
            writeRFConfig   0x000272    program     extern F:\PROJECT\MPLABX\RF\RF315-Main\RF315Coordinator.X\CC1101\CC1101.c
             CC1101_Reset   0x00045a    program     extern F:\PROJECT\MPLABX\RF\RF315-Main\RF315Coordinator.X\CC1101\CC1101.c
           CC1101_PowerUp   0x000472    program     extern F:\PROJECT\MPLABX\RF\RF315-Main\RF315Coordinator.X\CC1101\CC1101.c
       ___return_lbl00007   0x000484    program     static                          
            CC1101_Strobe   0x000486    program     extern F:\PROJECT\MPLABX\RF\RF315-Main\RF315Coordinator.X\CC1101\CC1101.c
        CC1101_ReadStatus   0x0004c0    program     extern F:\PROJECT\MPLABX\RF\RF315-Main\RF315Coordinator.X\CC1101\CC1101.c
            CC1101_Config   0x000500    program     extern F:\PROJECT\MPLABX\RF\RF315-Main\RF315Coordinator.X\CC1101\CC1101.c
   CC1101_WriteRfSettings   0x00052c    program     extern F:\PROJECT\MPLABX\RF\RF315-Main\RF315Coordinator.X\CC1101\CC1101.c
           CC1101_ReadReg   0x0009f6    program     extern F:\PROJECT\MPLABX\RF\RF315-Main\RF315Coordinator.X\CC1101\CC1101.c
      CC1101_ReadBurstReg   0x000a3e    program     extern F:\PROJECT\MPLABX\RF\RF315-Main\RF315Coordinator.X\CC1101\CC1101.c
          CC1101_WriteReg   0x000ab4    program     extern F:\PROJECT\MPLABX\RF\RF315-Main\RF315Coordinator.X\CC1101\CC1101.c
     CC1101_WriteBurstReg   0x000af6    program     extern F:\PROJECT\MPLABX\RF\RF315-Main\RF315Coordinator.X\CC1101\CC1101.c
            CC1101_RdRSSI   0x000b5e    program     extern F:\PROJECT\MPLABX\RF\RF315-Main\RF315Coordinator.X\CC1101\CC1101.c
             CC1101_RdLQI   0x000bb2    program     extern F:\PROJECT\MPLABX\RF\RF315-Main\RF315Coordinator.X\CC1101\CC1101.c
       CC1101_RxFifoEmpty   0x000bd4    program     extern F:\PROJECT\MPLABX\RF\RF315-Main\RF315Coordinator.X\CC1101\CC1101.c
       CC1101_TxFifoEmpty   0x000c1a    program     extern F:\PROJECT\MPLABX\RF\RF315-Main\RF315Coordinator.X\CC1101\CC1101.c
  CC1101_ReadChipStatusTX   0x000c60    program     extern F:\PROJECT\MPLABX\RF\RF315-Main\RF315Coordinator.X\CC1101\CC1101.c
  CC1101_ReadChipStatusRX   0x000c6a    program     extern F:\PROJECT\MPLABX\RF\RF315-Main\RF315Coordinator.X\CC1101\CC1101.c
           CC1101_FlushRX   0x000ca6    program     extern F:\PROJECT\MPLABX\RF\RF315-Main\RF315Coordinator.X\CC1101\CC1101.c
           CC1101_FlushTX   0x000cbc    program     extern F:\PROJECT\MPLABX\RF\RF315-Main\RF315Coordinator.X\CC1101\CC1101.c
            CC1101_RXMode   0x000cd2    program     extern F:\PROJECT\MPLABX\RF\RF315-Main\RF315Coordinator.X\CC1101\CC1101.c
              CC1101_Init   0x000ce8    program     extern F:\PROJECT\MPLABX\RF\RF315-Main\RF315Coordinator.X\CC1101\CC1101.c
       ___return_lbl00053   0x000d00    program     static                          
     CC1101_ReceivePacket   0x000d02    program     extern F:\PROJECT\MPLABX\RF\RF315-Main\RF315Coordinator.X\CC1101\CC1101.c
        CC1101_SendPacket   0x000de6    program     extern F:\PROJECT\MPLABX\RF\RF315-Main\RF315Coordinator.X\CC1101\CC1101.c
       CC1101_SendPackets   0x000e98    program     extern F:\PROJECT\MPLABX\RF\RF315-Main\RF315Coordinator.X\CC1101\CC1101.c
               Init_PORTS   0x000f52    program     extern F:\PROJECT\MPLABX\RF\RF315-Main\RF315Coordinator.X\LCD\LCD.c
                 Init_LCD   0x000f62    program     extern F:\PROJECT\MPLABX\RF\RF315-Main\RF315Coordinator.X\LCD\LCD.c
                   LCD_OK   0x000fb6    program     extern F:\PROJECT\MPLABX\RF\RF315-Main\RF315Coordinator.X\LCD\LCD.c
                  LCD_CMD   0x000ffa    program     extern F:\PROJECT\MPLABX\RF\RF315-Main\RF315Coordinator.X\LCD\LCD.c
                 LCD_DATA   0x001140    program     extern F:\PROJECT\MPLABX\RF\RF315-Main\RF315Coordinator.X\LCD\LCD.c
                lcd_clear   0x001286    program     extern F:\PROJECT\MPLABX\RF\RF315-Main\RF315Coordinator.X\LCD\LCD.c
                lcd_putch   0x001290    program     extern F:\PROJECT\MPLABX\RF\RF315-Main\RF315Coordinator.X\LCD\LCD.c
               lcd_putstr   0x0012aa    program     extern F:\PROJECT\MPLABX\RF\RF315-Main\RF315Coordinator.X\LCD\LCD.c
               lcd_gotoxy   0x0012f4    program     extern F:\PROJECT\MPLABX\RF\RF315-Main\RF315Coordinator.X\LCD\LCD.c
             LCD_IN_INTER   0x001372    program     extern F:\PROJECT\MPLABX\RF\RF315-Main\RF315Coordinator.X\LCD\LCD.c
                  lcd_int   0x00152c    program     extern F:\PROJECT\MPLABX\RF\RF315-Main\RF315Coordinator.X\LCD\LCD.c
             LCD_IN_FLOAT   0x0015a4    program     extern F:\PROJECT\MPLABX\RF\RF315-Main\RF315Coordinator.X\LCD\LCD.c
                     main   0x0017ca    program     extern F:\PROJECT\MPLABX\RF\RF315-Main\RF315Coordinator.X\RFCoordinator.c
                Timer_Isr   0x001a68    program     extern F:\PROJECT\MPLABX\RF\RF315-Main\RF315Coordinator.X\RFCoordinator.c
                 SendData   0x001a9a    program     extern F:\PROJECT\MPLABX\RF\RF315-Main\RF315Coordinator.X\RFCoordinator.c
                    FPM32   0x001b46    program     extern E:\3.46\pic18-lt\cxx-framework\src\traditional\math\mulFP.asm
                 jANotInf   0x001b64    program     static E:\3.46\pic18-lt\cxx-framework\src\traditional\math\mulFP.asm
              jBothFinite   0x001b72    program     static E:\3.46\pic18-lt\cxx-framework\src\traditional\math\mulFP.asm
                jHaveZero   0x001b7a    program     static E:\3.46\pic18-lt\cxx-framework\src\traditional\math\mulFP.asm
             jBothNotZero   0x001b7e    program     static E:\3.46\pic18-lt\cxx-framework\src\traditional\math\mulFP.asm
                 FXD0808S   0x001c20    program     extern E:\3.46\pic18-lt\cxx-framework\src\traditional\math\fxd0808s.asm
                  DA0808S   0x001c2c    program     static E:\3.46\pic18-lt\cxx-framework\src\traditional\math\fxd0808s.asm
                   D0808S   0x001c36    program     static E:\3.46\pic18-lt\cxx-framework\src\traditional\math\fxd0808s.asm
                 D0808SOK   0x001c40    program     static E:\3.46\pic18-lt\cxx-framework\src\traditional\math\fxd0808s.asm
                D0808SNEG   0x001c44    program     static E:\3.46\pic18-lt\cxx-framework\src\traditional\math\fxd0808s.asm
                  D0808SX   0x001c4a    program     static E:\3.46\pic18-lt\cxx-framework\src\traditional\math\fxd0808s.asm
                  INT3216   0x001c54    program     extern E:\3.46\pic18-lt\cxx-framework\src\traditional\math\castFP16.asm
                     jMax   0x001c64    program     static E:\3.46\pic18-lt\cxx-framework\src\traditional\math\castFP16.asm
                  jMaxPos   0x001c68    program     static E:\3.46\pic18-lt\cxx-framework\src\traditional\math\castFP16.asm
                  jMaxNeg   0x001c72    program     static E:\3.46\pic18-lt\cxx-framework\src\traditional\math\castFP16.asm
                    jZero   0x001c7a    program     static E:\3.46\pic18-lt\cxx-framework\src\traditional\math\castFP16.asm
                  jNotInf   0x001c80    program     static E:\3.46\pic18-lt\cxx-framework\src\traditional\math\castFP16.asm
                    jLoop   0x001c90    program     static E:\3.46\pic18-lt\cxx-framework\src\traditional\math\castFP16.asm
                jLoopExit   0x001ca0    program     static E:\3.46\pic18-lt\cxx-framework\src\traditional\math\castFP16.asm
                    jExit   0x001cb0    program     static E:\3.46\pic18-lt\cxx-framework\src\traditional\math\castFP16.asm
            __FpReturnNaN   0x001cb2    program     extern E:\3.46\pic18-lt\cxx-framework\src\traditional\math\packFP.asm
                 __FpExit   0x001cbe    program     extern E:\3.46\pic18-lt\cxx-framework\src\traditional\math\packFP.asm
        __FpReturnSignInf   0x001cc0    program     extern E:\3.46\pic18-lt\cxx-framework\src\traditional\math\packFP.asm
         __FpReturnNegInf   0x001cc4    program     extern E:\3.46\pic18-lt\cxx-framework\src\traditional\math\packFP.asm
         __FpReturnPosInf   0x001cca    program     extern E:\3.46\pic18-lt\cxx-framework\src\traditional\math\packFP.asm
           jReturnPosInf0   0x001cce    program     static E:\3.46\pic18-lt\cxx-framework\src\traditional\math\packFP.asm
               jZero1and2   0x001cd2    program     static E:\3.46\pic18-lt\cxx-framework\src\traditional\math\packFP.asm
       __FpReturnSignZero   0x001cd8    program     extern E:\3.46\pic18-lt\cxx-framework\src\traditional\math\packFP.asm
        __FpReturnNegZero   0x001cdc    program     extern E:\3.46\pic18-lt\cxx-framework\src\traditional\math\packFP.asm
        __FpReturnPosZero   0x001ce4    program     extern E:\3.46\pic18-lt\cxx-framework\src\traditional\math\packFP.asm
                 __FpPack   0x001cea    program     extern E:\3.46\pic18-lt\cxx-framework\src\traditional\math\packFP.asm
                  jPkLoop   0x001cf8    program     static E:\3.46\pic18-lt\cxx-framework\src\traditional\math\packFP.asm
             jPkShiftDone   0x001d14    program     static E:\3.46\pic18-lt\cxx-framework\src\traditional\math\packFP.asm
               jPkRoundIt   0x001d2a    program     static E:\3.46\pic18-lt\cxx-framework\src\traditional\math\packFP.asm
              __FpReturnW   0x001d42    program     extern E:\3.46\pic18-lt\cxx-framework\src\traditional\math\packFP.asm
             jPkRoundDone   0x001d42    program     static E:\3.46\pic18-lt\cxx-framework\src\traditional\math\packFP.asm
              __FpUnPackA   0x001d62    program     extern E:\3.46\pic18-lt\cxx-framework\src\traditional\math\UnpackFP.asm
                  jUnpkA1   0x001d6c    program     static E:\3.46\pic18-lt\cxx-framework\src\traditional\math\UnpackFP.asm
                 jUnpkANZ   0x001d7a    program     static E:\3.46\pic18-lt\cxx-framework\src\traditional\math\UnpackFP.asm
                  jUnpkA2   0x001d84    program     static E:\3.46\pic18-lt\cxx-framework\src\traditional\math\UnpackFP.asm
                 jUnpkNaN   0x001d8e    program     static E:\3.46\pic18-lt\cxx-framework\src\traditional\math\UnpackFP.asm
              __FpUnPackB   0x001d92    program     extern E:\3.46\pic18-lt\cxx-framework\src\traditional\math\UnpackFP.asm
                  jUnpkB1   0x001d9c    program     static E:\3.46\pic18-lt\cxx-framework\src\traditional\math\UnpackFP.asm
                 jUnpkBNZ   0x001daa    program     static E:\3.46\pic18-lt\cxx-framework\src\traditional\math\UnpackFP.asm
                  jUnpkB2   0x001db4    program     static E:\3.46\pic18-lt\cxx-framework\src\traditional\math\UnpackFP.asm
              ConsoleInit   0x001dbe    program     extern F:\PROJECT\MPLABX\RF\RF315-Main\RF315Coordinator.X\UART\UART.c
      ConsolePutROMString   0x001de2    program     extern F:\PROJECT\MPLABX\RF\RF315-Main\RF315Coordinator.X\UART\UART.c
         ConsoleGetString   0x001e20    program     extern F:\PROJECT\MPLABX\RF\RF315-Main\RF315Coordinator.X\UART\UART.c
               ConsolePut   0x001e98    program     extern F:\PROJECT\MPLABX\RF\RF315-Main\RF315Coordinator.X\UART\UART.c
         ConsolePutString   0x001eb2    program     extern F:\PROJECT\MPLABX\RF\RF315-Main\RF315Coordinator.X\UART\UART.c
               ConsoleGet   0x001eee    program     extern F:\PROJECT\MPLABX\RF\RF315-Main\RF315Coordinator.X\UART\UART.c
            ConsolePutInt   0x001efa    program     extern F:\PROJECT\MPLABX\RF\RF315-Main\RF315Coordinator.X\UART\UART.c
                     itoa   0x001f52    program     extern E:\3.46\pic18-lt\cxx-framework\src\traditional\stdclib\itoa.asm
                jTstSign1   0x001f7e    program     static E:\3.46\pic18-lt\cxx-framework\src\traditional\stdclib\itoa.asm
                     jDo5   0x001fc8    program     static E:\3.46\pic18-lt\cxx-framework\src\traditional\stdclib\itoa.asm
                     jDo4   0x001fcc    program     static E:\3.46\pic18-lt\cxx-framework\src\traditional\stdclib\itoa.asm
                     jDo3   0x001fd0    program     static E:\3.46\pic18-lt\cxx-framework\src\traditional\stdclib\itoa.asm
                     jDo2   0x001fd4    program     static E:\3.46\pic18-lt\cxx-framework\src\traditional\stdclib\itoa.asm
                     jDo1   0x001fd8    program     static E:\3.46\pic18-lt\cxx-framework\src\traditional\stdclib\itoa.asm
                 TstUpper   0x00200c    program     static E:\3.46\pic18-lt\cxx-framework\src\traditional\stdclib\itoa.asm
                 TstLower   0x002012    program     static E:\3.46\pic18-lt\cxx-framework\src\traditional\stdclib\itoa.asm
                jTstLowZ1   0x00201c    program     static E:\3.46\pic18-lt\cxx-framework\src\traditional\stdclib\itoa.asm
                ProcUpper   0x00201e    program     static E:\3.46\pic18-lt\cxx-framework\src\traditional\stdclib\itoa.asm
                ProcLower   0x002028    program     static E:\3.46\pic18-lt\cxx-framework\src\traditional\stdclib\itoa.asm
                   itoBCD   0x002032    program     extern E:\3.46\pic18-lt\cxx-framework\src\traditional\stdclib\itobcd.asm
                    jLoop   0x00204a    program     static E:\3.46\pic18-lt\cxx-framework\src\traditional\stdclib\itobcd.asm
                     jEnd   0x002070    program     static E:\3.46\pic18-lt\cxx-framework\src\traditional\stdclib\itobcd.asm
                  OneByte   0x002074    program     static E:\3.46\pic18-lt\cxx-framework\src\traditional\stdclib\itobcd.asm
                _do_cinit   0x002086    program     extern E:\3.46\pic18-lt\cxx-framework\src\traditional\startup\c018i.c
                     test   0x0020a0    program     static                          
                copy_loop   0x0020f8    program     static                          
            copy_one_byte   0x0020fe    program     static                          
             done_copying   0x00210c    program     static                          
                     done   0x002122    program     static                          
       ___return_lbl00002   0x002122    program     static                          
                OpenUSART   0x002124    program     extern E:\3.46\pic18-lt\cxx-framework\src\pmc_common\USART\uopen.c
        SPI_Config_Master   0x0021ae    program     extern F:\PROJECT\MPLABX\RF\RF315-Main\RF315Coordinator.X\SPI\SPI.c
                SPI_Write   0x0021c2    program     extern F:\PROJECT\MPLABX\RF\RF315-Main\RF315Coordinator.X\SPI\SPI.c
                 SPI_Read   0x002200    program     extern F:\PROJECT\MPLABX\RF\RF315-Main\RF315Coordinator.X\SPI\SPI.c
            Timer0_config   0x002222    program     extern F:\PROJECT\MPLABX\RF\RF315-Main\RF315Coordinator.X\TIMER\TIMER.c
            Timer1_config   0x002236    program     extern F:\PROJECT\MPLABX\RF\RF315-Main\RF315Coordinator.X\TIMER\TIMER.c
            Timer3_config   0x00224c    program     extern F:\PROJECT\MPLABX\RF\RF315-Main\RF315Coordinator.X\TIMER\TIMER.c
               __string_8   0x002260    program     static F:\PROJECT\MPLABX\RF\RF315-Main\RF315Coordinator.X\RFCoordinator.c
               __string_7   0x00226a    program     static F:\PROJECT\MPLABX\RF\RF315-Main\RF315Coordinator.X\RFCoordinator.c
               __string_6   0x002282    program     static F:\PROJECT\MPLABX\RF\RF315-Main\RF315Coordinator.X\RFCoordinator.c
               WriteUSART   0x00229c    program     extern E:\3.46\pic18-lt\cxx-framework\src\pmc_common\USART\uwrite.c
                 FXD1616U   0x0022ca    program     extern E:\3.46\pic18-lt\cxx-framework\src\traditional\math\fxd1616u.c
                     loop   0x0022d4    program     static                          
                  endloop   0x0022f0    program     static                          
       ___return_lbl00000   0x0022f4    program     static                          
                baudUSART   0x0022f6    program     extern E:\3.46\pic18-lt\cxx-framework\src\pmc_common\USART\ubaud.c
              Delay1KTCYx   0x002318    program     extern E:\3.46\pic18-lt\cxx-framework\src\traditional\delays\d1ktcyx.asm
[...]
                    TRISD   0x000f95       data     extern E:\3.46\pic18-lt\cxx-framework\src\traditional\proc\p18f46k20.asm
                TRISDbits   0x000f95       data     extern E:\3.46\pic18-lt\cxx-framework\src\traditional\proc\p18f46k20.asm
                     DDRD   0x000f95       data     extern E:\3.46\pic18-lt\cxx-framework\src\traditional\proc\p18f46k20.asm
                 DDRDbits   0x000f95       data     extern E:\3.46\pic18-lt\cxx-framework\src\traditional\proc\p18f46k20.asm
                    TRISE   0x000f96       data     extern E:\3.46\pic18-lt\cxx-framework\src\traditional\proc\p18f46k20.asm
                TRISEbits   0x000f96       data     extern E:\3.46\pic18-lt\cxx-framework\src\traditional\proc\p18f46k20.asm
                     DDRE   0x000f96       data     extern E:\3.46\pic18-lt\cxx-framework\src\traditional\proc\p18f46k20.asm
                 DDREbits   0x000f96       data     extern E:\3.46\pic18-lt\cxx-framework\src\traditional\proc\p18f46k20.asm
              OSCTUNEbits   0x000f9b       data     extern E:\3.46\pic18-lt\cxx-framework\src\traditional\proc\p18f46k20.asm
                  OSCTUNE   0x000f9b       data     extern E:\3.46\pic18-lt\cxx-framework\src\traditional\proc\p18f46k20.asm
                     PIE1   0x000f9d       data     extern E:\3.46\pic18-lt\cxx-framework\src\traditional\proc\p18f46k20.asm
                 PIE1bits   0x000f9d       data     extern E:\3.46\pic18-lt\cxx-framework\src\traditional\proc\p18f46k20.asm
                 PIR1bits   0x000f9e       data     extern E:\3.46\pic18-lt\cxx-framework\src\traditional\proc\p18f46k20.asm
                     PIR1   0x000f9e       data     extern E:\3.46\pic18-lt\cxx-framework\src\traditional\proc\p18f46k20.asm
                     IPR1   0x000f9f       data     extern E:\3.46\pic18-lt\cxx-framework\src\traditional\proc\p18f46k20.asm
                 IPR1bits   0x000f9f       data     extern E:\3.46\pic18-lt\cxx-framework\src\traditional\proc\p18f46k20.asm
                 PIE2bits   0x000fa0       data     extern E:\3.46\pic18-lt\cxx-framework\src\traditional\proc\p18f46k20.asm
                     PIE2   0x000fa0       data     extern E:\3.46\pic18-lt\cxx-framework\src\traditional\proc\p18f46k20.asm
                 PIR2bits   0x000fa1       data     extern E:\3.46\pic18-lt\cxx-framework\src\traditional\proc\p18f46k20.asm
                     PIR2   0x000fa1       data     extern E:\3.46\pic18-lt\cxx-framework\src\traditional\proc\p18f46k20.asm
                     IPR2   0x000fa2       data     extern E:\3.46\pic18-lt\cxx-framework\src\traditional\proc\p18f46k20.asm
                 IPR2bits   0x000fa2       data     extern E:\3.46\pic18-lt\cxx-framework\src\traditional\proc\p18f46k20.asm
                   EECON1   0x000fa6       data     extern E:\3.46\pic18-lt\cxx-framework\src\traditional\proc\p18f46k20.asm
               EECON1bits   0x000fa6       data     extern E:\3.46\pic18-lt\cxx-framework\src\traditional\proc\p18f46k20.asm
                   EECON2   0x000fa7       data     extern E:\3.46\pic18-lt\cxx-framework\src\traditional\proc\p18f46k20.asm
                   EEDATA   0x000fa8       data     extern E:\3.46\pic18-lt\cxx-framework\src\traditional\proc\p18f46k20.asm
                EEADRbits   0x000fa9       data     extern E:\3.46\pic18-lt\cxx-framework\src\traditional\proc\p18f46k20.asm
                    EEADR   0x000fa9       data     extern E:\3.46\pic18-lt\cxx-framework\src\traditional\proc\p18f46k20.asm
               EEADRHbits   0x000faa       data     extern E:\3.46\pic18-lt\cxx-framework\src\traditional\proc\p18f46k20.asm
                   EEADRH   0x000faa       data     extern E:\3.46\pic18-lt\cxx-framework\src\traditional\proc\p18f46k20.asm
                    RCSTA   0x000fab       data     extern E:\3.46\pic18-lt\cxx-framework\src\traditional\proc\p18f46k20.asm
                RCSTAbits   0x000fab       data     extern E:\3.46\pic18-lt\cxx-framework\src\traditional\proc\p18f46k20.asm
                    TXSTA   0x000fac       data     extern E:\3.46\pic18-lt\cxx-framework\src\traditional\proc\p18f46k20.asm
                TXSTAbits   0x000fac       data     extern E:\3.46\pic18-lt\cxx-framework\src\traditional\proc\p18f46k20.asm
                    TXREG   0x000fad       data     extern E:\3.46\pic18-lt\cxx-framework\src\traditional\proc\p18f46k20.asm
                    RCREG   0x000fae       data     extern E:\3.46\pic18-lt\cxx-framework\src\traditional\proc\p18f46k20.asm
                    SPBRG   0x000faf       data     extern E:\3.46\pic18-lt\cxx-framework\src\traditional\proc\p18f46k20.asm
                   SPBRGH   0x000fb0       data     extern E:\3.46\pic18-lt\cxx-framework\src\traditional\proc\p18f46k20.asm
                    T3CON   0x000fb1       data     extern E:\3.46\pic18-lt\cxx-framework\src\traditional\proc\p18f46k20.asm
                T3CONbits   0x000fb1       data     extern E:\3.46\pic18-lt\cxx-framework\src\traditional\proc\p18f46k20.asm
                    TMR3L   0x000fb2       data     extern E:\3.46\pic18-lt\cxx-framework\src\traditional\proc\p18f46k20.asm
                    TMR3H   0x000fb3       data     extern E:\3.46\pic18-lt\cxx-framework\src\traditional\proc\p18f46k20.asm
              CVRCON2bits   0x000fb4       data     extern E:\3.46\pic18-lt\cxx-framework\src\traditional\proc\p18f46k20.asm
                  CVRCON2   0x000fb4       data     extern E:\3.46\pic18-lt\cxx-framework\src\traditional\proc\p18f46k20.asm
               CVRCONbits   0x000fb5       data     extern E:\3.46\pic18-lt\cxx-framework\src\traditional\proc\p18f46k20.asm
                   CVRCON   0x000fb5       data     extern E:\3.46\pic18-lt\cxx-framework\src\traditional\proc\p18f46k20.asm
              ECCP1ASbits   0x000fb6       data     extern E:\3.46\pic18-lt\cxx-framework\src\traditional\proc\p18f46k20.asm
                  ECCP1AS   0x000fb6       data     extern E:\3.46\pic18-lt\cxx-framework\src\traditional\proc\p18f46k20.asm
              PWM1CONbits   0x000fb7       data     extern E:\3.46\pic18-lt\cxx-framework\src\traditional\proc\p18f46k20.asm
                  PWM1CON   0x000fb7       data     extern E:\3.46\pic18-lt\cxx-framework\src\traditional\proc\p18f46k20.asm
              BAUDCTLbits   0x000fb8       data     extern E:\3.46\pic18-lt\cxx-framework\src\traditional\proc\p18f46k20.asm
                  BAUDCTL   0x000fb8       data     extern E:\3.46\pic18-lt\cxx-framework\src\traditional\proc\p18f46k20.asm
              BAUDCONbits   0x000fb8       data     extern E:\3.46\pic18-lt\cxx-framework\src\traditional\proc\p18f46k20.asm
                  BAUDCON   0x000fb8       data     extern E:\3.46\pic18-lt\cxx-framework\src\traditional\proc\p18f46k20.asm
                  PSTRCON   0x000fb9       data     extern E:\3.46\pic18-lt\cxx-framework\src\traditional\proc\p18f46k20.asm
              PSTRCONbits   0x000fb9       data     extern E:\3.46\pic18-lt\cxx-framework\src\traditional\proc\p18f46k20.asm
              CCP2CONbits   0x000fba       data     extern E:\3.46\pic18-lt\cxx-framework\src\traditional\proc\p18f46k20.asm
                  CCP2CON   0x000fba       data     extern E:\3.46\pic18-lt\cxx-framework\src\traditional\proc\p18f46k20.asm
                    CCPR2   0x000fbb       data     extern E:\3.46\pic18-lt\cxx-framework\src\traditional\proc\p18f46k20.asm
                   CCPR2L   0x000fbb       data     extern E:\3.46\pic18-lt\cxx-framework\src\traditional\proc\p18f46k20.asm
                   CCPR2H   0x000fbc       data     extern E:\3.46\pic18-lt\cxx-framework\src\traditional\proc\p18f46k20.asm
              CCP1CONbits   0x000fbd       data     extern E:\3.46\pic18-lt\cxx-framework\src\traditional\proc\p18f46k20.asm
                  CCP1CON   0x000fbd       data     extern E:\3.46\pic18-lt\cxx-framework\src\traditional\proc\p18f46k20.asm
                    CCPR1   0x000fbe       data     extern E:\3.46\pic18-lt\cxx-framework\src\traditional\proc\p18f46k20.asm
                   CCPR1L   0x000fbe       data     extern E:\3.46\pic18-lt\cxx-framework\src\traditional\proc\p18f46k20.asm
                   CCPR1H   0x000fbf       data     extern E:\3.46\pic18-lt\cxx-framework\src\traditional\proc\p18f46k20.asm
                   ADCON2   0x000fc0       data     extern E:\3.46\pic18-lt\cxx-framework\src\traditional\proc\p18f46k20.asm
               ADCON2bits   0x000fc0       data     extern E:\3.46\pic18-lt\cxx-framework\src\traditional\proc\p18f46k20.asm
                   ADCON1   0x000fc1       data     extern E:\3.46\pic18-lt\cxx-framework\src\traditional\proc\p18f46k20.asm
               ADCON1bits   0x000fc1       data     extern E:\3.46\pic18-lt\cxx-framework\src\traditional\proc\p18f46k20.asm
                   ADCON0   0x000fc2       data     extern E:\3.46\pic18-lt\cxx-framework\src\traditional\proc\p18f46k20.asm
               ADCON0bits   0x000fc2       data     extern E:\3.46\pic18-lt\cxx-framework\src\traditional\proc\p18f46k20.asm
                    ADRES   0x000fc3       data     extern E:\3.46\pic18-lt\cxx-framework\src\traditional\proc\p18f46k20.asm
                   ADRESL   0x000fc3       data     extern E:\3.46\pic18-lt\cxx-framework\src\traditional\proc\p18f46k20.asm
                   ADRESH   0x000fc4       data     extern E:\3.46\pic18-lt\cxx-framework\src\traditional\proc\p18f46k20.asm
                  SSPCON2   0x000fc5       data     extern E:\3.46\pic18-lt\cxx-framework\src\traditional\proc\p18f46k20.asm
              SSPCON2bits   0x000fc5       data     extern E:\3.46\pic18-lt\cxx-framework\src\traditional\proc\p18f46k20.asm
                  SSPCON1   0x000fc6       data     extern E:\3.46\pic18-lt\cxx-framework\src\traditional\proc\p18f46k20.asm
              SSPCON1bits   0x000fc6       data     extern E:\3.46\pic18-lt\cxx-framework\src\traditional\proc\p18f46k20.asm
                  SSPSTAT   0x000fc7       data     extern E:\3.46\pic18-lt\cxx-framework\src\traditional\proc\p18f46k20.asm
              SSPSTATbits   0x000fc7       data     extern E:\3.46\pic18-lt\cxx-framework\src\traditional\proc\p18f46k20.asm
                   SSPADD   0x000fc8       data     extern E:\3.46\pic18-lt\cxx-framework\src\traditional\proc\p18f46k20.asm
                   SSPBUF   0x000fc9       data     extern E:\3.46\pic18-lt\cxx-framework\src\traditional\proc\p18f46k20.asm
                T2CONbits   0x000fca       data     extern E:\3.46\pic18-lt\cxx-framework\src\traditional\proc\p18f46k20.asm
                    T2CON   0x000fca       data     extern E:\3.46\pic18-lt\cxx-framework\src\traditional\proc\p18f46k20.asm
                      PR2   0x000fcb       data     extern E:\3.46\pic18-lt\cxx-framework\src\traditional\proc\p18f46k20.asm
                     TMR2   0x000fcc       data     extern E:\3.46\pic18-lt\cxx-framework\src\traditional\proc\p18f46k20.asm
                T1CONbits   0x000fcd       data     extern E:\3.46\pic18-lt\cxx-framework\src\traditional\proc\p18f46k20.asm
                    T1CON   0x000fcd       data     extern E:\3.46\pic18-lt\cxx-framework\src\traditional\proc\p18f46k20.asm
                    TMR1L   0x000fce       data     extern E:\3.46\pic18-lt\cxx-framework\src\traditional\proc\p18f46k20.asm
                    TMR1H   0x000fcf       data     extern E:\3.46\pic18-lt\cxx-framework\src\traditional\proc\p18f46k20.asm
                     RCON   0x000fd0       data     extern E:\3.46\pic18-lt\cxx-framework\src\traditional\proc\p18f46k20.asm
                 RCONbits   0x000fd0       data     extern E:\3.46\pic18-lt\cxx-framework\src\traditional\proc\p18f46k20.asm
                   WDTCON   0x000fd1       data     extern E:\3.46\pic18-lt\cxx-framework\src\traditional\proc\p18f46k20.asm
               WDTCONbits   0x000fd1       data     extern E:\3.46\pic18-lt\cxx-framework\src\traditional\proc\p18f46k20.asm
               LVDCONbits   0x000fd2       data     extern E:\3.46\pic18-lt\cxx-framework\src\traditional\proc\p18f46k20.asm
                   LVDCON   0x000fd2       data     extern E:\3.46\pic18-lt\cxx-framework\src\traditional\proc\p18f46k20.asm
              HLVDCONbits   0x000fd2       data     extern E:\3.46\pic18-lt\cxx-framework\src\traditional\proc\p18f46k20.asm
                  HLVDCON   0x000fd2       data     extern E:\3.46\pic18-lt\cxx-framework\src\traditional\proc\p18f46k20.asm
               OSCCONbits   0x000fd3       data     extern E:\3.46\pic18-lt\cxx-framework\src\traditional\proc\p18f46k20.asm
                   OSCCON   0x000fd3       data     extern E:\3.46\pic18-lt\cxx-framework\src\traditional\proc\p18f46k20.asm
                    T0CON   0x000fd5       data     extern E:\3.46\pic18-lt\cxx-framework\src\traditional\proc\p18f46k20.asm
                T0CONbits   0x000fd5       data     extern E:\3.46\pic18-lt\cxx-framework\src\traditional\proc\p18f46k20.asm
                    TMR0L   0x000fd6       data     extern E:\3.46\pic18-lt\cxx-framework\src\traditional\proc\p18f46k20.asm
                    TMR0H   0x000fd7       data     extern E:\3.46\pic18-lt\cxx-framework\src\traditional\proc\p18f46k20.asm
                   STATUS   0x000fd8       data     extern E:\3.46\pic18-lt\cxx-framework\src\traditional\proc\p18f46k20.asm
               STATUSbits   0x000fd8       data     extern E:\3.46\pic18-lt\cxx-framework\src\traditional\proc\p18f46k20.asm
                    FSR2L   0x000fd9       data     extern E:\3.46\pic18-lt\cxx-framework\src\traditional\proc\p18f46k20.asm
                     FSR2   0x000fd9       data     extern E:\3.46\pic18-lt\cxx-framework\src\traditional\proc\p18f46k20.asm
                    FSR2H   0x000fda       data     extern E:\3.46\pic18-lt\cxx-framework\src\traditional\proc\p18f46k20.asm
                   PLUSW2   0x000fdb       data     extern E:\3.46\pic18-lt\cxx-framework\src\traditional\proc\p18f46k20.asm
                  PREINC2   0x000fdc       data     extern E:\3.46\pic18-lt\cxx-framework\src\traditional\proc\p18f46k20.asm
                 POSTDEC2   0x000fdd       data     extern E:\3.46\pic18-lt\cxx-framework\src\traditional\proc\p18f46k20.asm
                 POSTINC2   0x000fde       data     extern E:\3.46\pic18-lt\cxx-framework\src\traditional\proc\p18f46k20.asm
                    INDF2   0x000fdf       data     extern E:\3.46\pic18-lt\cxx-framework\src\traditional\proc\p18f46k20.asm
                      BSR   0x000fe0       data     extern E:\3.46\pic18-lt\cxx-framework\src\traditional\proc\p18f46k20.asm
                    FSR1L   0x000fe1       data     extern E:\3.46\pic18-lt\cxx-framework\src\traditional\proc\p18f46k20.asm
                     FSR1   0x000fe1       data     extern E:\3.46\pic18-lt\cxx-framework\src\traditional\proc\p18f46k20.asm
                    FSR1H   0x000fe2       data     extern E:\3.46\pic18-lt\cxx-framework\src\traditional\proc\p18f46k20.asm
                   PLUSW1   0x000fe3       data     extern E:\3.46\pic18-lt\cxx-framework\src\traditional\proc\p18f46k20.asm
                  PREINC1   0x000fe4       data     extern E:\3.46\pic18-lt\cxx-framework\src\traditional\proc\p18f46k20.asm
                 POSTDEC1   0x000fe5       data     extern E:\3.46\pic18-lt\cxx-framework\src\traditional\proc\p18f46k20.asm
                 POSTINC1   0x000fe6       data     extern E:\3.46\pic18-lt\cxx-framework\src\traditional\proc\p18f46k20.asm
                    INDF1   0x000fe7       data     extern E:\3.46\pic18-lt\cxx-framework\src\traditional\proc\p18f46k20.asm
                        W   0x000fe8       data     extern E:\3.46\pic18-lt\cxx-framework\src\traditional\proc\p18f46k20.asm
                     WREG   0x000fe8       data     extern E:\3.46\pic18-lt\cxx-framework\src\traditional\proc\p18f46k20.asm
                     FSR0   0x000fe9       data     extern E:\3.46\pic18-lt\cxx-framework\src\traditional\proc\p18f46k20.asm
                    FSR0L   0x000fe9       data     extern E:\3.46\pic18-lt\cxx-framework\src\traditional\proc\p18f46k20.asm
                    FSR0H   0x000fea       data     extern E:\3.46\pic18-lt\cxx-framework\src\traditional\proc\p18f46k20.asm
                   PLUSW0   0x000feb       data     extern E:\3.46\pic18-lt\cxx-framework\src\traditional\proc\p18f46k20.asm
                  PREINC0   0x000fec       data     extern E:\3.46\pic18-lt\cxx-framework\src\traditional\proc\p18f46k20.asm
                 POSTDEC0   0x000fed       data     extern E:\3.46\pic18-lt\cxx-framework\src\traditional\proc\p18f46k20.asm
                 POSTINC0   0x000fee       data     extern E:\3.46\pic18-lt\cxx-framework\src\traditional\proc\p18f46k20.asm
                    INDF0   0x000fef       data     extern E:\3.46\pic18-lt\cxx-framework\src\traditional\proc\p18f46k20.asm
              INTCON3bits   0x000ff0       data     extern E:\3.46\pic18-lt\cxx-framework\src\traditional\proc\p18f46k20.asm
                  INTCON3   0x000ff0       data     extern E:\3.46\pic18-lt\cxx-framework\src\traditional\proc\p18f46k20.asm
              INTCON2bits   0x000ff1       data     extern E:\3.46\pic18-lt\cxx-framework\src\traditional\proc\p18f46k20.asm
                  INTCON2   0x000ff1       data     extern E:\3.46\pic18-lt\cxx-framework\src\traditional\proc\p18f46k20.asm
               INTCONbits   0x000ff2       data     extern E:\3.46\pic18-lt\cxx-framework\src\traditional\proc\p18f46k20.asm
                   INTCON   0x000ff2       data     extern E:\3.46\pic18-lt\cxx-framework\src\traditional\proc\p18f46k20.asm
                     PROD   0x000ff3       data     extern E:\3.46\pic18-lt\cxx-framework\src\traditional\proc\p18f46k20.asm
                    PRODL   0x000ff3       data     extern E:\3.46\pic18-lt\cxx-framework\src\traditional\proc\p18f46k20.asm
                    PRODH   0x000ff4       data     extern E:\3.46\pic18-lt\cxx-framework\src\traditional\proc\p18f46k20.asm
                   TABLAT   0x000ff5       data     extern E:\3.46\pic18-lt\cxx-framework\src\traditional\proc\p18f46k20.asm
                  TBLPTRL   0x000ff6       data     extern E:\3.46\pic18-lt\cxx-framework\src\traditional\proc\p18f46k20.asm
                   TBLPTR   0x000ff6       data     extern E:\3.46\pic18-lt\cxx-framework\src\traditional\proc\p18f46k20.asm
                  TBLPTRH   0x000ff7       data     extern E:\3.46\pic18-lt\cxx-framework\src\traditional\proc\p18f46k20.asm
                  TBLPTRU   0x000ff8       data     extern E:\3.46\pic18-lt\cxx-framework\src\traditional\proc\p18f46k20.asm
                      PCL   0x000ff9       data     extern E:\3.46\pic18-lt\cxx-framework\src\traditional\proc\p18f46k20.asm
                       PC   0x000ff9       data     extern E:\3.46\pic18-lt\cxx-framework\src\traditional\proc\p18f46k20.asm
                   PCLATH   0x000ffa       data     extern E:\3.46\pic18-lt\cxx-framework\src\traditional\proc\p18f46k20.asm
                   PCLATU   0x000ffb       data     extern E:\3.46\pic18-lt\cxx-framework\src\traditional\proc\p18f46k20.asm
                   STKPTR   0x000ffc       data     extern E:\3.46\pic18-lt\cxx-framework\src\traditional\proc\p18f46k20.asm
               STKPTRbits   0x000ffc       data     extern E:\3.46\pic18-lt\cxx-framework\src\traditional\proc\p18f46k20.asm
                      TOS   0x000ffd       data     extern E:\3.46\pic18-lt\cxx-framework\src\traditional\proc\p18f46k20.asm
                     TOSL   0x000ffd       data     extern E:\3.46\pic18-lt\cxx-framework\src\traditional\proc\p18f46k20.asm
                     TOSH   0x000ffe       data     extern E:\3.46\pic18-lt\cxx-framework\src\traditional\proc\p18f46k20.asm
                     TOSU   0x000fff       data     extern E:\3.46\pic18-lt\cxx-framework\src\traditional\proc\p18f46k20.asm


