MPLINK 5.00, LINKER
Linker Map File - Created Tue May 06 06:34:27 2014

                                 Section Info
                  Section       Type    Address   Location Size(Bytes)
                ---------  ---------  ---------  ---------  ---------
               _entry_scn       code   0x000000    program   0x000006
           .code___init.o       code   0x000006    program   0x000002
     .romdata_TranRF315.o    romdata   0x000008    program   0x000000
          .romdata_UART.o    romdata   0x000008    program   0x000000
          .idata_UART.o_i    romdata   0x000008    program   0x000000
             .stringtable    romdata   0x000008    program   0x000000
      .idata_fxd0808u.o_i    romdata   0x000008    program   0x000000
           .romdata_LCD.o    romdata   0x000008    program   0x000000
           .idata_LCD.o_i    romdata   0x000008    program   0x000000
      .romdata_fxd0808u.o    romdata   0x000008    program   0x000000
         .romdata_TIMER.o    romdata   0x000008    program   0x000000
         .idata_TIMER.o_i    romdata   0x000008    program   0x000000
      .idata_fxd1616u.o_i    romdata   0x000008    program   0x000000
           .romdata_SPI.o    romdata   0x000008    program   0x000000
           .idata_SPI.o_i    romdata   0x000008    program   0x000000
      .romdata_fxd1616u.o    romdata   0x000008    program   0x000000
        .romdata_CC1101.o    romdata   0x000008    program   0x000000
        .idata___init.o_i    romdata   0x000008    program   0x000000
        .romdata___init.o    romdata   0x000008    program   0x000000
            .code_c018i.o       code   0x000008    program   0x000000
         .romdata_c018i.o    romdata   0x000008    program   0x000000
         .idata_c018i.o_i    romdata   0x000008    program   0x000000
         interrupt_vector       code   0x000018    program   0x000006
                   .cinit    romdata   0x00001e    program   0x00001a
           .code_CC1101.o       code   0x000038    program   0x000f02
              .code_LCD.o       code   0x000f3a    program   0x000878
                     PROG       code   0x0017b2    program   0x000278
        .code_TranRF315.o       code   0x001a2a    program   0x00012e
             .code_UART.o       code   0x001b58    program   0x0000e2
               _cinit_scn       code   0x001c3a    program   0x00009e
              .code_SPI.o       code   0x001cd8    program   0x000074
            .code_TIMER.o       code   0x001d4c    program   0x000054
         .code_fxd1616u.o       code   0x001da0    program   0x00002c
              D1KTCYXCODE       code   0x001dcc    program   0x000020
                    .code       code   0x001dec    program   0x000020
             _startup_scn       code   0x001e0c    program   0x00001c
         .code_fxd0808u.o       code   0x001e28    program   0x00001c
              D10TCYXCODE       code   0x001e44    program   0x000016
     .idata_TranRF315.o_i    romdata   0x001e5a    program   0x000036
        .idata_CC1101.o_i    romdata   0x001e90    program   0x00002c
.config_300001_TranRF315.o    romdata   0x300001    program   0x000001
.config_300002_TranRF315.o    romdata   0x300002    program   0x000001
.config_300003_TranRF315.o    romdata   0x300003    program   0x000001
.config_300005_TranRF315.o    romdata   0x300005    program   0x000001
.config_300006_TranRF315.o    romdata   0x300006    program   0x000001
.config_300008_TranRF315.o    romdata   0x300008    program   0x000001
.config_300009_TranRF315.o    romdata   0x300009    program   0x000001
.config_30000a_TranRF315.o    romdata   0x30000a    program   0x000001
.config_30000b_TranRF315.o    romdata   0x30000b    program   0x000001
.config_30000c_TranRF315.o    romdata   0x30000c    program   0x000001
.config_30000d_TranRF315.o    romdata   0x30000d    program   0x000001
                MATH_DATA      udata   0x000000       data   0x000014
                 .tmpdata      udata   0x000014       data   0x000004
                DELAYDAT1      udata   0x000018       data   0x000001
       .udata_TranRF315.o      udata   0x000060       data   0x000035
          .idata_CC1101.o      idata   0x000095       data   0x00002c
                   .stack      udata   0x000e00       data   0x000100
       .idata_TranRF315.o      idata   0x000f00       data   0x000036
           .udata_c018i.o      udata   0x000f36       data   0x00000a
          .udata_CC1101.o      udata   0x000f40       data   0x000002
             .udata_SPI.o      udata   0x000f42       data   0x000000
          .idata___init.o      idata   0x000f42       data   0x000000
          .udata___init.o      udata   0x000f42       data   0x000000
        .idata_fxd1616u.o      idata   0x000f42       data   0x000000
        .udata_fxd1616u.o      udata   0x000f42       data   0x000000
        .idata_fxd0808u.o      idata   0x000f42       data   0x000000
        .udata_fxd0808u.o      udata   0x000f42       data   0x000000
           .idata_c018i.o      idata   0x000f42       data   0x000000
             .idata_SPI.o      idata   0x000f42       data   0x000000
            .idata_UART.o      idata   0x000f42       data   0x000000
            .udata_UART.o      udata   0x000f42       data   0x000000
             .idata_LCD.o      idata   0x000f42       data   0x000000
             .udata_LCD.o      udata   0x000f42       data   0x000000
           .idata_TIMER.o      idata   0x000f42       data   0x000000
           .udata_TIMER.o      udata   0x000f42       data   0x000000
            SFR_UNBANKED0      udata   0x000f77       data   0x000089



                              Program Memory Usage 
                               Start         End      
                           ---------   ---------      
                            0x000000    0x000007      
                            0x000018    0x001ebb      
                            0x300001    0x300003      
                            0x300005    0x300006      
                            0x300008    0x30000d      
            7863 out of 66584 program addresses used, program memory utilization is 11%



                              Symbols - Sorted by Name
                     Name    Address   Location    Storage File                     
                ---------  ---------  ---------  --------- ---------                
            CC1101_Config   0x000500    program     extern F:\PROJECT\MPLABX\RF315MHz\TranRF315.X\CC1101\CC1101.c
           CC1101_FlushRX   0x000ca6    program     extern F:\PROJECT\MPLABX\RF315MHz\TranRF315.X\CC1101\CC1101.c
           CC1101_FlushTX   0x000cbc    program     extern F:\PROJECT\MPLABX\RF315MHz\TranRF315.X\CC1101\CC1101.c
              CC1101_Init   0x000ce8    program     extern F:\PROJECT\MPLABX\RF315MHz\TranRF315.X\CC1101\CC1101.c
           CC1101_PowerUp   0x000472    program     extern F:\PROJECT\MPLABX\RF315MHz\TranRF315.X\CC1101\CC1101.c
            CC1101_RXMode   0x000cd2    program     extern F:\PROJECT\MPLABX\RF315MHz\TranRF315.X\CC1101\CC1101.c
             CC1101_RdLQI   0x000bb2    program     extern F:\PROJECT\MPLABX\RF315MHz\TranRF315.X\CC1101\CC1101.c
            CC1101_RdRSSI   0x000b5e    program     extern F:\PROJECT\MPLABX\RF315MHz\TranRF315.X\CC1101\CC1101.c
      CC1101_ReadBurstReg   0x000a3e    program     extern F:\PROJECT\MPLABX\RF315MHz\TranRF315.X\CC1101\CC1101.c
  CC1101_ReadChipStatusRX   0x000c6a    program     extern F:\PROJECT\MPLABX\RF315MHz\TranRF315.X\CC1101\CC1101.c
  CC1101_ReadChipStatusTX   0x000c60    program     extern F:\PROJECT\MPLABX\RF315MHz\TranRF315.X\CC1101\CC1101.c
           CC1101_ReadReg   0x0009f6    program     extern F:\PROJECT\MPLABX\RF315MHz\TranRF315.X\CC1101\CC1101.c
        CC1101_ReadStatus   0x0004c0    program     extern F:\PROJECT\MPLABX\RF315MHz\TranRF315.X\CC1101\CC1101.c
     CC1101_ReceivePacket   0x000d02    program     extern F:\PROJECT\MPLABX\RF315MHz\TranRF315.X\CC1101\CC1101.c
             CC1101_Reset   0x00045a    program     extern F:\PROJECT\MPLABX\RF315MHz\TranRF315.X\CC1101\CC1101.c
       CC1101_RxFifoEmpty   0x000bd4    program     extern F:\PROJECT\MPLABX\RF315MHz\TranRF315.X\CC1101\CC1101.c
        CC1101_SendPacket   0x000ddc    program     extern F:\PROJECT\MPLABX\RF315MHz\TranRF315.X\CC1101\CC1101.c
       CC1101_SendPackets   0x000e8e    program     extern F:\PROJECT\MPLABX\RF315MHz\TranRF315.X\CC1101\CC1101.c
            CC1101_Strobe   0x000486    program     extern F:\PROJECT\MPLABX\RF315MHz\TranRF315.X\CC1101\CC1101.c
       CC1101_TxFifoEmpty   0x000c1a    program     extern F:\PROJECT\MPLABX\RF315MHz\TranRF315.X\CC1101\CC1101.c
     CC1101_WriteBurstReg   0x000af6    program     extern F:\PROJECT\MPLABX\RF315MHz\TranRF315.X\CC1101\CC1101.c
          CC1101_WriteReg   0x000ab4    program     extern F:\PROJECT\MPLABX\RF315MHz\TranRF315.X\CC1101\CC1101.c
   CC1101_WriteRfSettings   0x00052c    program     extern F:\PROJECT\MPLABX\RF315MHz\TranRF315.X\CC1101\CC1101.c
                   D0808S   0x0018a2    program     static E:\3.46\pic18-lt\cxx-framework\src\traditional\math\fxd0808s.asm
                D0808SNEG   0x0018b0    program     static E:\3.46\pic18-lt\cxx-framework\src\traditional\math\fxd0808s.asm
                 D0808SOK   0x0018ac    program     static E:\3.46\pic18-lt\cxx-framework\src\traditional\math\fxd0808s.asm
                  D0808SX   0x0018b6    program     static E:\3.46\pic18-lt\cxx-framework\src\traditional\math\fxd0808s.asm
                    D10_1   0x001e54    program     static E:\3.46\pic18-lt\cxx-framework\src\traditional\delays\d10tcyx.asm
                     D10x   0x001e4c    program     static E:\3.46\pic18-lt\cxx-framework\src\traditional\delays\d10tcyx.asm
                    D1K_1   0x001dd8    program     static E:\3.46\pic18-lt\cxx-framework\src\traditional\delays\d1ktcyx.asm
                     D1Kx   0x001dd6    program     static E:\3.46\pic18-lt\cxx-framework\src\traditional\delays\d1ktcyx.asm
                  DA0808S   0x001898    program     static E:\3.46\pic18-lt\cxx-framework\src\traditional\math\fxd0808s.asm
              Delay10TCYx   0x001e44    program     extern E:\3.46\pic18-lt\cxx-framework\src\traditional\delays\d10tcyx.asm
              Delay1KTCYx   0x001dcc    program     extern E:\3.46\pic18-lt\cxx-framework\src\traditional\delays\d1ktcyx.asm
                 Delay2us   0x000038    program     extern F:\PROJECT\MPLABX\RF315MHz\TranRF315.X\CC1101\CC1101.c
                Delay41us   0x000042    program     extern F:\PROJECT\MPLABX\RF315MHz\TranRF315.X\CC1101\CC1101.c
             ExINT_Config   0x001d92    program     extern F:\PROJECT\MPLABX\RF315MHz\TranRF315.X\TIMER\TIMER.c
                    FPM32   0x0017b2    program     extern E:\3.46\pic18-lt\cxx-framework\src\traditional\math\mulFP.asm
                 FXD0808S   0x00188c    program     extern E:\3.46\pic18-lt\cxx-framework\src\traditional\math\fxd0808s.asm
                 FXD0808U   0x001e28    program     extern E:\3.46\pic18-lt\cxx-framework\src\traditional\math\fxd0808u.c
                 FXD1616U   0x001da0    program     extern E:\3.46\pic18-lt\cxx-framework\src\traditional\math\fxd1616u.c
                  INT3216   0x0018c0    program     extern E:\3.46\pic18-lt\cxx-framework\src\traditional\math\castFP16.asm
                 Init_LCD   0x000f4a    program     extern F:\PROJECT\MPLABX\RF315MHz\TranRF315.X\LCD\LCD.c
               Init_PORTS   0x000f3a    program     extern F:\PROJECT\MPLABX\RF315MHz\TranRF315.X\LCD\LCD.c
            Init_Rec_UART   0x001b84    program     extern F:\PROJECT\MPLABX\RF315MHz\TranRF315.X\UART\UART.c
           Init_Tran_UART   0x001b7c    program     extern F:\PROJECT\MPLABX\RF315MHz\TranRF315.X\UART\UART.c
                  LCD_CMD   0x000fe2    program     extern F:\PROJECT\MPLABX\RF315MHz\TranRF315.X\LCD\LCD.c
                 LCD_DATA   0x001128    program     extern F:\PROJECT\MPLABX\RF315MHz\TranRF315.X\LCD\LCD.c
             LCD_IN_FLOAT   0x00158c    program     extern F:\PROJECT\MPLABX\RF315MHz\TranRF315.X\LCD\LCD.c
             LCD_IN_INTER   0x00135a    program     extern F:\PROJECT\MPLABX\RF315MHz\TranRF315.X\LCD\LCD.c
                   LCD_OK   0x000f9e    program     extern F:\PROJECT\MPLABX\RF315MHz\TranRF315.X\LCD\LCD.c
        SPI_Config_Master   0x001cd8    program     extern F:\PROJECT\MPLABX\RF315MHz\TranRF315.X\SPI\SPI.c
                 SPI_Read   0x001d2a    program     extern F:\PROJECT\MPLABX\RF315MHz\TranRF315.X\SPI\SPI.c
                SPI_Write   0x001cec    program     extern F:\PROJECT\MPLABX\RF315MHz\TranRF315.X\SPI\SPI.c
            Timer0_Config   0x001d4c    program     extern F:\PROJECT\MPLABX\RF315MHz\TranRF315.X\TIMER\TIMER.c
            Timer1_Config   0x001d68    program     extern F:\PROJECT\MPLABX\RF315MHz\TranRF315.X\TIMER\TIMER.c
            Timer3_Config   0x001d7e    program     extern F:\PROJECT\MPLABX\RF315MHz\TranRF315.X\TIMER\TIMER.c
                Timer_Isr   0x001a72    program     extern F:\PROJECT\MPLABX\RF315MHz\TranRF315.X\TranRF315.c
                UART_Init   0x001b58    program     extern F:\PROJECT\MPLABX\RF315MHz\TranRF315.X\UART\UART.c
        _D10TCYXCODE_000A   0x001e4e    program     static E:\3.46\pic18-lt\cxx-framework\src\traditional\delays\d10tcyx.asm
        _D10TCYXCODE_000C   0x001e50    program     static E:\3.46\pic18-lt\cxx-framework\src\traditional\delays\d10tcyx.asm
        _D10TCYXCODE_000E   0x001e52    program     static E:\3.46\pic18-lt\cxx-framework\src\traditional\delays\d10tcyx.asm
        _D1KTCYXCODE_0010   0x001ddc    program     static E:\3.46\pic18-lt\cxx-framework\src\traditional\delays\d1ktcyx.asm
        _D1KTCYXCODE_0016   0x001de2    program     static E:\3.46\pic18-lt\cxx-framework\src\traditional\delays\d1ktcyx.asm
                 __FpExit   0x00192a    program     extern E:\3.46\pic18-lt\cxx-framework\src\traditional\math\packFP.asm
                 __FpPack   0x001956    program     extern E:\3.46\pic18-lt\cxx-framework\src\traditional\math\packFP.asm
            __FpReturnNaN   0x00191e    program     extern E:\3.46\pic18-lt\cxx-framework\src\traditional\math\packFP.asm
         __FpReturnNegInf   0x001930    program     extern E:\3.46\pic18-lt\cxx-framework\src\traditional\math\packFP.asm
        __FpReturnNegZero   0x001948    program     extern E:\3.46\pic18-lt\cxx-framework\src\traditional\math\packFP.asm
         __FpReturnPosInf   0x001936    program     extern E:\3.46\pic18-lt\cxx-framework\src\traditional\math\packFP.asm
        __FpReturnPosZero   0x001950    program     extern E:\3.46\pic18-lt\cxx-framework\src\traditional\math\packFP.asm
        __FpReturnSignInf   0x00192c    program     extern E:\3.46\pic18-lt\cxx-framework\src\traditional\math\packFP.asm
       __FpReturnSignZero   0x001944    program     extern E:\3.46\pic18-lt\cxx-framework\src\traditional\math\packFP.asm
              __FpReturnW   0x0019ae    program     extern E:\3.46\pic18-lt\cxx-framework\src\traditional\math\packFP.asm
              __FpUnPackA   0x0019ce    program     extern E:\3.46\pic18-lt\cxx-framework\src\traditional\math\UnpackFP.asm
              __FpUnPackB   0x0019fe    program     extern E:\3.46\pic18-lt\cxx-framework\src\traditional\math\UnpackFP.asm
       ___return_lbl00000   0x000004    program     static                          
       ___return_lbl00000   0x000040    program     static                          
       ___return_lbl00000   0x001dca    program     static                          
       ___return_lbl00000   0x001e42    program     static                          
       ___return_lbl00001   0x001e26    program     static                          
       ___return_lbl00001   0x000050    program     static                          
       ___return_lbl00002   0x001cd6    program     static                          
       ___return_lbl00003   0x00001c    program     static                          
       ___return_lbl00007   0x000484    program     static                          
       ___return_lbl00053   0x000d00    program     static                          
               __config_0   0x300001    program     static F:\PROJECT\MPLABX\RF315MHz\TranRF315.X\TranRF315.c
               __config_1   0x300002    program     static F:\PROJECT\MPLABX\RF315MHz\TranRF315.X\TranRF315.c
              __config_10   0x30000d    program     static F:\PROJECT\MPLABX\RF315MHz\TranRF315.X\TranRF315.c
               __config_2   0x300003    program     static F:\PROJECT\MPLABX\RF315MHz\TranRF315.X\TranRF315.c
               __config_3   0x300005    program     static F:\PROJECT\MPLABX\RF315MHz\TranRF315.X\TranRF315.c
               __config_4   0x300006    program     static F:\PROJECT\MPLABX\RF315MHz\TranRF315.X\TranRF315.c
               __config_5   0x300008    program     static F:\PROJECT\MPLABX\RF315MHz\TranRF315.X\TranRF315.c
               __config_6   0x300009    program     static F:\PROJECT\MPLABX\RF315MHz\TranRF315.X\TranRF315.c
               __config_7   0x30000a    program     static F:\PROJECT\MPLABX\RF315MHz\TranRF315.X\TranRF315.c
               __config_8   0x30000b    program     static F:\PROJECT\MPLABX\RF315MHz\TranRF315.X\TranRF315.c
               __config_9   0x30000c    program     static F:\PROJECT\MPLABX\RF315MHz\TranRF315.X\TranRF315.c
                   __init   0x000006    program     extern E:\3.46\pic18-lt\cxx-framework\src\traditional\stdclib\__init.c
            __zero_memory   0x001dec    program     extern E:\3.46\pic18-lt\cxx-framework\src\traditional\proc\p18f26k20.asm
                _do_cinit   0x001c3a    program     extern E:\3.46\pic18-lt\cxx-framework\src\traditional\startup\c018i.c
                   _entry   0x000000    program     extern E:\3.46\pic18-lt\cxx-framework\src\traditional\startup\c018i.c
                 _startup   0x001e0c    program     extern E:\3.46\pic18-lt\cxx-framework\src\traditional\startup\c018i.c
                compare_l   0x001e02    program     static E:\3.46\pic18-lt\cxx-framework\src\traditional\proc\p18f26k20.asm
                copy_loop   0x001cac    program     static                          
            copy_one_byte   0x001cb2    program     static                          
                     done   0x001cd6    program     static                          
             done_copying   0x001cc0    program     static                          
                  endloop   0x001dc6    program     static                          
                  endloop   0x001e3e    program     static                          
         interrupt_vector   0x000018    program     extern F:\PROJECT\MPLABX\RF315MHz\TranRF315.X\TranRF315.c
                 jANotInf   0x0017d0    program     static E:\3.46\pic18-lt\cxx-framework\src\traditional\math\mulFP.asm
              jBothFinite   0x0017de    program     static E:\3.46\pic18-lt\cxx-framework\src\traditional\math\mulFP.asm
             jBothNotZero   0x0017ea    program     static E:\3.46\pic18-lt\cxx-framework\src\traditional\math\mulFP.asm
                    jExit   0x00191c    program     static E:\3.46\pic18-lt\cxx-framework\src\traditional\math\castFP16.asm
                jHaveZero   0x0017e6    program     static E:\3.46\pic18-lt\cxx-framework\src\traditional\math\mulFP.asm
                    jLoop   0x0018fc    program     static E:\3.46\pic18-lt\cxx-framework\src\traditional\math\castFP16.asm
                jLoopExit   0x00190c    program     static E:\3.46\pic18-lt\cxx-framework\src\traditional\math\castFP16.asm
                     jMax   0x0018d0    program     static E:\3.46\pic18-lt\cxx-framework\src\traditional\math\castFP16.asm
                  jMaxNeg   0x0018de    program     static E:\3.46\pic18-lt\cxx-framework\src\traditional\math\castFP16.asm
                  jMaxPos   0x0018d4    program     static E:\3.46\pic18-lt\cxx-framework\src\traditional\math\castFP16.asm
                  jNotInf   0x0018ec    program     static E:\3.46\pic18-lt\cxx-framework\src\traditional\math\castFP16.asm
                  jPkLoop   0x001964    program     static E:\3.46\pic18-lt\cxx-framework\src\traditional\math\packFP.asm
             jPkRoundDone   0x0019ae    program     static E:\3.46\pic18-lt\cxx-framework\src\traditional\math\packFP.asm
               jPkRoundIt   0x001996    program     static E:\3.46\pic18-lt\cxx-framework\src\traditional\math\packFP.asm
             jPkShiftDone   0x001980    program     static E:\3.46\pic18-lt\cxx-framework\src\traditional\math\packFP.asm
           jReturnPosInf0   0x00193a    program     static E:\3.46\pic18-lt\cxx-framework\src\traditional\math\packFP.asm
                  jUnpkA1   0x0019d8    program     static E:\3.46\pic18-lt\cxx-framework\src\traditional\math\UnpackFP.asm
                  jUnpkA2   0x0019f0    program     static E:\3.46\pic18-lt\cxx-framework\src\traditional\math\UnpackFP.asm
                 jUnpkANZ   0x0019e6    program     static E:\3.46\pic18-lt\cxx-framework\src\traditional\math\UnpackFP.asm
                  jUnpkB1   0x001a08    program     static E:\3.46\pic18-lt\cxx-framework\src\traditional\math\UnpackFP.asm
                  jUnpkB2   0x001a20    program     static E:\3.46\pic18-lt\cxx-framework\src\traditional\math\UnpackFP.asm
                 jUnpkBNZ   0x001a16    program     static E:\3.46\pic18-lt\cxx-framework\src\traditional\math\UnpackFP.asm
                 jUnpkNaN   0x0019fa    program     static E:\3.46\pic18-lt\cxx-framework\src\traditional\math\UnpackFP.asm
                    jZero   0x0018e6    program     static E:\3.46\pic18-lt\cxx-framework\src\traditional\math\castFP16.asm
               jZero1and2   0x00193e    program     static E:\3.46\pic18-lt\cxx-framework\src\traditional\math\packFP.asm
                lcd_clear   0x00126e    program     extern F:\PROJECT\MPLABX\RF315MHz\TranRF315.X\LCD\LCD.c
               lcd_gotoxy   0x0012dc    program     extern F:\PROJECT\MPLABX\RF315MHz\TranRF315.X\LCD\LCD.c
                  lcd_int   0x001514    program     extern F:\PROJECT\MPLABX\RF315MHz\TranRF315.X\LCD\LCD.c
                lcd_putch   0x001278    program     extern F:\PROJECT\MPLABX\RF315MHz\TranRF315.X\LCD\LCD.c
               lcd_putstr   0x001292    program     extern F:\PROJECT\MPLABX\RF315MHz\TranRF315.X\LCD\LCD.c
                     loop   0x001e30    program     static                          
                     loop   0x001e1c    program     static                          
                     loop   0x001daa    program     static                          
                   loop_h   0x001dfa    program     static E:\3.46\pic18-lt\cxx-framework\src\traditional\proc\p18f26k20.asm
                   loop_l   0x001e04    program     static E:\3.46\pic18-lt\cxx-framework\src\traditional\proc\p18f26k20.asm
                     main   0x001a2a    program     extern F:\PROJECT\MPLABX\RF315MHz\TranRF315.X\TranRF315.c
                     test   0x001c54    program     static                          
                uart_getc   0x001bf0    program     extern F:\PROJECT\MPLABX\RF315MHz\TranRF315.X\UART\UART.c
                uart_gets   0x001bf8    program     extern F:\PROJECT\MPLABX\RF315MHz\TranRF315.X\UART\UART.c
                uart_putc   0x001b96    program     extern F:\PROJECT\MPLABX\RF315MHz\TranRF315.X\UART\UART.c
                uart_puts   0x001bb0    program     extern F:\PROJECT\MPLABX\RF315MHz\TranRF315.X\UART\UART.c
            writeRFConfig   0x000272    program     extern F:\PROJECT\MPLABX\RF315MHz\TranRF315.X\CC1101\CC1101.c
          writeRFSettings   0x000052    program     extern F:\PROJECT\MPLABX\RF315MHz\TranRF315.X\CC1101\CC1101.c
               zero_block   0x001dfa    program     static E:\3.46\pic18-lt\cxx-framework\src\traditional\proc\p18f26k20.asm
                   ADCON0   0x000fc2       data     extern E:\3.46\pic18-lt\cxx-framework\src\traditional\proc\p18f26k20.asm
               ADCON0bits   0x000fc2       data     extern E:\3.46\pic18-lt\cxx-framework\src\traditional\proc\p18f26k20.asm
                   ADCON1   0x000fc1       data     extern E:\3.46\pic18-lt\cxx-framework\src\traditional\proc\p18f26k20.asm
               ADCON1bits   0x000fc1       data     extern E:\3.46\pic18-lt\cxx-framework\src\traditional\proc\p18f26k20.asm
                   ADCON2   0x000fc0       data     extern E:\3.46\pic18-lt\cxx-framework\src\traditional\proc\p18f26k20.asm
               ADCON2bits   0x000fc0       data     extern E:\3.46\pic18-lt\cxx-framework\src\traditional\proc\p18f26k20.asm
                    ADRES   0x000fc3       data     extern E:\3.46\pic18-lt\cxx-framework\src\traditional\proc\p18f26k20.asm
                   ADRESH   0x000fc4       data     extern E:\3.46\pic18-lt\cxx-framework\src\traditional\proc\p18f26k20.asm
                   ADRESL   0x000fc3       data     extern E:\3.46\pic18-lt\cxx-framework\src\traditional\proc\p18f26k20.asm
                    ANSEL   0x000f7e       data     extern E:\3.46\pic18-lt\cxx-framework\src\traditional\proc\p18f26k20.asm
                   ANSELH   0x000f7f       data     extern E:\3.46\pic18-lt\cxx-framework\src\traditional\proc\p18f26k20.asm
               ANSELHbits   0x000f7f       data     extern E:\3.46\pic18-lt\cxx-framework\src\traditional\proc\p18f26k20.asm
                ANSELbits   0x000f7e       data     extern E:\3.46\pic18-lt\cxx-framework\src\traditional\proc\p18f26k20.asm
                  BAUDCON   0x000fb8       data     extern E:\3.46\pic18-lt\cxx-framework\src\traditional\proc\p18f26k20.asm
              BAUDCONbits   0x000fb8       data     extern E:\3.46\pic18-lt\cxx-framework\src\traditional\proc\p18f26k20.asm
                  BAUDCTL   0x000fb8       data     extern E:\3.46\pic18-lt\cxx-framework\src\traditional\proc\p18f26k20.asm
              BAUDCTLbits   0x000fb8       data     extern E:\3.46\pic18-lt\cxx-framework\src\traditional\proc\p18f26k20.asm
                      BSR   0x000fe0       data     extern E:\3.46\pic18-lt\cxx-framework\src\traditional\proc\p18f26k20.asm
                  CCP1CON   0x000fbd       data     extern E:\3.46\pic18-lt\cxx-framework\src\traditional\proc\p18f26k20.asm
              CCP1CONbits   0x000fbd       data     extern E:\3.46\pic18-lt\cxx-framework\src\traditional\proc\p18f26k20.asm
                  CCP2CON   0x000fba       data     extern E:\3.46\pic18-lt\cxx-framework\src\traditional\proc\p18f26k20.asm
              CCP2CONbits   0x000fba       data     extern E:\3.46\pic18-lt\cxx-framework\src\traditional\proc\p18f26k20.asm
                    CCPR1   0x000fbe       data     extern E:\3.46\pic18-lt\cxx-framework\src\traditional\proc\p18f26k20.asm
                   CCPR1H   0x000fbf       data     extern E:\3.46\pic18-lt\cxx-framework\src\traditional\proc\p18f26k20.asm
                   CCPR1L   0x000fbe       data     extern E:\3.46\pic18-lt\cxx-framework\src\traditional\proc\p18f26k20.asm
                    CCPR2   0x000fbb       data     extern E:\3.46\pic18-lt\cxx-framework\src\traditional\proc\p18f26k20.asm
                   CCPR2H   0x000fbc       data     extern E:\3.46\pic18-lt\cxx-framework\src\traditional\proc\p18f26k20.asm
                   CCPR2L   0x000fbb       data     extern E:\3.46\pic18-lt\cxx-framework\src\traditional\proc\p18f26k20.asm
                  CM1CON0   0x000f7b       data     extern E:\3.46\pic18-lt\cxx-framework\src\traditional\proc\p18f26k20.asm
              CM1CON0bits   0x000f7b       data     extern E:\3.46\pic18-lt\cxx-framework\src\traditional\proc\p18f26k20.asm
                  CM2CON0   0x000f7a       data     extern E:\3.46\pic18-lt\cxx-framework\src\traditional\proc\p18f26k20.asm
              CM2CON0bits   0x000f7a       data     extern E:\3.46\pic18-lt\cxx-framework\src\traditional\proc\p18f26k20.asm
                  CM2CON1   0x000f79       data     extern E:\3.46\pic18-lt\cxx-framework\src\traditional\proc\p18f26k20.asm
              CM2CON1bits   0x000f79       data     extern E:\3.46\pic18-lt\cxx-framework\src\traditional\proc\p18f26k20.asm
                   CVRCON   0x000fb5       data     extern E:\3.46\pic18-lt\cxx-framework\src\traditional\proc\p18f26k20.asm
                  CVRCON2   0x000fb4       data     extern E:\3.46\pic18-lt\cxx-framework\src\traditional\proc\p18f26k20.asm
              CVRCON2bits   0x000fb4       data     extern E:\3.46\pic18-lt\cxx-framework\src\traditional\proc\p18f26k20.asm
               CVRCONbits   0x000fb5       data     extern E:\3.46\pic18-lt\cxx-framework\src\traditional\proc\p18f26k20.asm
                     DDRA   0x000f92       data     extern E:\3.46\pic18-lt\cxx-framework\src\traditional\proc\p18f26k20.asm
                 DDRAbits   0x000f92       data     extern E:\3.46\pic18-lt\cxx-framework\src\traditional\proc\p18f26k20.asm
                     DDRB   0x000f93       data     extern E:\3.46\pic18-lt\cxx-framework\src\traditional\proc\p18f26k20.asm
                 DDRBbits   0x000f93       data     extern E:\3.46\pic18-lt\cxx-framework\src\traditional\proc\p18f26k20.asm
                     DDRC   0x000f94       data     extern E:\3.46\pic18-lt\cxx-framework\src\traditional\proc\p18f26k20.asm
                 DDRCbits   0x000f94       data     extern E:\3.46\pic18-lt\cxx-framework\src\traditional\proc\p18f26k20.asm
            DelayCounter1   0x000018       data     extern E:\3.46\pic18-lt\cxx-framework\src\traditional\delays\delayd1.asm
                  ECCP1AS   0x000fb6       data     extern E:\3.46\pic18-lt\cxx-framework\src\traditional\proc\p18f26k20.asm
              ECCP1ASbits   0x000fb6       data     extern E:\3.46\pic18-lt\cxx-framework\src\traditional\proc\p18f26k20.asm
                    EEADR   0x000fa9       data     extern E:\3.46\pic18-lt\cxx-framework\src\traditional\proc\p18f26k20.asm
                   EEADRH   0x000faa       data     extern E:\3.46\pic18-lt\cxx-framework\src\traditional\proc\p18f26k20.asm
               EEADRHbits   0x000faa       data     extern E:\3.46\pic18-lt\cxx-framework\src\traditional\proc\p18f26k20.asm
                EEADRbits   0x000fa9       data     extern E:\3.46\pic18-lt\cxx-framework\src\traditional\proc\p18f26k20.asm
                   EECON1   0x000fa6       data     extern E:\3.46\pic18-lt\cxx-framework\src\traditional\proc\p18f26k20.asm
               EECON1bits   0x000fa6       data     extern E:\3.46\pic18-lt\cxx-framework\src\traditional\proc\p18f26k20.asm
                   EECON2   0x000fa7       data     extern E:\3.46\pic18-lt\cxx-framework\src\traditional\proc\p18f26k20.asm
                   EEDATA   0x000fa8       data     extern E:\3.46\pic18-lt\cxx-framework\src\traditional\proc\p18f26k20.asm
                     FSR0   0x000fe9       data     extern E:\3.46\pic18-lt\cxx-framework\src\traditional\proc\p18f26k20.asm
                    FSR0H   0x000fea       data     extern E:\3.46\pic18-lt\cxx-framework\src\traditional\proc\p18f26k20.asm
                    FSR0L   0x000fe9       data     extern E:\3.46\pic18-lt\cxx-framework\src\traditional\proc\p18f26k20.asm
                     FSR1   0x000fe1       data     extern E:\3.46\pic18-lt\cxx-framework\src\traditional\proc\p18f26k20.asm
                    FSR1H   0x000fe2       data     extern E:\3.46\pic18-lt\cxx-framework\src\traditional\proc\p18f26k20.asm
                    FSR1L   0x000fe1       data     extern E:\3.46\pic18-lt\cxx-framework\src\traditional\proc\p18f26k20.asm
                     FSR2   0x000fd9       data     extern E:\3.46\pic18-lt\cxx-framework\src\traditional\proc\p18f26k20.asm
                    FSR2H   0x000fda       data     extern E:\3.46\pic18-lt\cxx-framework\src\traditional\proc\p18f26k20.asm
                    FSR2L   0x000fd9       data     extern E:\3.46\pic18-lt\cxx-framework\src\traditional\proc\p18f26k20.asm
                  HLVDCON   0x000fd2       data     extern E:\3.46\pic18-lt\cxx-framework\src\traditional\proc\p18f26k20.asm
              HLVDCONbits   0x000fd2       data     extern E:\3.46\pic18-lt\cxx-framework\src\traditional\proc\p18f26k20.asm
                    INDF0   0x000fef       data     extern E:\3.46\pic18-lt\cxx-framework\src\traditional\proc\p18f26k20.asm
                    INDF1   0x000fe7       data     extern E:\3.46\pic18-lt\cxx-framework\src\traditional\proc\p18f26k20.asm
                    INDF2   0x000fdf       data     extern E:\3.46\pic18-lt\cxx-framework\src\traditional\proc\p18f26k20.asm
                   INTCON   0x000ff2       data     extern E:\3.46\pic18-lt\cxx-framework\src\traditional\proc\p18f26k20.asm
                  INTCON2   0x000ff1       data     extern E:\3.46\pic18-lt\cxx-framework\src\traditional\proc\p18f26k20.asm
              INTCON2bits   0x000ff1       data     extern E:\3.46\pic18-lt\cxx-framework\src\traditional\proc\p18f26k20.asm
                  INTCON3   0x000ff0       data     extern E:\3.46\pic18-lt\cxx-framework\src\traditional\proc\p18f26k20.asm
              INTCON3bits   0x000ff0       data     extern E:\3.46\pic18-lt\cxx-framework\src\traditional\proc\p18f26k20.asm
               INTCONbits   0x000ff2       data     extern E:\3.46\pic18-lt\cxx-framework\src\traditional\proc\p18f26k20.asm
                     IOCB   0x000f7d       data     extern E:\3.46\pic18-lt\cxx-framework\src\traditional\proc\p18f26k20.asm
                 IOCBbits   0x000f7d       data     extern E:\3.46\pic18-lt\cxx-framework\src\traditional\proc\p18f26k20.asm
                     IPR1   0x000f9f       data     extern E:\3.46\pic18-lt\cxx-framework\src\traditional\proc\p18f26k20.asm
                 IPR1bits   0x000f9f       data     extern E:\3.46\pic18-lt\cxx-framework\src\traditional\proc\p18f26k20.asm
                     IPR2   0x000fa2       data     extern E:\3.46\pic18-lt\cxx-framework\src\traditional\proc\p18f26k20.asm
                 IPR2bits   0x000fa2       data     extern E:\3.46\pic18-lt\cxx-framework\src\traditional\proc\p18f26k20.asm
                     LATA   0x000f89       data     extern E:\3.46\pic18-lt\cxx-framework\src\traditional\proc\p18f26k20.asm
                 LATAbits   0x000f89       data     extern E:\3.46\pic18-lt\cxx-framework\src\traditional\proc\p18f26k20.asm
                     LATB   0x000f8a       data     extern E:\3.46\pic18-lt\cxx-framework\src\traditional\proc\p18f26k20.asm
                 LATBbits   0x000f8a       data     extern E:\3.46\pic18-lt\cxx-framework\src\traditional\proc\p18f26k20.asm
                     LATC   0x000f8b       data     extern E:\3.46\pic18-lt\cxx-framework\src\traditional\proc\p18f26k20.asm
                 LATCbits   0x000f8b       data     extern E:\3.46\pic18-lt\cxx-framework\src\traditional\proc\p18f26k20.asm
                   LVDCON   0x000fd2       data     extern E:\3.46\pic18-lt\cxx-framework\src\traditional\proc\p18f26k20.asm
               LVDCONbits   0x000fd2       data     extern E:\3.46\pic18-lt\cxx-framework\src\traditional\proc\p18f26k20.asm
                   OSCCON   0x000fd3       data     extern E:\3.46\pic18-lt\cxx-framework\src\traditional\proc\p18f26k20.asm
               OSCCONbits   0x000fd3       data     extern E:\3.46\pic18-lt\cxx-framework\src\traditional\proc\p18f26k20.asm
                  OSCTUNE   0x000f9b       data     extern E:\3.46\pic18-lt\cxx-framework\src\traditional\proc\p18f26k20.asm
              OSCTUNEbits   0x000f9b       data     extern E:\3.46\pic18-lt\cxx-framework\src\traditional\proc\p18f26k20.asm
                       Ok   0x000093       data     extern F:\PROJECT\MPLABX\RF315MHz\TranRF315.X\TranRF315.c
            PATABLE_VALUE   0x0000b9       data     extern F:\PROJECT\MPLABX\RF315MHz\TranRF315.X\CC1101\CC1101.c
                       PC   0x000ff9       data     extern E:\3.46\pic18-lt\cxx-framework\src\traditional\proc\p18f26k20.asm
                      PCL   0x000ff9       data     extern E:\3.46\pic18-lt\cxx-framework\src\traditional\proc\p18f26k20.asm
                   PCLATH   0x000ffa       data     extern E:\3.46\pic18-lt\cxx-framework\src\traditional\proc\p18f26k20.asm
                   PCLATU   0x000ffb       data     extern E:\3.46\pic18-lt\cxx-framework\src\traditional\proc\p18f26k20.asm
                     PIE1   0x000f9d       data     extern E:\3.46\pic18-lt\cxx-framework\src\traditional\proc\p18f26k20.asm
                 PIE1bits   0x000f9d       data     extern E:\3.46\pic18-lt\cxx-framework\src\traditional\proc\p18f26k20.asm
                     PIE2   0x000fa0       data     extern E:\3.46\pic18-lt\cxx-framework\src\traditional\proc\p18f26k20.asm
                 PIE2bits   0x000fa0       data     extern E:\3.46\pic18-lt\cxx-framework\src\traditional\proc\p18f26k20.asm
                     PIR1   0x000f9e       data     extern E:\3.46\pic18-lt\cxx-framework\src\traditional\proc\p18f26k20.asm
                 PIR1bits   0x000f9e       data     extern E:\3.46\pic18-lt\cxx-framework\src\traditional\proc\p18f26k20.asm
                     PIR2   0x000fa1       data     extern E:\3.46\pic18-lt\cxx-framework\src\traditional\proc\p18f26k20.asm
                 PIR2bits   0x000fa1       data     extern E:\3.46\pic18-lt\cxx-framework\src\traditional\proc\p18f26k20.asm
                   PLUSW0   0x000feb       data     extern E:\3.46\pic18-lt\cxx-framework\src\traditional\proc\p18f26k20.asm
                   PLUSW1   0x000fe3       data     extern E:\3.46\pic18-lt\cxx-framework\src\traditional\proc\p18f26k20.asm
                   PLUSW2   0x000fdb       data     extern E:\3.46\pic18-lt\cxx-framework\src\traditional\proc\p18f26k20.asm
                    PORTA   0x000f80       data     extern E:\3.46\pic18-lt\cxx-framework\src\traditional\proc\p18f26k20.asm
                PORTAbits   0x000f80       data     extern E:\3.46\pic18-lt\cxx-framework\src\traditional\proc\p18f26k20.asm
                    PORTB   0x000f81       data     extern E:\3.46\pic18-lt\cxx-framework\src\traditional\proc\p18f26k20.asm
                PORTBbits   0x000f81       data     extern E:\3.46\pic18-lt\cxx-framework\src\traditional\proc\p18f26k20.asm
                    PORTC   0x000f82       data     extern E:\3.46\pic18-lt\cxx-framework\src\traditional\proc\p18f26k20.asm
                PORTCbits   0x000f82       data     extern E:\3.46\pic18-lt\cxx-framework\src\traditional\proc\p18f26k20.asm
                    PORTE   0x000f84       data     extern E:\3.46\pic18-lt\cxx-framework\src\traditional\proc\p18f26k20.asm
                PORTEbits   0x000f84       data     extern E:\3.46\pic18-lt\cxx-framework\src\traditional\proc\p18f26k20.asm
                 POSTDEC0   0x000fed       data     extern E:\3.46\pic18-lt\cxx-framework\src\traditional\proc\p18f26k20.asm
                 POSTDEC1   0x000fe5       data     extern E:\3.46\pic18-lt\cxx-framework\src\traditional\proc\p18f26k20.asm
                 POSTDEC2   0x000fdd       data     extern E:\3.46\pic18-lt\cxx-framework\src\traditional\proc\p18f26k20.asm
                 POSTINC0   0x000fee       data     extern E:\3.46\pic18-lt\cxx-framework\src\traditional\proc\p18f26k20.asm
                 POSTINC1   0x000fe6       data     extern E:\3.46\pic18-lt\cxx-framework\src\traditional\proc\p18f26k20.asm
                 POSTINC2   0x000fde       data     extern E:\3.46\pic18-lt\cxx-framework\src\traditional\proc\p18f26k20.asm
                      PR2   0x000fcb       data     extern E:\3.46\pic18-lt\cxx-framework\src\traditional\proc\p18f26k20.asm
                  PREINC0   0x000fec       data     extern E:\3.46\pic18-lt\cxx-framework\src\traditional\proc\p18f26k20.asm
                  PREINC1   0x000fe4       data     extern E:\3.46\pic18-lt\cxx-framework\src\traditional\proc\p18f26k20.asm
                  PREINC2   0x000fdc       data     extern E:\3.46\pic18-lt\cxx-framework\src\traditional\proc\p18f26k20.asm
                     PROD   0x000ff3       data     extern E:\3.46\pic18-lt\cxx-framework\src\traditional\proc\p18f26k20.asm
                    PRODH   0x000ff4       data     extern E:\3.46\pic18-lt\cxx-framework\src\traditional\proc\p18f26k20.asm
                    PRODL   0x000ff3       data     extern E:\3.46\pic18-lt\cxx-framework\src\traditional\proc\p18f26k20.asm
                  PSTRCON   0x000fb9       data     extern E:\3.46\pic18-lt\cxx-framework\src\traditional\proc\p18f26k20.asm
              PSTRCONbits   0x000fb9       data     extern E:\3.46\pic18-lt\cxx-framework\src\traditional\proc\p18f26k20.asm
                  PWM1CON   0x000fb7       data     extern E:\3.46\pic18-lt\cxx-framework\src\traditional\proc\p18f26k20.asm
              PWM1CONbits   0x000fb7       data     extern E:\3.46\pic18-lt\cxx-framework\src\traditional\proc\p18f26k20.asm
                     RCON   0x000fd0       data     extern E:\3.46\pic18-lt\cxx-framework\src\traditional\proc\p18f26k20.asm
                 RCONbits   0x000fd0       data     extern E:\3.46\pic18-lt\cxx-framework\src\traditional\proc\p18f26k20.asm
                    RCREG   0x000fae       data     extern E:\3.46\pic18-lt\cxx-framework\src\traditional\proc\p18f26k20.asm
                    RCSTA   0x000fab       data     extern E:\3.46\pic18-lt\cxx-framework\src\traditional\proc\p18f26k20.asm
                RCSTAbits   0x000fab       data     extern E:\3.46\pic18-lt\cxx-framework\src\traditional\proc\p18f26k20.asm
                     SIGN   0x000000       data     extern E:\3.46\pic18-lt\cxx-framework\src\traditional\math\cmath18.asm
                   SLRCON   0x000f78       data     extern E:\3.46\pic18-lt\cxx-framework\src\traditional\proc\p18f26k20.asm
               SLRCONbits   0x000f78       data     extern E:\3.46\pic18-lt\cxx-framework\src\traditional\proc\p18f26k20.asm
                    SPBRG   0x000faf       data     extern E:\3.46\pic18-lt\cxx-framework\src\traditional\proc\p18f26k20.asm
                   SPBRGH   0x000fb0       data     extern E:\3.46\pic18-lt\cxx-framework\src\traditional\proc\p18f26k20.asm
                   SSPADD   0x000fc8       data     extern E:\3.46\pic18-lt\cxx-framework\src\traditional\proc\p18f26k20.asm
                   SSPBUF   0x000fc9       data     extern E:\3.46\pic18-lt\cxx-framework\src\traditional\proc\p18f26k20.asm
                  SSPCON1   0x000fc6       data     extern E:\3.46\pic18-lt\cxx-framework\src\traditional\proc\p18f26k20.asm
              SSPCON1bits   0x000fc6       data     extern E:\3.46\pic18-lt\cxx-framework\src\traditional\proc\p18f26k20.asm
                  SSPCON2   0x000fc5       data     extern E:\3.46\pic18-lt\cxx-framework\src\traditional\proc\p18f26k20.asm
              SSPCON2bits   0x000fc5       data     extern E:\3.46\pic18-lt\cxx-framework\src\traditional\proc\p18f26k20.asm
                   SSPMSK   0x000f77       data     extern E:\3.46\pic18-lt\cxx-framework\src\traditional\proc\p18f26k20.asm
               SSPMSKbits   0x000f77       data     extern E:\3.46\pic18-lt\cxx-framework\src\traditional\proc\p18f26k20.asm
                  SSPSTAT   0x000fc7       data     extern E:\3.46\pic18-lt\cxx-framework\src\traditional\proc\p18f26k20.asm
              SSPSTATbits   0x000fc7       data     extern E:\3.46\pic18-lt\cxx-framework\src\traditional\proc\p18f26k20.asm
                   STATUS   0x000fd8       data     extern E:\3.46\pic18-lt\cxx-framework\src\traditional\proc\p18f26k20.asm
               STATUSbits   0x000fd8       data     extern E:\3.46\pic18-lt\cxx-framework\src\traditional\proc\p18f26k20.asm
                   STKPTR   0x000ffc       data     extern E:\3.46\pic18-lt\cxx-framework\src\traditional\proc\p18f26k20.asm
               STKPTRbits   0x000ffc       data     extern E:\3.46\pic18-lt\cxx-framework\src\traditional\proc\p18f26k20.asm
                    T0CON   0x000fd5       data     extern E:\3.46\pic18-lt\cxx-framework\src\traditional\proc\p18f26k20.asm
                T0CONbits   0x000fd5       data     extern E:\3.46\pic18-lt\cxx-framework\src\traditional\proc\p18f26k20.asm
                    T1CON   0x000fcd       data     extern E:\3.46\pic18-lt\cxx-framework\src\traditional\proc\p18f26k20.asm
                T1CONbits   0x000fcd       data     extern E:\3.46\pic18-lt\cxx-framework\src\traditional\proc\p18f26k20.asm
                    T2CON   0x000fca       data     extern E:\3.46\pic18-lt\cxx-framework\src\traditional\proc\p18f26k20.asm
                T2CONbits   0x000fca       data     extern E:\3.46\pic18-lt\cxx-framework\src\traditional\proc\p18f26k20.asm
                    T3CON   0x000fb1       data     extern E:\3.46\pic18-lt\cxx-framework\src\traditional\proc\p18f26k20.asm
                T3CONbits   0x000fb1       data     extern E:\3.46\pic18-lt\cxx-framework\src\traditional\proc\p18f26k20.asm
                   TABLAT   0x000ff5       data     extern E:\3.46\pic18-lt\cxx-framework\src\traditional\proc\p18f26k20.asm
                   TBLPTR   0x000ff6       data     extern E:\3.46\pic18-lt\cxx-framework\src\traditional\proc\p18f26k20.asm
                  TBLPTRH   0x000ff7       data     extern E:\3.46\pic18-lt\cxx-framework\src\traditional\proc\p18f26k20.asm
                  TBLPTRL   0x000ff6       data     extern E:\3.46\pic18-lt\cxx-framework\src\traditional\proc\p18f26k20.asm
                  TBLPTRU   0x000ff8       data     extern E:\3.46\pic18-lt\cxx-framework\src\traditional\proc\p18f26k20.asm
                    TMR0H   0x000fd7       data     extern E:\3.46\pic18-lt\cxx-framework\src\traditional\proc\p18f26k20.asm
                    TMR0L   0x000fd6       data     extern E:\3.46\pic18-lt\cxx-framework\src\traditional\proc\p18f26k20.asm
                    TMR1H   0x000fcf       data     extern E:\3.46\pic18-lt\cxx-framework\src\traditional\proc\p18f26k20.asm
                    TMR1L   0x000fce       data     extern E:\3.46\pic18-lt\cxx-framework\src\traditional\proc\p18f26k20.asm
                     TMR2   0x000fcc       data     extern E:\3.46\pic18-lt\cxx-framework\src\traditional\proc\p18f26k20.asm
                    TMR3H   0x000fb3       data     extern E:\3.46\pic18-lt\cxx-framework\src\traditional\proc\p18f26k20.asm
                    TMR3L   0x000fb2       data     extern E:\3.46\pic18-lt\cxx-framework\src\traditional\proc\p18f26k20.asm
                      TOS   0x000ffd       data     extern E:\3.46\pic18-lt\cxx-framework\src\traditional\proc\p18f26k20.asm
                     TOSH   0x000ffe       data     extern E:\3.46\pic18-lt\cxx-framework\src\traditional\proc\p18f26k20.asm
                     TOSL   0x000ffd       data     extern E:\3.46\pic18-lt\cxx-framework\src\traditional\proc\p18f26k20.asm
                     TOSU   0x000fff       data     extern E:\3.46\pic18-lt\cxx-framework\src\traditional\proc\p18f26k20.asm
                    TRISA   0x000f92       data     extern E:\3.46\pic18-lt\cxx-framework\src\traditional\proc\p18f26k20.asm
                TRISAbits   0x000f92       data     extern E:\3.46\pic18-lt\cxx-framework\src\traditional\proc\p18f26k20.asm
                    TRISB   0x000f93       data     extern E:\3.46\pic18-lt\cxx-framework\src\traditional\proc\p18f26k20.asm
                TRISBbits   0x000f93       data     extern E:\3.46\pic18-lt\cxx-framework\src\traditional\proc\p18f26k20.asm
                    TRISC   0x000f94       data     extern E:\3.46\pic18-lt\cxx-framework\src\traditional\proc\p18f26k20.asm
                TRISCbits   0x000f94       data     extern E:\3.46\pic18-lt\cxx-framework\src\traditional\proc\p18f26k20.asm
                    TXREG   0x000fad       data     extern E:\3.46\pic18-lt\cxx-framework\src\traditional\proc\p18f26k20.asm
                    TXSTA   0x000fac       data     extern E:\3.46\pic18-lt\cxx-framework\src\traditional\proc\p18f26k20.asm
                TXSTAbits   0x000fac       data     extern E:\3.46\pic18-lt\cxx-framework\src\traditional\proc\p18f26k20.asm
                        W   0x000fe8       data     extern E:\3.46\pic18-lt\cxx-framework\src\traditional\proc\p18f26k20.asm
                   WDTCON   0x000fd1       data     extern E:\3.46\pic18-lt\cxx-framework\src\traditional\proc\p18f26k20.asm
               WDTCONbits   0x000fd1       data     extern E:\3.46\pic18-lt\cxx-framework\src\traditional\proc\p18f26k20.asm
                     WPUB   0x000f7c       data     extern E:\3.46\pic18-lt\cxx-framework\src\traditional\proc\p18f26k20.asm
                 WPUBbits   0x000f7c       data     extern E:\3.46\pic18-lt\cxx-framework\src\traditional\proc\p18f26k20.asm
                     WREG   0x000fe8       data     extern E:\3.46\pic18-lt\cxx-framework\src\traditional\proc\p18f26k20.asm
                 __AARGB0   0x000009       data     extern E:\3.46\pic18-lt\cxx-framework\src\traditional\math\aarg.asm
                 __AARGB1   0x000008       data     extern E:\3.46\pic18-lt\cxx-framework\src\traditional\math\aarg.asm
                 __AARGB2   0x000007       data     extern E:\3.46\pic18-lt\cxx-framework\src\traditional\math\aarg.asm
                 __AARGB3   0x000006       data     extern E:\3.46\pic18-lt\cxx-framework\src\traditional\math\aarg.asm
                 __AARGB4   0x000005       data     extern E:\3.46\pic18-lt\cxx-framework\src\traditional\math\aarg.asm
                 __AARGB5   0x000004       data     extern E:\3.46\pic18-lt\cxx-framework\src\traditional\math\aarg.asm
                 __AARGB6   0x000003       data     extern E:\3.46\pic18-lt\cxx-framework\src\traditional\math\aarg.asm
                 __AARGB7   0x000002       data     extern E:\3.46\pic18-lt\cxx-framework\src\traditional\math\aarg.asm
                   __AEXP   0x00000a       data     extern E:\3.46\pic18-lt\cxx-framework\src\traditional\math\aarg.asm
                 __BARGB0   0x00000e       data     extern E:\3.46\pic18-lt\cxx-framework\src\traditional\math\barg.asm
                 __BARGB1   0x00000d       data     extern E:\3.46\pic18-lt\cxx-framework\src\traditional\math\barg.asm
                 __BARGB2   0x00000c       data     extern E:\3.46\pic18-lt\cxx-framework\src\traditional\math\barg.asm
                 __BARGB3   0x00000b       data     extern E:\3.46\pic18-lt\cxx-framework\src\traditional\math\barg.asm
                   __BEXP   0x00000f       data     extern E:\3.46\pic18-lt\cxx-framework\src\traditional\math\barg.asm
                __FPFLAGS   0x000001       data     extern E:\3.46\pic18-lt\cxx-framework\src\traditional\math\cmath18.asm
            __FPFLAGSbits   0x000001       data     extern E:\3.46\pic18-lt\cxx-framework\src\traditional\math\cmath18.asm
                  __REMB0   0x000005       data     extern E:\3.46\pic18-lt\cxx-framework\src\traditional\math\aarg.asm
                  __REMB1   0x000004       data     extern E:\3.46\pic18-lt\cxx-framework\src\traditional\math\aarg.asm
                  __REMB2   0x000003       data     extern E:\3.46\pic18-lt\cxx-framework\src\traditional\math\aarg.asm
                  __REMB3   0x000002       data     extern E:\3.46\pic18-lt\cxx-framework\src\traditional\math\aarg.asm
                   __TEMP   0x000013       data     extern E:\3.46\pic18-lt\cxx-framework\src\traditional\math\temparg.asm
                 __TEMPB0   0x000013       data     extern E:\3.46\pic18-lt\cxx-framework\src\traditional\math\temparg.asm
                 __TEMPB1   0x000012       data     extern E:\3.46\pic18-lt\cxx-framework\src\traditional\math\temparg.asm
                 __TEMPB2   0x000011       data     extern E:\3.46\pic18-lt\cxx-framework\src\traditional\math\temparg.asm
                 __TEMPB3   0x000010       data     extern E:\3.46\pic18-lt\cxx-framework\src\traditional\math\temparg.asm
                  __tmp_0   0x000014       data     static F:\PROJECT\MPLABX\RF315MHz\TranRF315.X\CC1101\CC1101.c
                  __tmp_0   0x000014       data     static F:\PROJECT\MPLABX\RF315MHz\TranRF315.X\SPI\SPI.c
                  __tmp_0   0x000014       data     static F:\PROJECT\MPLABX\RF315MHz\TranRF315.X\LCD\LCD.c
                   buffer   0x000062       data     extern F:\PROJECT\MPLABX\RF315MHz\TranRF315.X\TranRF315.c
           chip_status_rx   0x000060       data     extern F:\PROJECT\MPLABX\RF315MHz\TranRF315.X\TranRF315.c
           chip_status_tx   0x000061       data     extern F:\PROJECT\MPLABX\RF315MHz\TranRF315.X\TranRF315.c
                    count   0x000f34       data     extern F:\PROJECT\MPLABX\RF315MHz\TranRF315.X\TranRF315.c
                curr_byte   0x000f39       data     static E:\3.46\pic18-lt\cxx-framework\src\traditional\startup\c018i.c
               curr_entry   0x000f3b       data     static E:\3.46\pic18-lt\cxx-framework\src\traditional\startup\c018i.c
                       da   0x000094       data     extern F:\PROJECT\MPLABX\RF315MHz\TranRF315.X\TranRF315.c
                 data_ptr   0x000f3d       data     static E:\3.46\pic18-lt\cxx-framework\src\traditional\startup\c018i.c
                      len   0x000092       data     extern F:\PROJECT\MPLABX\RF315MHz\TranRF315.X\TranRF315.c
                      lqi   0x000f41       data     static F:\PROJECT\MPLABX\RF315MHz\TranRF315.X\CC1101\CC1101.c
                     prom   0x000f36       data     static E:\3.46\pic18-lt\cxx-framework\src\traditional\startup\c018i.c
               rfSettings   0x000095       data     extern F:\PROJECT\MPLABX\RF315MHz\TranRF315.X\CC1101\CC1101.c
                     rssi   0x000f40       data     static F:\PROJECT\MPLABX\RF315MHz\TranRF315.X\CC1101\CC1101.c
                     str1   0x000f00       data     extern F:\PROJECT\MPLABX\RF315MHz\TranRF315.X\TranRF315.c
                     str2   0x000f0e       data     extern F:\PROJECT\MPLABX\RF315MHz\TranRF315.X\TranRF315.c
                     temp   0x000f24       data     extern F:\PROJECT\MPLABX\RF315MHz\TranRF315.X\TranRF315.c
                  warning   0x000f16       data     extern F:\PROJECT\MPLABX\RF315MHz\TranRF315.X\TranRF315.c



                              Symbols - Sorted by Address
                     Name    Address   Location    Storage File                     
                ---------  ---------  ---------  --------- ---------                
                   _entry   0x000000    program     extern E:\3.46\pic18-lt\cxx-framework\src\traditional\startup\c018i.c
       ___return_lbl00000   0x000004    program     static                          
                   __init   0x000006    program     extern E:\3.46\pic18-lt\cxx-framework\src\traditional\stdclib\__init.c
         interrupt_vector   0x000018    program     extern F:\PROJECT\MPLABX\RF315MHz\TranRF315.X\TranRF315.c
       ___return_lbl00003   0x00001c    program     static                          
                 Delay2us   0x000038    program     extern F:\PROJECT\MPLABX\RF315MHz\TranRF315.X\CC1101\CC1101.c
       ___return_lbl00000   0x000040    program     static                          
                Delay41us   0x000042    program     extern F:\PROJECT\MPLABX\RF315MHz\TranRF315.X\CC1101\CC1101.c
       ___return_lbl00001   0x000050    program     static                          
          writeRFSettings   0x000052    program     extern F:\PROJECT\MPLABX\RF315MHz\TranRF315.X\CC1101\CC1101.c
            writeRFConfig   0x000272    program     extern F:\PROJECT\MPLABX\RF315MHz\TranRF315.X\CC1101\CC1101.c
             CC1101_Reset   0x00045a    program     extern F:\PROJECT\MPLABX\RF315MHz\TranRF315.X\CC1101\CC1101.c
           CC1101_PowerUp   0x000472    program     extern F:\PROJECT\MPLABX\RF315MHz\TranRF315.X\CC1101\CC1101.c
       ___return_lbl00007   0x000484    program     static                          
            CC1101_Strobe   0x000486    program     extern F:\PROJECT\MPLABX\RF315MHz\TranRF315.X\CC1101\CC1101.c
        CC1101_ReadStatus   0x0004c0    program     extern F:\PROJECT\MPLABX\RF315MHz\TranRF315.X\CC1101\CC1101.c
            CC1101_Config   0x000500    program     extern F:\PROJECT\MPLABX\RF315MHz\TranRF315.X\CC1101\CC1101.c
   CC1101_WriteRfSettings   0x00052c    program     extern F:\PROJECT\MPLABX\RF315MHz\TranRF315.X\CC1101\CC1101.c
           CC1101_ReadReg   0x0009f6    program     extern F:\PROJECT\MPLABX\RF315MHz\TranRF315.X\CC1101\CC1101.c
      CC1101_ReadBurstReg   0x000a3e    program     extern F:\PROJECT\MPLABX\RF315MHz\TranRF315.X\CC1101\CC1101.c
          CC1101_WriteReg   0x000ab4    program     extern F:\PROJECT\MPLABX\RF315MHz\TranRF315.X\CC1101\CC1101.c
     CC1101_WriteBurstReg   0x000af6    program     extern F:\PROJECT\MPLABX\RF315MHz\TranRF315.X\CC1101\CC1101.c
            CC1101_RdRSSI   0x000b5e    program     extern F:\PROJECT\MPLABX\RF315MHz\TranRF315.X\CC1101\CC1101.c
             CC1101_RdLQI   0x000bb2    program     extern F:\PROJECT\MPLABX\RF315MHz\TranRF315.X\CC1101\CC1101.c
       CC1101_RxFifoEmpty   0x000bd4    program     extern F:\PROJECT\MPLABX\RF315MHz\TranRF315.X\CC1101\CC1101.c
       CC1101_TxFifoEmpty   0x000c1a    program     extern F:\PROJECT\MPLABX\RF315MHz\TranRF315.X\CC1101\CC1101.c
  CC1101_ReadChipStatusTX   0x000c60    program     extern F:\PROJECT\MPLABX\RF315MHz\TranRF315.X\CC1101\CC1101.c
  CC1101_ReadChipStatusRX   0x000c6a    program     extern F:\PROJECT\MPLABX\RF315MHz\TranRF315.X\CC1101\CC1101.c
           CC1101_FlushRX   0x000ca6    program     extern F:\PROJECT\MPLABX\RF315MHz\TranRF315.X\CC1101\CC1101.c
           CC1101_FlushTX   0x000cbc    program     extern F:\PROJECT\MPLABX\RF315MHz\TranRF315.X\CC1101\CC1101.c
            CC1101_RXMode   0x000cd2    program     extern F:\PROJECT\MPLABX\RF315MHz\TranRF315.X\CC1101\CC1101.c
              CC1101_Init   0x000ce8    program     extern F:\PROJECT\MPLABX\RF315MHz\TranRF315.X\CC1101\CC1101.c
       ___return_lbl00053   0x000d00    program     static                          
     CC1101_ReceivePacket   0x000d02    program     extern F:\PROJECT\MPLABX\RF315MHz\TranRF315.X\CC1101\CC1101.c
        CC1101_SendPacket   0x000ddc    program     extern F:\PROJECT\MPLABX\RF315MHz\TranRF315.X\CC1101\CC1101.c
       CC1101_SendPackets   0x000e8e    program     extern F:\PROJECT\MPLABX\RF315MHz\TranRF315.X\CC1101\CC1101.c
               Init_PORTS   0x000f3a    program     extern F:\PROJECT\MPLABX\RF315MHz\TranRF315.X\LCD\LCD.c
                 Init_LCD   0x000f4a    program     extern F:\PROJECT\MPLABX\RF315MHz\TranRF315.X\LCD\LCD.c
                   LCD_OK   0x000f9e    program     extern F:\PROJECT\MPLABX\RF315MHz\TranRF315.X\LCD\LCD.c
                  LCD_CMD   0x000fe2    program     extern F:\PROJECT\MPLABX\RF315MHz\TranRF315.X\LCD\LCD.c
                 LCD_DATA   0x001128    program     extern F:\PROJECT\MPLABX\RF315MHz\TranRF315.X\LCD\LCD.c
                lcd_clear   0x00126e    program     extern F:\PROJECT\MPLABX\RF315MHz\TranRF315.X\LCD\LCD.c
                lcd_putch   0x001278    program     extern F:\PROJECT\MPLABX\RF315MHz\TranRF315.X\LCD\LCD.c
               lcd_putstr   0x001292    program     extern F:\PROJECT\MPLABX\RF315MHz\TranRF315.X\LCD\LCD.c
               lcd_gotoxy   0x0012dc    program     extern F:\PROJECT\MPLABX\RF315MHz\TranRF315.X\LCD\LCD.c
             LCD_IN_INTER   0x00135a    program     extern F:\PROJECT\MPLABX\RF315MHz\TranRF315.X\LCD\LCD.c
                  lcd_int   0x001514    program     extern F:\PROJECT\MPLABX\RF315MHz\TranRF315.X\LCD\LCD.c
             LCD_IN_FLOAT   0x00158c    program     extern F:\PROJECT\MPLABX\RF315MHz\TranRF315.X\LCD\LCD.c
                    FPM32   0x0017b2    program     extern E:\3.46\pic18-lt\cxx-framework\src\traditional\math\mulFP.asm
                 jANotInf   0x0017d0    program     static E:\3.46\pic18-lt\cxx-framework\src\traditional\math\mulFP.asm
              jBothFinite   0x0017de    program     static E:\3.46\pic18-lt\cxx-framework\src\traditional\math\mulFP.asm
                jHaveZero   0x0017e6    program     static E:\3.46\pic18-lt\cxx-framework\src\traditional\math\mulFP.asm
             jBothNotZero   0x0017ea    program     static E:\3.46\pic18-lt\cxx-framework\src\traditional\math\mulFP.asm
                 FXD0808S   0x00188c    program     extern E:\3.46\pic18-lt\cxx-framework\src\traditional\math\fxd0808s.asm
                  DA0808S   0x001898    program     static E:\3.46\pic18-lt\cxx-framework\src\traditional\math\fxd0808s.asm
                   D0808S   0x0018a2    program     static E:\3.46\pic18-lt\cxx-framework\src\traditional\math\fxd0808s.asm
                 D0808SOK   0x0018ac    program     static E:\3.46\pic18-lt\cxx-framework\src\traditional\math\fxd0808s.asm
                D0808SNEG   0x0018b0    program     static E:\3.46\pic18-lt\cxx-framework\src\traditional\math\fxd0808s.asm
                  D0808SX   0x0018b6    program     static E:\3.46\pic18-lt\cxx-framework\src\traditional\math\fxd0808s.asm
                  INT3216   0x0018c0    program     extern E:\3.46\pic18-lt\cxx-framework\src\traditional\math\castFP16.asm
                     jMax   0x0018d0    program     static E:\3.46\pic18-lt\cxx-framework\src\traditional\math\castFP16.asm
                  jMaxPos   0x0018d4    program     static E:\3.46\pic18-lt\cxx-framework\src\traditional\math\castFP16.asm
                  jMaxNeg   0x0018de    program     static E:\3.46\pic18-lt\cxx-framework\src\traditional\math\castFP16.asm
                    jZero   0x0018e6    program     static E:\3.46\pic18-lt\cxx-framework\src\traditional\math\castFP16.asm
                  jNotInf   0x0018ec    program     static E:\3.46\pic18-lt\cxx-framework\src\traditional\math\castFP16.asm
                    jLoop   0x0018fc    program     static E:\3.46\pic18-lt\cxx-framework\src\traditional\math\castFP16.asm
                jLoopExit   0x00190c    program     static E:\3.46\pic18-lt\cxx-framework\src\traditional\math\castFP16.asm
                    jExit   0x00191c    program     static E:\3.46\pic18-lt\cxx-framework\src\traditional\math\castFP16.asm
            __FpReturnNaN   0x00191e    program     extern E:\3.46\pic18-lt\cxx-framework\src\traditional\math\packFP.asm
                 __FpExit   0x00192a    program     extern E:\3.46\pic18-lt\cxx-framework\src\traditional\math\packFP.asm
        __FpReturnSignInf   0x00192c    program     extern E:\3.46\pic18-lt\cxx-framework\src\traditional\math\packFP.asm
         __FpReturnNegInf   0x001930    program     extern E:\3.46\pic18-lt\cxx-framework\src\traditional\math\packFP.asm
         __FpReturnPosInf   0x001936    program     extern E:\3.46\pic18-lt\cxx-framework\src\traditional\math\packFP.asm
           jReturnPosInf0   0x00193a    program     static E:\3.46\pic18-lt\cxx-framework\src\traditional\math\packFP.asm
               jZero1and2   0x00193e    program     static E:\3.46\pic18-lt\cxx-framework\src\traditional\math\packFP.asm
       __FpReturnSignZero   0x001944    program     extern E:\3.46\pic18-lt\cxx-framework\src\traditional\math\packFP.asm
        __FpReturnNegZero   0x001948    program     extern E:\3.46\pic18-lt\cxx-framework\src\traditional\math\packFP.asm
        __FpReturnPosZero   0x001950    program     extern E:\3.46\pic18-lt\cxx-framework\src\traditional\math\packFP.asm
                 __FpPack   0x001956    program     extern E:\3.46\pic18-lt\cxx-framework\src\traditional\math\packFP.asm
                  jPkLoop   0x001964    program     static E:\3.46\pic18-lt\cxx-framework\src\traditional\math\packFP.asm
             jPkShiftDone   0x001980    program     static E:\3.46\pic18-lt\cxx-framework\src\traditional\math\packFP.asm
               jPkRoundIt   0x001996    program     static E:\3.46\pic18-lt\cxx-framework\src\traditional\math\packFP.asm
             jPkRoundDone   0x0019ae    program     static E:\3.46\pic18-lt\cxx-framework\src\traditional\math\packFP.asm
              __FpReturnW   0x0019ae    program     extern E:\3.46\pic18-lt\cxx-framework\src\traditional\math\packFP.asm
              __FpUnPackA   0x0019ce    program     extern E:\3.46\pic18-lt\cxx-framework\src\traditional\math\UnpackFP.asm
                  jUnpkA1   0x0019d8    program     static E:\3.46\pic18-lt\cxx-framework\src\traditional\math\UnpackFP.asm
                 jUnpkANZ   0x0019e6    program     static E:\3.46\pic18-lt\cxx-framework\src\traditional\math\UnpackFP.asm
                  jUnpkA2   0x0019f0    program     static E:\3.46\pic18-lt\cxx-framework\src\traditional\math\UnpackFP.asm
                 jUnpkNaN   0x0019fa    program     static E:\3.46\pic18-lt\cxx-framework\src\traditional\math\UnpackFP.asm
              __FpUnPackB   0x0019fe    program     extern E:\3.46\pic18-lt\cxx-framework\src\traditional\math\UnpackFP.asm
                  jUnpkB1   0x001a08    program     static E:\3.46\pic18-lt\cxx-framework\src\traditional\math\UnpackFP.asm
                 jUnpkBNZ   0x001a16    program     static E:\3.46\pic18-lt\cxx-framework\src\traditional\math\UnpackFP.asm
                  jUnpkB2   0x001a20    program     static E:\3.46\pic18-lt\cxx-framework\src\traditional\math\UnpackFP.asm
                     main   0x001a2a    program     extern F:\PROJECT\MPLABX\RF315MHz\TranRF315.X\TranRF315.c
                Timer_Isr   0x001a72    program     extern F:\PROJECT\MPLABX\RF315MHz\TranRF315.X\TranRF315.c
                UART_Init   0x001b58    program     extern F:\PROJECT\MPLABX\RF315MHz\TranRF315.X\UART\UART.c
           Init_Tran_UART   0x001b7c    program     extern F:\PROJECT\MPLABX\RF315MHz\TranRF315.X\UART\UART.c
            Init_Rec_UART   0x001b84    program     extern F:\PROJECT\MPLABX\RF315MHz\TranRF315.X\UART\UART.c
                uart_putc   0x001b96    program     extern F:\PROJECT\MPLABX\RF315MHz\TranRF315.X\UART\UART.c
                uart_puts   0x001bb0    program     extern F:\PROJECT\MPLABX\RF315MHz\TranRF315.X\UART\UART.c
                uart_getc   0x001bf0    program     extern F:\PROJECT\MPLABX\RF315MHz\TranRF315.X\UART\UART.c
                uart_gets   0x001bf8    program     extern F:\PROJECT\MPLABX\RF315MHz\TranRF315.X\UART\UART.c
                _do_cinit   0x001c3a    program     extern E:\3.46\pic18-lt\cxx-framework\src\traditional\startup\c018i.c
                     test   0x001c54    program     static                          
                copy_loop   0x001cac    program     static                          
            copy_one_byte   0x001cb2    program     static                          
             done_copying   0x001cc0    program     static                          
       ___return_lbl00002   0x001cd6    program     static                          
                     done   0x001cd6    program     static                          
        SPI_Config_Master   0x001cd8    program     extern F:\PROJECT\MPLABX\RF315MHz\TranRF315.X\SPI\SPI.c
                SPI_Write   0x001cec    program     extern F:\PROJECT\MPLABX\RF315MHz\TranRF315.X\SPI\SPI.c
                 SPI_Read   0x001d2a    program     extern F:\PROJECT\MPLABX\RF315MHz\TranRF315.X\SPI\SPI.c
            Timer0_Config   0x001d4c    program     extern F:\PROJECT\MPLABX\RF315MHz\TranRF315.X\TIMER\TIMER.c
            Timer1_Config   0x001d68    program     extern F:\PROJECT\MPLABX\RF315MHz\TranRF315.X\TIMER\TIMER.c
            Timer3_Config   0x001d7e    program     extern F:\PROJECT\MPLABX\RF315MHz\TranRF315.X\TIMER\TIMER.c
             ExINT_Config   0x001d92    program     extern F:\PROJECT\MPLABX\RF315MHz\TranRF315.X\TIMER\TIMER.c
                 FXD1616U   0x001da0    program     extern E:\3.46\pic18-lt\cxx-framework\src\traditional\math\fxd1616u.c
                     loop   0x001daa    program     static                          
                  endloop   0x001dc6    program     static                          
       ___return_lbl00000   0x001dca    program     static                          
              Delay1KTCYx   0x001dcc    program     extern E:\3.46\pic18-lt\cxx-framework\src\traditional\delays\d1ktcyx.asm
                     D1Kx   0x001dd6    program     static E:\3.46\pic18-lt\cxx-framework\src\traditional\delays\d1ktcyx.asm
                    D1K_1   0x001dd8    program     static E:\3.46\pic18-lt\cxx-framework\src\traditional\delays\d1ktcyx.asm
        _D1KTCYXCODE_0010   0x001ddc    program     static E:\3.46\pic18-lt\cxx-framework\src\traditional\delays\d1ktcyx.asm
        _D1KTCYXCODE_0016   0x001de2    program     static E:\3.46\pic18-lt\cxx-framework\src\traditional\delays\d1ktcyx.asm
            __zero_memory   0x001dec    program     extern E:\3.46\pic18-lt\cxx-framework\src\traditional\proc\p18f26k20.asm
                   loop_h   0x001dfa    program     static E:\3.46\pic18-lt\cxx-framework\src\traditional\proc\p18f26k20.asm
               zero_block   0x001dfa    program     static E:\3.46\pic18-lt\cxx-framework\src\traditional\proc\p18f26k20.asm
                compare_l   0x001e02    program     static E:\3.46\pic18-lt\cxx-framework\src\traditional\proc\p18f26k20.asm
                   loop_l   0x001e04    program     static E:\3.46\pic18-lt\cxx-framework\src\traditional\proc\p18f26k20.asm
                 _startup   0x001e0c    program     extern E:\3.46\pic18-lt\cxx-framework\src\traditional\startup\c018i.c
                     loop   0x001e1c    program     static                          
       ___return_lbl00001   0x001e26    program     static                          
                 FXD0808U   0x001e28    program     extern E:\3.46\pic18-lt\cxx-framework\src\traditional\math\fxd0808u.c
                     loop   0x001e30    program     static                          
                  endloop   0x001e3e    program     static                          
       ___return_lbl00000   0x001e42    program     static                          
              Delay10TCYx   0x001e44    program     extern E:\3.46\pic18-lt\cxx-framework\src\traditional\delays\d10tcyx.asm
                     D10x   0x001e4c    program     static E:\3.46\pic18-lt\cxx-framework\src\traditional\delays\d10tcyx.asm
        _D10TCYXCODE_000A   0x001e4e    program     static E:\3.46\pic18-lt\cxx-framework\src\traditional\delays\d10tcyx.asm
        _D10TCYXCODE_000C   0x001e50    program     static E:\3.46\pic18-lt\cxx-framework\src\traditional\delays\d10tcyx.asm
        _D10TCYXCODE_000E   0x001e52    program     static E:\3.46\pic18-lt\cxx-framework\src\traditional\delays\d10tcyx.asm
                    D10_1   0x001e54    program     static E:\3.46\pic18-lt\cxx-framework\src\traditional\delays\d10tcyx.asm
               __config_0   0x300001    program     static F:\PROJECT\MPLABX\RF315MHz\TranRF315.X\TranRF315.c
               __config_1   0x300002    program     static F:\PROJECT\MPLABX\RF315MHz\TranRF315.X\TranRF315.c
               __config_2   0x300003    program     static F:\PROJECT\MPLABX\RF315MHz\TranRF315.X\TranRF315.c
               __config_3   0x300005    program     static F:\PROJECT\MPLABX\RF315MHz\TranRF315.X\TranRF315.c
               __config_4   0x300006    program     static F:\PROJECT\MPLABX\RF315MHz\TranRF315.X\TranRF315.c
               __config_5   0x300008    program     static F:\PROJECT\MPLABX\RF315MHz\TranRF315.X\TranRF315.c
               __config_6   0x300009    program     static F:\PROJECT\MPLABX\RF315MHz\TranRF315.X\TranRF315.c
               __config_7   0x30000a    program     static F:\PROJECT\MPLABX\RF315MHz\TranRF315.X\TranRF315.c
               __config_8   0x30000b    program     static F:\PROJECT\MPLABX\RF315MHz\TranRF315.X\TranRF315.c
               __config_9   0x30000c    program     static F:\PROJECT\MPLABX\RF315MHz\TranRF315.X\TranRF315.c
              __config_10   0x30000d    program     static F:\PROJECT\MPLABX\RF315MHz\TranRF315.X\TranRF315.c
                     SIGN   0x000000       data     extern E:\3.46\pic18-lt\cxx-framework\src\traditional\math\cmath18.asm
                __FPFLAGS   0x000001       data     extern E:\3.46\pic18-lt\cxx-framework\src\traditional\math\cmath18.asm
            __FPFLAGSbits   0x000001       data     extern E:\3.46\pic18-lt\cxx-framework\src\traditional\math\cmath18.asm
                  __REMB3   0x000002       data     extern E:\3.46\pic18-lt\cxx-framework\src\traditional\math\aarg.asm
                 __AARGB7   0x000002       data     extern E:\3.46\pic18-lt\cxx-framework\src\traditional\math\aarg.asm
                  __REMB2   0x000003       data     extern E:\3.46\pic18-lt\cxx-framework\src\traditional\math\aarg.asm
                 __AARGB6   0x000003       data     extern E:\3.46\pic18-lt\cxx-framework\src\traditional\math\aarg.asm
                 __AARGB5   0x000004       data     extern E:\3.46\pic18-lt\cxx-framework\src\traditional\math\aarg.asm
                  __REMB1   0x000004       data     extern E:\3.46\pic18-lt\cxx-framework\src\traditional\math\aarg.asm
                  __REMB0   0x000005       data     extern E:\3.46\pic18-lt\cxx-framework\src\traditional\math\aarg.asm
                 __AARGB4   0x000005       data     extern E:\3.46\pic18-lt\cxx-framework\src\traditional\math\aarg.asm
                 __AARGB3   0x000006       data     extern E:\3.46\pic18-lt\cxx-framework\src\traditional\math\aarg.asm
                 __AARGB2   0x000007       data     extern E:\3.46\pic18-lt\cxx-framework\src\traditional\math\aarg.asm
                 __AARGB1   0x000008       data     extern E:\3.46\pic18-lt\cxx-framework\src\traditional\math\aarg.asm
                 __AARGB0   0x000009       data     extern E:\3.46\pic18-lt\cxx-framework\src\traditional\math\aarg.asm
                   __AEXP   0x00000a       data     extern E:\3.46\pic18-lt\cxx-framework\src\traditional\math\aarg.asm
                 __BARGB3   0x00000b       data     extern E:\3.46\pic18-lt\cxx-framework\src\traditional\math\barg.asm
                 __BARGB2   0x00000c       data     extern E:\3.46\pic18-lt\cxx-framework\src\traditional\math\barg.asm
                 __BARGB1   0x00000d       data     extern E:\3.46\pic18-lt\cxx-framework\src\traditional\math\barg.asm
                 __BARGB0   0x00000e       data     extern E:\3.46\pic18-lt\cxx-framework\src\traditional\math\barg.asm
                   __BEXP   0x00000f       data     extern E:\3.46\pic18-lt\cxx-framework\src\traditional\math\barg.asm
                 __TEMPB3   0x000010       data     extern E:\3.46\pic18-lt\cxx-framework\src\traditional\math\temparg.asm
                 __TEMPB2   0x000011       data     extern E:\3.46\pic18-lt\cxx-framework\src\traditional\math\temparg.asm
                 __TEMPB1   0x000012       data     extern E:\3.46\pic18-lt\cxx-framework\src\traditional\math\temparg.asm
                 __TEMPB0   0x000013       data     extern E:\3.46\pic18-lt\cxx-framework\src\traditional\math\temparg.asm
                   __TEMP   0x000013       data     extern E:\3.46\pic18-lt\cxx-framework\src\traditional\math\temparg.asm
                  __tmp_0   0x000014       data     static F:\PROJECT\MPLABX\RF315MHz\TranRF315.X\LCD\LCD.c
                  __tmp_0   0x000014       data     static F:\PROJECT\MPLABX\RF315MHz\TranRF315.X\SPI\SPI.c
                  __tmp_0   0x000014       data     static F:\PROJECT\MPLABX\RF315MHz\TranRF315.X\CC1101\CC1101.c
            DelayCounter1   0x000018       data     extern E:\3.46\pic18-lt\cxx-framework\src\traditional\delays\delayd1.asm
           chip_status_rx   0x000060       data     extern F:\PROJECT\MPLABX\RF315MHz\TranRF315.X\TranRF315.c
           chip_status_tx   0x000061       data     extern F:\PROJECT\MPLABX\RF315MHz\TranRF315.X\TranRF315.c
                   buffer   0x000062       data     extern F:\PROJECT\MPLABX\RF315MHz\TranRF315.X\TranRF315.c
                      len   0x000092       data     extern F:\PROJECT\MPLABX\RF315MHz\TranRF315.X\TranRF315.c
                       Ok   0x000093       data     extern F:\PROJECT\MPLABX\RF315MHz\TranRF315.X\TranRF315.c
                       da   0x000094       data     extern F:\PROJECT\MPLABX\RF315MHz\TranRF315.X\TranRF315.c
               rfSettings   0x000095       data     extern F:\PROJECT\MPLABX\RF315MHz\TranRF315.X\CC1101\CC1101.c
            PATABLE_VALUE   0x0000b9       data     extern F:\PROJECT\MPLABX\RF315MHz\TranRF315.X\CC1101\CC1101.c
                     str1   0x000f00       data     extern F:\PROJECT\MPLABX\RF315MHz\TranRF315.X\TranRF315.c
                     str2   0x000f0e       data     extern F:\PROJECT\MPLABX\RF315MHz\TranRF315.X\TranRF315.c
                  warning   0x000f16       data     extern F:\PROJECT\MPLABX\RF315MHz\TranRF315.X\TranRF315.c
                     temp   0x000f24       data     extern F:\PROJECT\MPLABX\RF315MHz\TranRF315.X\TranRF315.c
                    count   0x000f34       data     extern F:\PROJECT\MPLABX\RF315MHz\TranRF315.X\TranRF315.c
                     prom   0x000f36       data     static E:\3.46\pic18-lt\cxx-framework\src\traditional\startup\c018i.c
                curr_byte   0x000f39       data     static E:\3.46\pic18-lt\cxx-framework\src\traditional\startup\c018i.c
               curr_entry   0x000f3b       data     static E:\3.46\pic18-lt\cxx-framework\src\traditional\startup\c018i.c
                 data_ptr   0x000f3d       data     static E:\3.46\pic18-lt\cxx-framework\src\traditional\startup\c018i.c
                     rssi   0x000f40       data     static F:\PROJECT\MPLABX\RF315MHz\TranRF315.X\CC1101\CC1101.c
                      lqi   0x000f41       data     static F:\PROJECT\MPLABX\RF315MHz\TranRF315.X\CC1101\CC1101.c
                   SSPMSK   0x000f77       data     extern E:\3.46\pic18-lt\cxx-framework\src\traditional\proc\p18f26k20.asm
               SSPMSKbits   0x000f77       data     extern E:\3.46\pic18-lt\cxx-framework\src\traditional\proc\p18f26k20.asm
               SLRCONbits   0x000f78       data     extern E:\3.46\pic18-lt\cxx-framework\src\traditional\proc\p18f26k20.asm
                   SLRCON   0x000f78       data     extern E:\3.46\pic18-lt\cxx-framework\src\traditional\proc\p18f26k20.asm
              CM2CON1bits   0x000f79       data     extern E:\3.46\pic18-lt\cxx-framework\src\traditional\proc\p18f26k20.asm
                  CM2CON1   0x000f79       data     extern E:\3.46\pic18-lt\cxx-framework\src\traditional\proc\p18f26k20.asm
                  CM2CON0   0x000f7a       data     extern E:\3.46\pic18-lt\cxx-framework\src\traditional\proc\p18f26k20.asm
              CM2CON0bits   0x000f7a       data     extern E:\3.46\pic18-lt\cxx-framework\src\traditional\proc\p18f26k20.asm
                  CM1CON0   0x000f7b       data     extern E:\3.46\pic18-lt\cxx-framework\src\traditional\proc\p18f26k20.asm
              CM1CON0bits   0x000f7b       data     extern E:\3.46\pic18-lt\cxx-framework\src\traditional\proc\p18f26k20.asm
                 WPUBbits   0x000f7c       data     extern E:\3.46\pic18-lt\cxx-framework\src\traditional\proc\p18f26k20.asm
                     WPUB   0x000f7c       data     extern E:\3.46\pic18-lt\cxx-framework\src\traditional\proc\p18f26k20.asm
                 IOCBbits   0x000f7d       data     extern E:\3.46\pic18-lt\cxx-framework\src\traditional\proc\p18f26k20.asm
                     IOCB   0x000f7d       data     extern E:\3.46\pic18-lt\cxx-framework\src\traditional\proc\p18f26k20.asm
                ANSELbits   0x000f7e       data     extern E:\3.46\pic18-lt\cxx-framework\src\traditional\proc\p18f26k20.asm
                    ANSEL   0x000f7e       data     extern E:\3.46\pic18-lt\cxx-framework\src\traditional\proc\p18f26k20.asm
[...]
                    TRISB   0x000f93       data     extern E:\3.46\pic18-lt\cxx-framework\src\traditional\proc\p18f26k20.asm
                TRISBbits   0x000f93       data     extern E:\3.46\pic18-lt\cxx-framework\src\traditional\proc\p18f26k20.asm
                 DDRBbits   0x000f93       data     extern E:\3.46\pic18-lt\cxx-framework\src\traditional\proc\p18f26k20.asm
                     DDRB   0x000f93       data     extern E:\3.46\pic18-lt\cxx-framework\src\traditional\proc\p18f26k20.asm
                    TRISC   0x000f94       data     extern E:\3.46\pic18-lt\cxx-framework\src\traditional\proc\p18f26k20.asm
                TRISCbits   0x000f94       data     extern E:\3.46\pic18-lt\cxx-framework\src\traditional\proc\p18f26k20.asm
                 DDRCbits   0x000f94       data     extern E:\3.46\pic18-lt\cxx-framework\src\traditional\proc\p18f26k20.asm
                     DDRC   0x000f94       data     extern E:\3.46\pic18-lt\cxx-framework\src\traditional\proc\p18f26k20.asm
                  OSCTUNE   0x000f9b       data     extern E:\3.46\pic18-lt\cxx-framework\src\traditional\proc\p18f26k20.asm
              OSCTUNEbits   0x000f9b       data     extern E:\3.46\pic18-lt\cxx-framework\src\traditional\proc\p18f26k20.asm
                     PIE1   0x000f9d       data     extern E:\3.46\pic18-lt\cxx-framework\src\traditional\proc\p18f26k20.asm
                 PIE1bits   0x000f9d       data     extern E:\3.46\pic18-lt\cxx-framework\src\traditional\proc\p18f26k20.asm
                     PIR1   0x000f9e       data     extern E:\3.46\pic18-lt\cxx-framework\src\traditional\proc\p18f26k20.asm
                 PIR1bits   0x000f9e       data     extern E:\3.46\pic18-lt\cxx-framework\src\traditional\proc\p18f26k20.asm
                 IPR1bits   0x000f9f       data     extern E:\3.46\pic18-lt\cxx-framework\src\traditional\proc\p18f26k20.asm
                     IPR1   0x000f9f       data     extern E:\3.46\pic18-lt\cxx-framework\src\traditional\proc\p18f26k20.asm
                     PIE2   0x000fa0       data     extern E:\3.46\pic18-lt\cxx-framework\src\traditional\proc\p18f26k20.asm
                 PIE2bits   0x000fa0       data     extern E:\3.46\pic18-lt\cxx-framework\src\traditional\proc\p18f26k20.asm
                     PIR2   0x000fa1       data     extern E:\3.46\pic18-lt\cxx-framework\src\traditional\proc\p18f26k20.asm
                 PIR2bits   0x000fa1       data     extern E:\3.46\pic18-lt\cxx-framework\src\traditional\proc\p18f26k20.asm
                 IPR2bits   0x000fa2       data     extern E:\3.46\pic18-lt\cxx-framework\src\traditional\proc\p18f26k20.asm
                     IPR2   0x000fa2       data     extern E:\3.46\pic18-lt\cxx-framework\src\traditional\proc\p18f26k20.asm
               EECON1bits   0x000fa6       data     extern E:\3.46\pic18-lt\cxx-framework\src\traditional\proc\p18f26k20.asm
                   EECON1   0x000fa6       data     extern E:\3.46\pic18-lt\cxx-framework\src\traditional\proc\p18f26k20.asm
                   EECON2   0x000fa7       data     extern E:\3.46\pic18-lt\cxx-framework\src\traditional\proc\p18f26k20.asm
                   EEDATA   0x000fa8       data     extern E:\3.46\pic18-lt\cxx-framework\src\traditional\proc\p18f26k20.asm
                EEADRbits   0x000fa9       data     extern E:\3.46\pic18-lt\cxx-framework\src\traditional\proc\p18f26k20.asm
                    EEADR   0x000fa9       data     extern E:\3.46\pic18-lt\cxx-framework\src\traditional\proc\p18f26k20.asm
                   EEADRH   0x000faa       data     extern E:\3.46\pic18-lt\cxx-framework\src\traditional\proc\p18f26k20.asm
               EEADRHbits   0x000faa       data     extern E:\3.46\pic18-lt\cxx-framework\src\traditional\proc\p18f26k20.asm
                RCSTAbits   0x000fab       data     extern E:\3.46\pic18-lt\cxx-framework\src\traditional\proc\p18f26k20.asm
                    RCSTA   0x000fab       data     extern E:\3.46\pic18-lt\cxx-framework\src\traditional\proc\p18f26k20.asm
                    TXSTA   0x000fac       data     extern E:\3.46\pic18-lt\cxx-framework\src\traditional\proc\p18f26k20.asm
                TXSTAbits   0x000fac       data     extern E:\3.46\pic18-lt\cxx-framework\src\traditional\proc\p18f26k20.asm
                    TXREG   0x000fad       data     extern E:\3.46\pic18-lt\cxx-framework\src\traditional\proc\p18f26k20.asm
                    RCREG   0x000fae       data     extern E:\3.46\pic18-lt\cxx-framework\src\traditional\proc\p18f26k20.asm
                    SPBRG   0x000faf       data     extern E:\3.46\pic18-lt\cxx-framework\src\traditional\proc\p18f26k20.asm
                   SPBRGH   0x000fb0       data     extern E:\3.46\pic18-lt\cxx-framework\src\traditional\proc\p18f26k20.asm
                    T3CON   0x000fb1       data     extern E:\3.46\pic18-lt\cxx-framework\src\traditional\proc\p18f26k20.asm
                T3CONbits   0x000fb1       data     extern E:\3.46\pic18-lt\cxx-framework\src\traditional\proc\p18f26k20.asm
                    TMR3L   0x000fb2       data     extern E:\3.46\pic18-lt\cxx-framework\src\traditional\proc\p18f26k20.asm
                    TMR3H   0x000fb3       data     extern E:\3.46\pic18-lt\cxx-framework\src\traditional\proc\p18f26k20.asm
              CVRCON2bits   0x000fb4       data     extern E:\3.46\pic18-lt\cxx-framework\src\traditional\proc\p18f26k20.asm
                  CVRCON2   0x000fb4       data     extern E:\3.46\pic18-lt\cxx-framework\src\traditional\proc\p18f26k20.asm
               CVRCONbits   0x000fb5       data     extern E:\3.46\pic18-lt\cxx-framework\src\traditional\proc\p18f26k20.asm
                   CVRCON   0x000fb5       data     extern E:\3.46\pic18-lt\cxx-framework\src\traditional\proc\p18f26k20.asm
              ECCP1ASbits   0x000fb6       data     extern E:\3.46\pic18-lt\cxx-framework\src\traditional\proc\p18f26k20.asm
                  ECCP1AS   0x000fb6       data     extern E:\3.46\pic18-lt\cxx-framework\src\traditional\proc\p18f26k20.asm
                  PWM1CON   0x000fb7       data     extern E:\3.46\pic18-lt\cxx-framework\src\traditional\proc\p18f26k20.asm
              PWM1CONbits   0x000fb7       data     extern E:\3.46\pic18-lt\cxx-framework\src\traditional\proc\p18f26k20.asm
              BAUDCONbits   0x000fb8       data     extern E:\3.46\pic18-lt\cxx-framework\src\traditional\proc\p18f26k20.asm
                  BAUDCTL   0x000fb8       data     extern E:\3.46\pic18-lt\cxx-framework\src\traditional\proc\p18f26k20.asm
              BAUDCTLbits   0x000fb8       data     extern E:\3.46\pic18-lt\cxx-framework\src\traditional\proc\p18f26k20.asm
                  BAUDCON   0x000fb8       data     extern E:\3.46\pic18-lt\cxx-framework\src\traditional\proc\p18f26k20.asm
              PSTRCONbits   0x000fb9       data     extern E:\3.46\pic18-lt\cxx-framework\src\traditional\proc\p18f26k20.asm
                  PSTRCON   0x000fb9       data     extern E:\3.46\pic18-lt\cxx-framework\src\traditional\proc\p18f26k20.asm
                  CCP2CON   0x000fba       data     extern E:\3.46\pic18-lt\cxx-framework\src\traditional\proc\p18f26k20.asm
              CCP2CONbits   0x000fba       data     extern E:\3.46\pic18-lt\cxx-framework\src\traditional\proc\p18f26k20.asm
                   CCPR2L   0x000fbb       data     extern E:\3.46\pic18-lt\cxx-framework\src\traditional\proc\p18f26k20.asm
                    CCPR2   0x000fbb       data     extern E:\3.46\pic18-lt\cxx-framework\src\traditional\proc\p18f26k20.asm
                   CCPR2H   0x000fbc       data     extern E:\3.46\pic18-lt\cxx-framework\src\traditional\proc\p18f26k20.asm
                  CCP1CON   0x000fbd       data     extern E:\3.46\pic18-lt\cxx-framework\src\traditional\proc\p18f26k20.asm
              CCP1CONbits   0x000fbd       data     extern E:\3.46\pic18-lt\cxx-framework\src\traditional\proc\p18f26k20.asm
                   CCPR1L   0x000fbe       data     extern E:\3.46\pic18-lt\cxx-framework\src\traditional\proc\p18f26k20.asm
                    CCPR1   0x000fbe       data     extern E:\3.46\pic18-lt\cxx-framework\src\traditional\proc\p18f26k20.asm
                   CCPR1H   0x000fbf       data     extern E:\3.46\pic18-lt\cxx-framework\src\traditional\proc\p18f26k20.asm
               ADCON2bits   0x000fc0       data     extern E:\3.46\pic18-lt\cxx-framework\src\traditional\proc\p18f26k20.asm
                   ADCON2   0x000fc0       data     extern E:\3.46\pic18-lt\cxx-framework\src\traditional\proc\p18f26k20.asm
               ADCON1bits   0x000fc1       data     extern E:\3.46\pic18-lt\cxx-framework\src\traditional\proc\p18f26k20.asm
                   ADCON1   0x000fc1       data     extern E:\3.46\pic18-lt\cxx-framework\src\traditional\proc\p18f26k20.asm
                   ADCON0   0x000fc2       data     extern E:\3.46\pic18-lt\cxx-framework\src\traditional\proc\p18f26k20.asm
               ADCON0bits   0x000fc2       data     extern E:\3.46\pic18-lt\cxx-framework\src\traditional\proc\p18f26k20.asm
                    ADRES   0x000fc3       data     extern E:\3.46\pic18-lt\cxx-framework\src\traditional\proc\p18f26k20.asm
                   ADRESL   0x000fc3       data     extern E:\3.46\pic18-lt\cxx-framework\src\traditional\proc\p18f26k20.asm
                   ADRESH   0x000fc4       data     extern E:\3.46\pic18-lt\cxx-framework\src\traditional\proc\p18f26k20.asm
                  SSPCON2   0x000fc5       data     extern E:\3.46\pic18-lt\cxx-framework\src\traditional\proc\p18f26k20.asm
              SSPCON2bits   0x000fc5       data     extern E:\3.46\pic18-lt\cxx-framework\src\traditional\proc\p18f26k20.asm
                  SSPCON1   0x000fc6       data     extern E:\3.46\pic18-lt\cxx-framework\src\traditional\proc\p18f26k20.asm
              SSPCON1bits   0x000fc6       data     extern E:\3.46\pic18-lt\cxx-framework\src\traditional\proc\p18f26k20.asm
              SSPSTATbits   0x000fc7       data     extern E:\3.46\pic18-lt\cxx-framework\src\traditional\proc\p18f26k20.asm
                  SSPSTAT   0x000fc7       data     extern E:\3.46\pic18-lt\cxx-framework\src\traditional\proc\p18f26k20.asm
                   SSPADD   0x000fc8       data     extern E:\3.46\pic18-lt\cxx-framework\src\traditional\proc\p18f26k20.asm
                   SSPBUF   0x000fc9       data     extern E:\3.46\pic18-lt\cxx-framework\src\traditional\proc\p18f26k20.asm
                    T2CON   0x000fca       data     extern E:\3.46\pic18-lt\cxx-framework\src\traditional\proc\p18f26k20.asm
                T2CONbits   0x000fca       data     extern E:\3.46\pic18-lt\cxx-framework\src\traditional\proc\p18f26k20.asm
                      PR2   0x000fcb       data     extern E:\3.46\pic18-lt\cxx-framework\src\traditional\proc\p18f26k20.asm
                     TMR2   0x000fcc       data     extern E:\3.46\pic18-lt\cxx-framework\src\traditional\proc\p18f26k20.asm
                    T1CON   0x000fcd       data     extern E:\3.46\pic18-lt\cxx-framework\src\traditional\proc\p18f26k20.asm
                T1CONbits   0x000fcd       data     extern E:\3.46\pic18-lt\cxx-framework\src\traditional\proc\p18f26k20.asm
                    TMR1L   0x000fce       data     extern E:\3.46\pic18-lt\cxx-framework\src\traditional\proc\p18f26k20.asm
                    TMR1H   0x000fcf       data     extern E:\3.46\pic18-lt\cxx-framework\src\traditional\proc\p18f26k20.asm
                     RCON   0x000fd0       data     extern E:\3.46\pic18-lt\cxx-framework\src\traditional\proc\p18f26k20.asm
                 RCONbits   0x000fd0       data     extern E:\3.46\pic18-lt\cxx-framework\src\traditional\proc\p18f26k20.asm
                   WDTCON   0x000fd1       data     extern E:\3.46\pic18-lt\cxx-framework\src\traditional\proc\p18f26k20.asm
               WDTCONbits   0x000fd1       data     extern E:\3.46\pic18-lt\cxx-framework\src\traditional\proc\p18f26k20.asm
                  HLVDCON   0x000fd2       data     extern E:\3.46\pic18-lt\cxx-framework\src\traditional\proc\p18f26k20.asm
              HLVDCONbits   0x000fd2       data     extern E:\3.46\pic18-lt\cxx-framework\src\traditional\proc\p18f26k20.asm
                   LVDCON   0x000fd2       data     extern E:\3.46\pic18-lt\cxx-framework\src\traditional\proc\p18f26k20.asm
               LVDCONbits   0x000fd2       data     extern E:\3.46\pic18-lt\cxx-framework\src\traditional\proc\p18f26k20.asm
                   OSCCON   0x000fd3       data     extern E:\3.46\pic18-lt\cxx-framework\src\traditional\proc\p18f26k20.asm
               OSCCONbits   0x000fd3       data     extern E:\3.46\pic18-lt\cxx-framework\src\traditional\proc\p18f26k20.asm
                    T0CON   0x000fd5       data     extern E:\3.46\pic18-lt\cxx-framework\src\traditional\proc\p18f26k20.asm
                T0CONbits   0x000fd5       data     extern E:\3.46\pic18-lt\cxx-framework\src\traditional\proc\p18f26k20.asm
                    TMR0L   0x000fd6       data     extern E:\3.46\pic18-lt\cxx-framework\src\traditional\proc\p18f26k20.asm
                    TMR0H   0x000fd7       data     extern E:\3.46\pic18-lt\cxx-framework\src\traditional\proc\p18f26k20.asm
               STATUSbits   0x000fd8       data     extern E:\3.46\pic18-lt\cxx-framework\src\traditional\proc\p18f26k20.asm
                   STATUS   0x000fd8       data     extern E:\3.46\pic18-lt\cxx-framework\src\traditional\proc\p18f26k20.asm
                    FSR2L   0x000fd9       data     extern E:\3.46\pic18-lt\cxx-framework\src\traditional\proc\p18f26k20.asm
                     FSR2   0x000fd9       data     extern E:\3.46\pic18-lt\cxx-framework\src\traditional\proc\p18f26k20.asm
                    FSR2H   0x000fda       data     extern E:\3.46\pic18-lt\cxx-framework\src\traditional\proc\p18f26k20.asm
                   PLUSW2   0x000fdb       data     extern E:\3.46\pic18-lt\cxx-framework\src\traditional\proc\p18f26k20.asm
                  PREINC2   0x000fdc       data     extern E:\3.46\pic18-lt\cxx-framework\src\traditional\proc\p18f26k20.asm
                 POSTDEC2   0x000fdd       data     extern E:\3.46\pic18-lt\cxx-framework\src\traditional\proc\p18f26k20.asm
                 POSTINC2   0x000fde       data     extern E:\3.46\pic18-lt\cxx-framework\src\traditional\proc\p18f26k20.asm
                    INDF2   0x000fdf       data     extern E:\3.46\pic18-lt\cxx-framework\src\traditional\proc\p18f26k20.asm
                      BSR   0x000fe0       data     extern E:\3.46\pic18-lt\cxx-framework\src\traditional\proc\p18f26k20.asm
                    FSR1L   0x000fe1       data     extern E:\3.46\pic18-lt\cxx-framework\src\traditional\proc\p18f26k20.asm
                     FSR1   0x000fe1       data     extern E:\3.46\pic18-lt\cxx-framework\src\traditional\proc\p18f26k20.asm
                    FSR1H   0x000fe2       data     extern E:\3.46\pic18-lt\cxx-framework\src\traditional\proc\p18f26k20.asm
                   PLUSW1   0x000fe3       data     extern E:\3.46\pic18-lt\cxx-framework\src\traditional\proc\p18f26k20.asm
                  PREINC1   0x000fe4       data     extern E:\3.46\pic18-lt\cxx-framework\src\traditional\proc\p18f26k20.asm
                 POSTDEC1   0x000fe5       data     extern E:\3.46\pic18-lt\cxx-framework\src\traditional\proc\p18f26k20.asm
                 POSTINC1   0x000fe6       data     extern E:\3.46\pic18-lt\cxx-framework\src\traditional\proc\p18f26k20.asm
                    INDF1   0x000fe7       data     extern E:\3.46\pic18-lt\cxx-framework\src\traditional\proc\p18f26k20.asm
                        W   0x000fe8       data     extern E:\3.46\pic18-lt\cxx-framework\src\traditional\proc\p18f26k20.asm
                     WREG   0x000fe8       data     extern E:\3.46\pic18-lt\cxx-framework\src\traditional\proc\p18f26k20.asm
                     FSR0   0x000fe9       data     extern E:\3.46\pic18-lt\cxx-framework\src\traditional\proc\p18f26k20.asm
                    FSR0L   0x000fe9       data     extern E:\3.46\pic18-lt\cxx-framework\src\traditional\proc\p18f26k20.asm
                    FSR0H   0x000fea       data     extern E:\3.46\pic18-lt\cxx-framework\src\traditional\proc\p18f26k20.asm
                   PLUSW0   0x000feb       data     extern E:\3.46\pic18-lt\cxx-framework\src\traditional\proc\p18f26k20.asm
                  PREINC0   0x000fec       data     extern E:\3.46\pic18-lt\cxx-framework\src\traditional\proc\p18f26k20.asm
                 POSTDEC0   0x000fed       data     extern E:\3.46\pic18-lt\cxx-framework\src\traditional\proc\p18f26k20.asm
                 POSTINC0   0x000fee       data     extern E:\3.46\pic18-lt\cxx-framework\src\traditional\proc\p18f26k20.asm
                    INDF0   0x000fef       data     extern E:\3.46\pic18-lt\cxx-framework\src\traditional\proc\p18f26k20.asm
              INTCON3bits   0x000ff0       data     extern E:\3.46\pic18-lt\cxx-framework\src\traditional\proc\p18f26k20.asm
                  INTCON3   0x000ff0       data     extern E:\3.46\pic18-lt\cxx-framework\src\traditional\proc\p18f26k20.asm
              INTCON2bits   0x000ff1       data     extern E:\3.46\pic18-lt\cxx-framework\src\traditional\proc\p18f26k20.asm
                  INTCON2   0x000ff1       data     extern E:\3.46\pic18-lt\cxx-framework\src\traditional\proc\p18f26k20.asm
               INTCONbits   0x000ff2       data     extern E:\3.46\pic18-lt\cxx-framework\src\traditional\proc\p18f26k20.asm
                   INTCON   0x000ff2       data     extern E:\3.46\pic18-lt\cxx-framework\src\traditional\proc\p18f26k20.asm
                     PROD   0x000ff3       data     extern E:\3.46\pic18-lt\cxx-framework\src\traditional\proc\p18f26k20.asm
                    PRODL   0x000ff3       data     extern E:\3.46\pic18-lt\cxx-framework\src\traditional\proc\p18f26k20.asm
                    PRODH   0x000ff4       data     extern E:\3.46\pic18-lt\cxx-framework\src\traditional\proc\p18f26k20.asm
                   TABLAT   0x000ff5       data     extern E:\3.46\pic18-lt\cxx-framework\src\traditional\proc\p18f26k20.asm
                  TBLPTRL   0x000ff6       data     extern E:\3.46\pic18-lt\cxx-framework\src\traditional\proc\p18f26k20.asm
                   TBLPTR   0x000ff6       data     extern E:\3.46\pic18-lt\cxx-framework\src\traditional\proc\p18f26k20.asm
                  TBLPTRH   0x000ff7       data     extern E:\3.46\pic18-lt\cxx-framework\src\traditional\proc\p18f26k20.asm
                  TBLPTRU   0x000ff8       data     extern E:\3.46\pic18-lt\cxx-framework\src\traditional\proc\p18f26k20.asm
                      PCL   0x000ff9       data     extern E:\3.46\pic18-lt\cxx-framework\src\traditional\proc\p18f26k20.asm
                       PC   0x000ff9       data     extern E:\3.46\pic18-lt\cxx-framework\src\traditional\proc\p18f26k20.asm
                   PCLATH   0x000ffa       data     extern E:\3.46\pic18-lt\cxx-framework\src\traditional\proc\p18f26k20.asm
                   PCLATU   0x000ffb       data     extern E:\3.46\pic18-lt\cxx-framework\src\traditional\proc\p18f26k20.asm
               STKPTRbits   0x000ffc       data     extern E:\3.46\pic18-lt\cxx-framework\src\traditional\proc\p18f26k20.asm
                   STKPTR   0x000ffc       data     extern E:\3.46\pic18-lt\cxx-framework\src\traditional\proc\p18f26k20.asm
                     TOSL   0x000ffd       data     extern E:\3.46\pic18-lt\cxx-framework\src\traditional\proc\p18f26k20.asm
                      TOS   0x000ffd       data     extern E:\3.46\pic18-lt\cxx-framework\src\traditional\proc\p18f26k20.asm
                     TOSH   0x000ffe       data     extern E:\3.46\pic18-lt\cxx-framework\src\traditional\proc\p18f26k20.asm
                     TOSU   0x000fff       data     extern E:\3.46\pic18-lt\cxx-framework\src\traditional\proc\p18f26k20.asm


