MPLINK 5.00, LINKER
Linker Map File - Created Tue Aug 12 13:14:08 2014

                                 Section Info
                  Section       Type    Address   Location Size(Bytes)
                ---------  ---------  ---------  ---------  ---------
               _entry_scn       code   0x000000    program   0x000006
           .code___init.o       code   0x000006    program   0x000002
         interrupt_vector       code   0x000008    program   0x00001c
                   .cinit    romdata   0x000024    program   0x00000e
              .code_lcd.o       code   0x000032    program   0x0004b8
                     PROG       code   0x0004ea    program   0x00031e
       .code_cambienmau.o       code   0x000808    program   0x00019e
                   STDLIB       code   0x0009a6    program   0x000134
               _cinit_scn       code   0x000ada    program   0x00009e
          .code_Console.o       code   0x000b78    program   0x000082
         .code_fxd1616u.o       code   0x000bfa    program   0x00002c
              D1KTCYXCODE       code   0x000c26    program   0x000020
                    .code       code   0x000c46    program   0x000020
             _startup_scn       code   0x000c66    program   0x00001c
         .code_fxd0808u.o       code   0x000c82    program   0x00001c
         .romdata_c018i.o    romdata   0x000c9e    program   0x000000
        .romdata___init.o    romdata   0x000c9e    program   0x000000
      .romdata_fxd1616u.o    romdata   0x000c9e    program   0x000000
      .idata_fxd1616u.o_i    romdata   0x000c9e    program   0x000000
      .romdata_fxd0808u.o    romdata   0x000c9e    program   0x000000
      .idata_fxd0808u.o_i    romdata   0x000c9e    program   0x000000
       .romdata_Console.o    romdata   0x000c9e    program   0x000000
           .romdata_lcd.o    romdata   0x000c9e    program   0x000000
           .idata_lcd.o_i    romdata   0x000c9e    program   0x000000
             .stringtable    romdata   0x000c9e    program   0x000000
    .romdata_cambienmau.o    romdata   0x000c9e    program   0x000000
    .idata_cambienmau.o_i    romdata   0x000c9e    program   0x000021
       .idata_Console.o_i    romdata   0x000cbf    program   0x000000
        .idata___init.o_i    romdata   0x000cbf    program   0x000000
         .idata_c018i.o_i    romdata   0x000cbf    program   0x000000
            .code_c018i.o       code   0x000cc0    program   0x000000
.config_300001_cambienmau.o    romdata   0x300001    program   0x000001
.config_300002_cambienmau.o    romdata   0x300002    program   0x000001
.config_300003_cambienmau.o    romdata   0x300003    program   0x000001
.config_300005_cambienmau.o    romdata   0x300005    program   0x000001
.config_300006_cambienmau.o    romdata   0x300006    program   0x000001
                MATH_DATA      udata   0x000000       data   0x000014
                 .tmpdata      udata   0x000014       data   0x000004
                DELAYDAT1      udata   0x000018       data   0x000001
      .idata_cambienmau.o      idata   0x000060       data   0x000021
           .udata_c018i.o      udata   0x000081       data   0x00000a
      .udata_cambienmau.o      udata   0x00008b       data   0x000005
          .udata___init.o      udata   0x000090       data   0x000000
        .idata_fxd1616u.o      idata   0x000090       data   0x000000
        .udata_fxd1616u.o      udata   0x000090       data   0x000000
        .idata_fxd0808u.o      idata   0x000090       data   0x000000
        .udata_fxd0808u.o      udata   0x000090       data   0x000000
          .idata___init.o      idata   0x000090       data   0x000000
         .idata_Console.o      idata   0x000090       data   0x000000
         .udata_Console.o      udata   0x000090       data   0x000000
             .idata_lcd.o      idata   0x000090       data   0x000000
             .udata_lcd.o      udata   0x000090       data   0x000000
           .idata_c018i.o      idata   0x000090       data   0x000000
                   .stack      udata   0x000100       data   0x000100
              SFR_BANKED0      udata   0x000f53       data   0x00000d
            SFR_UNBANKED0      udata   0x000f60       data   0x0000a0



                              Program Memory Usage 
                               Start         End      
                           ---------   ---------      
                            0x000000    0x000cbe      
                            0x300001    0x300003      
                            0x300005    0x300006      
            3268 out of 16664 program addresses used, program memory utilization is 19%



                              Symbols - Sorted by Name
                     Name    Address   Location    Storage File                     
                ---------  ---------  ---------  --------- ---------                
                  ADC_isr   0x00000e    program     extern E:\PROJECT\MPLABX\ProjectCambien.X\Firmware\cambienmau.c
                   D0808S   0x0005da    program     static E:\3.46\pic18-lt\cxx-framework\src\traditional\math\fxd0808s.asm
                D0808SNEG   0x0005e8    program     static E:\3.46\pic18-lt\cxx-framework\src\traditional\math\fxd0808s.asm
                 D0808SOK   0x0005e4    program     static E:\3.46\pic18-lt\cxx-framework\src\traditional\math\fxd0808s.asm
                  D0808SX   0x0005ee    program     static E:\3.46\pic18-lt\cxx-framework\src\traditional\math\fxd0808s.asm
                   D1616S   0x00061a    program     static E:\3.46\pic18-lt\cxx-framework\src\traditional\math\fxd1616s.asm
                D1616SNEG   0x000628    program     static E:\3.46\pic18-lt\cxx-framework\src\traditional\math\fxd1616s.asm
                 D1616SOK   0x000624    program     static E:\3.46\pic18-lt\cxx-framework\src\traditional\math\fxd1616s.asm
                  D1616SX   0x00063a    program     static E:\3.46\pic18-lt\cxx-framework\src\traditional\math\fxd1616s.asm
                    D1K_1   0x000c32    program     static E:\3.46\pic18-lt\cxx-framework\src\traditional\delays\d1ktcyx.asm
                     D1Kx   0x000c30    program     static E:\3.46\pic18-lt\cxx-framework\src\traditional\delays\d1ktcyx.asm
                  DA0808S   0x0005d0    program     static E:\3.46\pic18-lt\cxx-framework\src\traditional\math\fxd0808s.asm
                  DA1616S   0x00060a    program     static E:\3.46\pic18-lt\cxx-framework\src\traditional\math\fxd1616s.asm
              Delay1KTCYx   0x000c26    program     extern E:\3.46\pic18-lt\cxx-framework\src\traditional\delays\d1ktcyx.asm
                    FPM32   0x0004ea    program     extern E:\3.46\pic18-lt\cxx-framework\src\traditional\math\mulFP.asm
                 FXD0808S   0x0005c4    program     extern E:\3.46\pic18-lt\cxx-framework\src\traditional\math\fxd0808s.asm
                 FXD0808U   0x000c82    program     extern E:\3.46\pic18-lt\cxx-framework\src\traditional\math\fxd0808u.c
                 FXD1616S   0x0005f8    program     extern E:\3.46\pic18-lt\cxx-framework\src\traditional\math\fxd1616s.asm
                 FXD1616U   0x000bfa    program     extern E:\3.46\pic18-lt\cxx-framework\src\traditional\math\fxd1616u.c
                 FXM1616S   0x000644    program     extern E:\3.46\pic18-lt\cxx-framework\src\traditional\math\fxm1616s.asm
                  INT3216   0x00069e    program     extern E:\3.46\pic18-lt\cxx-framework\src\traditional\math\castFP16.asm
                 Init_LCD   0x000042    program     extern E:\PROJECT\MPLABX\ProjectCambien.X\Firmware\lcd.c
               Init_PORTS   0x000032    program     extern E:\PROJECT\MPLABX\ProjectCambien.X\Firmware\lcd.c
            Init_Rec_UART   0x000ba4    program     extern E:\PROJECT\MPLABX\ProjectCambien.X\Firmware\Console.c
           Init_Tran_UART   0x000b9a    program     extern E:\PROJECT\MPLABX\ProjectCambien.X\Firmware\Console.c
                Init_UART   0x000b78    program     extern E:\PROJECT\MPLABX\ProjectCambien.X\Firmware\Console.c
                  LCD_CMD   0x000084    program     extern E:\PROJECT\MPLABX\ProjectCambien.X\Firmware\lcd.c
                 LCD_DATA   0x0000f8    program     extern E:\PROJECT\MPLABX\ProjectCambien.X\Firmware\lcd.c
             LCD_IN_FLOAT   0x0002b4    program     extern E:\PROJECT\MPLABX\ProjectCambien.X\Firmware\lcd.c
             LCD_IN_INTER   0x0001f4    program     extern E:\PROJECT\MPLABX\ProjectCambien.X\Firmware\lcd.c
                   LCD_OK   0x000058    program     extern E:\PROJECT\MPLABX\ProjectCambien.X\Firmware\lcd.c
                  OneByte   0x000ac8    program     static E:\3.46\pic18-lt\cxx-framework\src\traditional\stdclib\itobcd.asm
                ProcLower   0x000a7c    program     static E:\3.46\pic18-lt\cxx-framework\src\traditional\stdclib\itoa.asm
                ProcUpper   0x000a72    program     static E:\3.46\pic18-lt\cxx-framework\src\traditional\stdclib\itoa.asm
               TSIGN1616A   0x000690    program     static E:\3.46\pic18-lt\cxx-framework\src\traditional\math\fxm1616s.asm
         Tran_String_UART   0x000bbc    program     extern E:\PROJECT\MPLABX\ProjectCambien.X\Firmware\Console.c
                Tran_UART   0x000bae    program     extern E:\PROJECT\MPLABX\ProjectCambien.X\Firmware\Console.c
                 TstLower   0x000a66    program     static E:\3.46\pic18-lt\cxx-framework\src\traditional\stdclib\itoa.asm
                 TstUpper   0x000a60    program     static E:\3.46\pic18-lt\cxx-framework\src\traditional\stdclib\itoa.asm
        _D1KTCYXCODE_0010   0x000c36    program     static E:\3.46\pic18-lt\cxx-framework\src\traditional\delays\d1ktcyx.asm
        _D1KTCYXCODE_0016   0x000c3c    program     static E:\3.46\pic18-lt\cxx-framework\src\traditional\delays\d1ktcyx.asm
                 __FpExit   0x000708    program     extern E:\3.46\pic18-lt\cxx-framework\src\traditional\math\packFP.asm
                 __FpPack   0x000734    program     extern E:\3.46\pic18-lt\cxx-framework\src\traditional\math\packFP.asm
            __FpReturnNaN   0x0006fc    program     extern E:\3.46\pic18-lt\cxx-framework\src\traditional\math\packFP.asm
         __FpReturnNegInf   0x00070e    program     extern E:\3.46\pic18-lt\cxx-framework\src\traditional\math\packFP.asm
        __FpReturnNegZero   0x000726    program     extern E:\3.46\pic18-lt\cxx-framework\src\traditional\math\packFP.asm
         __FpReturnPosInf   0x000714    program     extern E:\3.46\pic18-lt\cxx-framework\src\traditional\math\packFP.asm
        __FpReturnPosZero   0x00072e    program     extern E:\3.46\pic18-lt\cxx-framework\src\traditional\math\packFP.asm
        __FpReturnSignInf   0x00070a    program     extern E:\3.46\pic18-lt\cxx-framework\src\traditional\math\packFP.asm
       __FpReturnSignZero   0x000722    program     extern E:\3.46\pic18-lt\cxx-framework\src\traditional\math\packFP.asm
              __FpReturnW   0x00078c    program     extern E:\3.46\pic18-lt\cxx-framework\src\traditional\math\packFP.asm
              __FpUnPackA   0x0007ac    program     extern E:\3.46\pic18-lt\cxx-framework\src\traditional\math\UnpackFP.asm
              __FpUnPackB   0x0007dc    program     extern E:\3.46\pic18-lt\cxx-framework\src\traditional\math\UnpackFP.asm
       ___return_lbl00000   0x000c9c    program     static                          
       ___return_lbl00000   0x000c24    program     static                          
       ___return_lbl00000   0x000004    program     static                          
       ___return_lbl00001   0x000c80    program     static                          
       ___return_lbl00002   0x000b76    program     static                          
       ___return_lbl00006   0x00000c    program     static                          
               __config_0   0x300001    program     static E:\PROJECT\MPLABX\ProjectCambien.X\Firmware\cambienmau.c
               __config_1   0x300002    program     static E:\PROJECT\MPLABX\ProjectCambien.X\Firmware\cambienmau.c
               __config_2   0x300003    program     static E:\PROJECT\MPLABX\ProjectCambien.X\Firmware\cambienmau.c
               __config_3   0x300005    program     static E:\PROJECT\MPLABX\ProjectCambien.X\Firmware\cambienmau.c
               __config_4   0x300006    program     static E:\PROJECT\MPLABX\ProjectCambien.X\Firmware\cambienmau.c
                   __init   0x000006    program     extern E:\3.46\pic18-lt\cxx-framework\src\traditional\stdclib\__init.c
                   __pa_0   0x000380    program     static E:\PROJECT\MPLABX\ProjectCambien.X\Firmware\lcd.c
                   __pa_0   0x000988    program     static E:\PROJECT\MPLABX\ProjectCambien.X\Firmware\cambienmau.c
                   __pa_0   0x000bd8    program     static E:\PROJECT\MPLABX\ProjectCambien.X\Firmware\Console.c
                   __pa_1   0x00039e    program     static E:\PROJECT\MPLABX\ProjectCambien.X\Firmware\lcd.c
                   __pa_1   0x00099a    program     static E:\PROJECT\MPLABX\ProjectCambien.X\Firmware\cambienmau.c
                   __pa_1   0x000be8    program     static E:\PROJECT\MPLABX\ProjectCambien.X\Firmware\Console.c
                  __pa_10   0x0003fa    program     static E:\PROJECT\MPLABX\ProjectCambien.X\Firmware\lcd.c
                  __pa_11   0x000402    program     static E:\PROJECT\MPLABX\ProjectCambien.X\Firmware\lcd.c
                  __pa_12   0x000412    program     static E:\PROJECT\MPLABX\ProjectCambien.X\Firmware\lcd.c
                  __pa_13   0x00041c    program     static E:\PROJECT\MPLABX\ProjectCambien.X\Firmware\lcd.c
                  __pa_14   0x000426    program     static E:\PROJECT\MPLABX\ProjectCambien.X\Firmware\lcd.c
                  __pa_15   0x000436    program     static E:\PROJECT\MPLABX\ProjectCambien.X\Firmware\lcd.c
                  __pa_16   0x000444    program     static E:\PROJECT\MPLABX\ProjectCambien.X\Firmware\lcd.c
                  __pa_17   0x000452    program     static E:\PROJECT\MPLABX\ProjectCambien.X\Firmware\lcd.c
                  __pa_18   0x00045c    program     static E:\PROJECT\MPLABX\ProjectCambien.X\Firmware\lcd.c
                  __pa_19   0x000468    program     static E:\PROJECT\MPLABX\ProjectCambien.X\Firmware\lcd.c
                   __pa_2   0x000bf2    program     static E:\PROJECT\MPLABX\ProjectCambien.X\Firmware\Console.c
                   __pa_2   0x0003ae    program     static E:\PROJECT\MPLABX\ProjectCambien.X\Firmware\lcd.c
                  __pa_20   0x000474    program     static E:\PROJECT\MPLABX\ProjectCambien.X\Firmware\lcd.c
                  __pa_21   0x00047e    program     static E:\PROJECT\MPLABX\ProjectCambien.X\Firmware\lcd.c
                  __pa_22   0x000486    program     static E:\PROJECT\MPLABX\ProjectCambien.X\Firmware\lcd.c
                  __pa_23   0x000496    program     static E:\PROJECT\MPLABX\ProjectCambien.X\Firmware\lcd.c
                  __pa_24   0x0004a0    program     static E:\PROJECT\MPLABX\ProjectCambien.X\Firmware\lcd.c
                  __pa_25   0x0004aa    program     static E:\PROJECT\MPLABX\ProjectCambien.X\Firmware\lcd.c
                  __pa_26   0x0004b4    program     static E:\PROJECT\MPLABX\ProjectCambien.X\Firmware\lcd.c
                  __pa_27   0x0004c0    program     static E:\PROJECT\MPLABX\ProjectCambien.X\Firmware\lcd.c
                  __pa_28   0x0004cc    program     static E:\PROJECT\MPLABX\ProjectCambien.X\Firmware\lcd.c
                  __pa_29   0x0004da    program     static E:\PROJECT\MPLABX\ProjectCambien.X\Firmware\lcd.c
                   __pa_3   0x0003ba    program     static E:\PROJECT\MPLABX\ProjectCambien.X\Firmware\lcd.c
                  __pa_30   0x0004e2    program     static E:\PROJECT\MPLABX\ProjectCambien.X\Firmware\lcd.c
                   __pa_4   0x0003c0    program     static E:\PROJECT\MPLABX\ProjectCambien.X\Firmware\lcd.c
                   __pa_5   0x0003ca    program     static E:\PROJECT\MPLABX\ProjectCambien.X\Firmware\lcd.c
                   __pa_6   0x0003d2    program     static E:\PROJECT\MPLABX\ProjectCambien.X\Firmware\lcd.c
                   __pa_7   0x0003e0    program     static E:\PROJECT\MPLABX\ProjectCambien.X\Firmware\lcd.c
                   __pa_8   0x0003ee    program     static E:\PROJECT\MPLABX\ProjectCambien.X\Firmware\lcd.c
                   __pa_9   0x0003f2    program     static E:\PROJECT\MPLABX\ProjectCambien.X\Firmware\lcd.c
            __zero_memory   0x000c46    program     extern E:\3.46\pic18-lt\cxx-framework\src\traditional\proc\p18f14k50.asm
                _do_cinit   0x000ada    program     extern E:\3.46\pic18-lt\cxx-framework\src\traditional\startup\c018i.c
                   _entry   0x000000    program     extern E:\3.46\pic18-lt\cxx-framework\src\traditional\startup\c018i.c
                 _startup   0x000c66    program     extern E:\3.46\pic18-lt\cxx-framework\src\traditional\startup\c018i.c
                compare_l   0x000c5c    program     static E:\3.46\pic18-lt\cxx-framework\src\traditional\proc\p18f14k50.asm
                copy_loop   0x000b4c    program     static                          
            copy_one_byte   0x000b52    program     static                          
                     done   0x000b76    program     static                          
             done_copying   0x000b60    program     static                          
                  endloop   0x000c20    program     static                          
                  endloop   0x000c98    program     static                          
                 init_ADC   0x00096a    program     extern E:\PROJECT\MPLABX\ProjectCambien.X\Firmware\cambienmau.c
         interrupt_vector   0x000008    program     extern E:\PROJECT\MPLABX\ProjectCambien.X\Firmware\cambienmau.c
                   itoBCD   0x000a86    program     extern E:\3.46\pic18-lt\cxx-framework\src\traditional\stdclib\itobcd.asm
                     itoa   0x0009a6    program     extern E:\3.46\pic18-lt\cxx-framework\src\traditional\stdclib\itoa.asm
                 jANotInf   0x000508    program     static E:\3.46\pic18-lt\cxx-framework\src\traditional\math\mulFP.asm
              jBothFinite   0x000516    program     static E:\3.46\pic18-lt\cxx-framework\src\traditional\math\mulFP.asm
             jBothNotZero   0x000522    program     static E:\3.46\pic18-lt\cxx-framework\src\traditional\math\mulFP.asm
                     jDo1   0x000a2c    program     static E:\3.46\pic18-lt\cxx-framework\src\traditional\stdclib\itoa.asm
                     jDo2   0x000a28    program     static E:\3.46\pic18-lt\cxx-framework\src\traditional\stdclib\itoa.asm
                     jDo3   0x000a24    program     static E:\3.46\pic18-lt\cxx-framework\src\traditional\stdclib\itoa.asm
                     jDo4   0x000a20    program     static E:\3.46\pic18-lt\cxx-framework\src\traditional\stdclib\itoa.asm
                     jDo5   0x000a1c    program     static E:\3.46\pic18-lt\cxx-framework\src\traditional\stdclib\itoa.asm
                     jEnd   0x000ac4    program     static E:\3.46\pic18-lt\cxx-framework\src\traditional\stdclib\itobcd.asm
                    jExit   0x0006fa    program     static E:\3.46\pic18-lt\cxx-framework\src\traditional\math\castFP16.asm
                jHaveZero   0x00051e    program     static E:\3.46\pic18-lt\cxx-framework\src\traditional\math\mulFP.asm
                    jLoop   0x000a9e    program     static E:\3.46\pic18-lt\cxx-framework\src\traditional\stdclib\itobcd.asm
                    jLoop   0x0006da    program     static E:\3.46\pic18-lt\cxx-framework\src\traditional\math\castFP16.asm
                jLoopExit   0x0006ea    program     static E:\3.46\pic18-lt\cxx-framework\src\traditional\math\castFP16.asm
                     jMax   0x0006ae    program     static E:\3.46\pic18-lt\cxx-framework\src\traditional\math\castFP16.asm
                  jMaxNeg   0x0006bc    program     static E:\3.46\pic18-lt\cxx-framework\src\traditional\math\castFP16.asm
                  jMaxPos   0x0006b2    program     static E:\3.46\pic18-lt\cxx-framework\src\traditional\math\castFP16.asm
                  jNotInf   0x0006ca    program     static E:\3.46\pic18-lt\cxx-framework\src\traditional\math\castFP16.asm
                  jPkLoop   0x000742    program     static E:\3.46\pic18-lt\cxx-framework\src\traditional\math\packFP.asm
             jPkRoundDone   0x00078c    program     static E:\3.46\pic18-lt\cxx-framework\src\traditional\math\packFP.asm
               jPkRoundIt   0x000774    program     static E:\3.46\pic18-lt\cxx-framework\src\traditional\math\packFP.asm
             jPkShiftDone   0x00075e    program     static E:\3.46\pic18-lt\cxx-framework\src\traditional\math\packFP.asm
           jReturnPosInf0   0x000718    program     static E:\3.46\pic18-lt\cxx-framework\src\traditional\math\packFP.asm
                jTstLowZ1   0x000a70    program     static E:\3.46\pic18-lt\cxx-framework\src\traditional\stdclib\itoa.asm
                jTstSign1   0x0009d2    program     static E:\3.46\pic18-lt\cxx-framework\src\traditional\stdclib\itoa.asm
                  jUnpkA1   0x0007b6    program     static E:\3.46\pic18-lt\cxx-framework\src\traditional\math\UnpackFP.asm
                  jUnpkA2   0x0007ce    program     static E:\3.46\pic18-lt\cxx-framework\src\traditional\math\UnpackFP.asm
                 jUnpkANZ   0x0007c4    program     static E:\3.46\pic18-lt\cxx-framework\src\traditional\math\UnpackFP.asm
                  jUnpkB1   0x0007e6    program     static E:\3.46\pic18-lt\cxx-framework\src\traditional\math\UnpackFP.asm
                  jUnpkB2   0x0007fe    program     static E:\3.46\pic18-lt\cxx-framework\src\traditional\math\UnpackFP.asm
                 jUnpkBNZ   0x0007f4    program     static E:\3.46\pic18-lt\cxx-framework\src\traditional\math\UnpackFP.asm
                 jUnpkNaN   0x0007d8    program     static E:\3.46\pic18-lt\cxx-framework\src\traditional\math\UnpackFP.asm
                    jZero   0x0006c4    program     static E:\3.46\pic18-lt\cxx-framework\src\traditional\math\castFP16.asm
               jZero1and2   0x00071c    program     static E:\3.46\pic18-lt\cxx-framework\src\traditional\math\packFP.asm
                lcd_clear   0x00016c    program     extern E:\PROJECT\MPLABX\ProjectCambien.X\Firmware\lcd.c
               lcd_gotoxy   0x00019c    program     extern E:\PROJECT\MPLABX\ProjectCambien.X\Firmware\lcd.c
                  lcd_int   0x000256    program     extern E:\PROJECT\MPLABX\ProjectCambien.X\Firmware\lcd.c
                lcd_putch   0x000172    program     extern E:\PROJECT\MPLABX\ProjectCambien.X\Firmware\lcd.c
               lcd_putstr   0x000180    program     extern E:\PROJECT\MPLABX\ProjectCambien.X\Firmware\lcd.c
                     loop   0x000c04    program     static                          
                     loop   0x000c76    program     static                          
                     loop   0x000c8a    program     static                          
                   loop_h   0x000c54    program     static E:\3.46\pic18-lt\cxx-framework\src\traditional\proc\p18f14k50.asm
                   loop_l   0x000c5e    program     static E:\3.46\pic18-lt\cxx-framework\src\traditional\proc\p18f14k50.asm
                     main   0x000808    program     extern E:\PROJECT\MPLABX\ProjectCambien.X\Firmware\cambienmau.c
                     test   0x000af4    program     static                          
               zero_block   0x000c54    program     static E:\3.46\pic18-lt\cxx-framework\src\traditional\proc\p18f14k50.asm
                   ADCON0   0x000fc2       data     extern E:\3.46\pic18-lt\cxx-framework\src\traditional\proc\p18f14k50.asm
               ADCON0bits   0x000fc2       data     extern E:\3.46\pic18-lt\cxx-framework\src\traditional\proc\p18f14k50.asm
                   ADCON1   0x000fc1       data     extern E:\3.46\pic18-lt\cxx-framework\src\traditional\proc\p18f14k50.asm
               ADCON1bits   0x000fc1       data     extern E:\3.46\pic18-lt\cxx-framework\src\traditional\proc\p18f14k50.asm
                   ADCON2   0x000fc0       data     extern E:\3.46\pic18-lt\cxx-framework\src\traditional\proc\p18f14k50.asm
               ADCON2bits   0x000fc0       data     extern E:\3.46\pic18-lt\cxx-framework\src\traditional\proc\p18f14k50.asm
                    ADRES   0x000fc3       data     extern E:\3.46\pic18-lt\cxx-framework\src\traditional\proc\p18f14k50.asm
                   ADRESH   0x000fc4       data     extern E:\3.46\pic18-lt\cxx-framework\src\traditional\proc\p18f14k50.asm
                   ADRESL   0x000fc3       data     extern E:\3.46\pic18-lt\cxx-framework\src\traditional\proc\p18f14k50.asm
                    ANSEL   0x000f7e       data     extern E:\3.46\pic18-lt\cxx-framework\src\traditional\proc\p18f14k50.asm
                   ANSELH   0x000f7f       data     extern E:\3.46\pic18-lt\cxx-framework\src\traditional\proc\p18f14k50.asm
               ANSELHbits   0x000f7f       data     extern E:\3.46\pic18-lt\cxx-framework\src\traditional\proc\p18f14k50.asm
                ANSELbits   0x000f7e       data     extern E:\3.46\pic18-lt\cxx-framework\src\traditional\proc\p18f14k50.asm
                  BAUDCON   0x000fb8       data     extern E:\3.46\pic18-lt\cxx-framework\src\traditional\proc\p18f14k50.asm
              BAUDCONbits   0x000fb8       data     extern E:\3.46\pic18-lt\cxx-framework\src\traditional\proc\p18f14k50.asm
                  BAUDCTL   0x000fb8       data     extern E:\3.46\pic18-lt\cxx-framework\src\traditional\proc\p18f14k50.asm
              BAUDCTLbits   0x000fb8       data     extern E:\3.46\pic18-lt\cxx-framework\src\traditional\proc\p18f14k50.asm
                      BSR   0x000fe0       data     extern E:\3.46\pic18-lt\cxx-framework\src\traditional\proc\p18f14k50.asm
                  CCP1CON   0x000fbd       data     extern E:\3.46\pic18-lt\cxx-framework\src\traditional\proc\p18f14k50.asm
              CCP1CONbits   0x000fbd       data     extern E:\3.46\pic18-lt\cxx-framework\src\traditional\proc\p18f14k50.asm
                    CCPR1   0x000fbe       data     extern E:\3.46\pic18-lt\cxx-framework\src\traditional\proc\p18f14k50.asm
                   CCPR1H   0x000fbf       data     extern E:\3.46\pic18-lt\cxx-framework\src\traditional\proc\p18f14k50.asm
                   CCPR1L   0x000fbe       data     extern E:\3.46\pic18-lt\cxx-framework\src\traditional\proc\p18f14k50.asm
                  CM1CON0   0x000f6d       data     extern E:\3.46\pic18-lt\cxx-framework\src\traditional\proc\p18f14k50.asm
              CM1CON0bits   0x000f6d       data     extern E:\3.46\pic18-lt\cxx-framework\src\traditional\proc\p18f14k50.asm
                  CM2CON0   0x000f6b       data     extern E:\3.46\pic18-lt\cxx-framework\src\traditional\proc\p18f14k50.asm
              CM2CON0bits   0x000f6b       data     extern E:\3.46\pic18-lt\cxx-framework\src\traditional\proc\p18f14k50.asm
                  CM2CON1   0x000f6c       data     extern E:\3.46\pic18-lt\cxx-framework\src\traditional\proc\p18f14k50.asm
              CM2CON1bits   0x000f6c       data     extern E:\3.46\pic18-lt\cxx-framework\src\traditional\proc\p18f14k50.asm
                     DDRA   0x000f92       data     extern E:\3.46\pic18-lt\cxx-framework\src\traditional\proc\p18f14k50.asm
                 DDRAbits   0x000f92       data     extern E:\3.46\pic18-lt\cxx-framework\src\traditional\proc\p18f14k50.asm
                     DDRB   0x000f93       data     extern E:\3.46\pic18-lt\cxx-framework\src\traditional\proc\p18f14k50.asm
                 DDRBbits   0x000f93       data     extern E:\3.46\pic18-lt\cxx-framework\src\traditional\proc\p18f14k50.asm
                     DDRC   0x000f94       data     extern E:\3.46\pic18-lt\cxx-framework\src\traditional\proc\p18f14k50.asm
                 DDRCbits   0x000f94       data     extern E:\3.46\pic18-lt\cxx-framework\src\traditional\proc\p18f14k50.asm
            DelayCounter1   0x000018       data     extern E:\3.46\pic18-lt\cxx-framework\src\traditional\delays\delayd1.asm
                  ECCP1AS   0x000fb6       data     extern E:\3.46\pic18-lt\cxx-framework\src\traditional\proc\p18f14k50.asm
              ECCP1ASbits   0x000fb6       data     extern E:\3.46\pic18-lt\cxx-framework\src\traditional\proc\p18f14k50.asm
                    EEADR   0x000fa9       data     extern E:\3.46\pic18-lt\cxx-framework\src\traditional\proc\p18f14k50.asm
                EEADRbits   0x000fa9       data     extern E:\3.46\pic18-lt\cxx-framework\src\traditional\proc\p18f14k50.asm
                   EECON1   0x000fa6       data     extern E:\3.46\pic18-lt\cxx-framework\src\traditional\proc\p18f14k50.asm
               EECON1bits   0x000fa6       data     extern E:\3.46\pic18-lt\cxx-framework\src\traditional\proc\p18f14k50.asm
                   EECON2   0x000fa7       data     extern E:\3.46\pic18-lt\cxx-framework\src\traditional\proc\p18f14k50.asm
                   EEDATA   0x000fa8       data     extern E:\3.46\pic18-lt\cxx-framework\src\traditional\proc\p18f14k50.asm
                     FSR0   0x000fe9       data     extern E:\3.46\pic18-lt\cxx-framework\src\traditional\proc\p18f14k50.asm
                    FSR0H   0x000fea       data     extern E:\3.46\pic18-lt\cxx-framework\src\traditional\proc\p18f14k50.asm
                    FSR0L   0x000fe9       data     extern E:\3.46\pic18-lt\cxx-framework\src\traditional\proc\p18f14k50.asm
                     FSR1   0x000fe1       data     extern E:\3.46\pic18-lt\cxx-framework\src\traditional\proc\p18f14k50.asm
                    FSR1H   0x000fe2       data     extern E:\3.46\pic18-lt\cxx-framework\src\traditional\proc\p18f14k50.asm
                    FSR1L   0x000fe1       data     extern E:\3.46\pic18-lt\cxx-framework\src\traditional\proc\p18f14k50.asm
                     FSR2   0x000fd9       data     extern E:\3.46\pic18-lt\cxx-framework\src\traditional\proc\p18f14k50.asm
                    FSR2H   0x000fda       data     extern E:\3.46\pic18-lt\cxx-framework\src\traditional\proc\p18f14k50.asm
                    FSR2L   0x000fd9       data     extern E:\3.46\pic18-lt\cxx-framework\src\traditional\proc\p18f14k50.asm
                    INDF0   0x000fef       data     extern E:\3.46\pic18-lt\cxx-framework\src\traditional\proc\p18f14k50.asm
                    INDF1   0x000fe7       data     extern E:\3.46\pic18-lt\cxx-framework\src\traditional\proc\p18f14k50.asm
                    INDF2   0x000fdf       data     extern E:\3.46\pic18-lt\cxx-framework\src\traditional\proc\p18f14k50.asm
                   INTCON   0x000ff2       data     extern E:\3.46\pic18-lt\cxx-framework\src\traditional\proc\p18f14k50.asm
                  INTCON2   0x000ff1       data     extern E:\3.46\pic18-lt\cxx-framework\src\traditional\proc\p18f14k50.asm
              INTCON2bits   0x000ff1       data     extern E:\3.46\pic18-lt\cxx-framework\src\traditional\proc\p18f14k50.asm
                  INTCON3   0x000ff0       data     extern E:\3.46\pic18-lt\cxx-framework\src\traditional\proc\p18f14k50.asm
              INTCON3bits   0x000ff0       data     extern E:\3.46\pic18-lt\cxx-framework\src\traditional\proc\p18f14k50.asm
               INTCONbits   0x000ff2       data     extern E:\3.46\pic18-lt\cxx-framework\src\traditional\proc\p18f14k50.asm
                     IOCA   0x000f79       data     extern E:\3.46\pic18-lt\cxx-framework\src\traditional\proc\p18f14k50.asm
                 IOCAbits   0x000f79       data     extern E:\3.46\pic18-lt\cxx-framework\src\traditional\proc\p18f14k50.asm
                     IOCB   0x000f7a       data     extern E:\3.46\pic18-lt\cxx-framework\src\traditional\proc\p18f14k50.asm
                 IOCBbits   0x000f7a       data     extern E:\3.46\pic18-lt\cxx-framework\src\traditional\proc\p18f14k50.asm
                     IPR1   0x000f9f       data     extern E:\3.46\pic18-lt\cxx-framework\src\traditional\proc\p18f14k50.asm
                 IPR1bits   0x000f9f       data     extern E:\3.46\pic18-lt\cxx-framework\src\traditional\proc\p18f14k50.asm
                     IPR2   0x000fa2       data     extern E:\3.46\pic18-lt\cxx-framework\src\traditional\proc\p18f14k50.asm
                 IPR2bits   0x000fa2       data     extern E:\3.46\pic18-lt\cxx-framework\src\traditional\proc\p18f14k50.asm
                     LATA   0x000f89       data     extern E:\3.46\pic18-lt\cxx-framework\src\traditional\proc\p18f14k50.asm
                 LATAbits   0x000f89       data     extern E:\3.46\pic18-lt\cxx-framework\src\traditional\proc\p18f14k50.asm
                     LATB   0x000f8a       data     extern E:\3.46\pic18-lt\cxx-framework\src\traditional\proc\p18f14k50.asm
                 LATBbits   0x000f8a       data     extern E:\3.46\pic18-lt\cxx-framework\src\traditional\proc\p18f14k50.asm
                     LATC   0x000f8b       data     extern E:\3.46\pic18-lt\cxx-framework\src\traditional\proc\p18f14k50.asm
                 LATCbits   0x000f8b       data     extern E:\3.46\pic18-lt\cxx-framework\src\traditional\proc\p18f14k50.asm
                   OSCCON   0x000fd3       data     extern E:\3.46\pic18-lt\cxx-framework\src\traditional\proc\p18f14k50.asm
                  OSCCON2   0x000fd2       data     extern E:\3.46\pic18-lt\cxx-framework\src\traditional\proc\p18f14k50.asm
              OSCCON2bits   0x000fd2       data     extern E:\3.46\pic18-lt\cxx-framework\src\traditional\proc\p18f14k50.asm
               OSCCONbits   0x000fd3       data     extern E:\3.46\pic18-lt\cxx-framework\src\traditional\proc\p18f14k50.asm
                  OSCTUNE   0x000f9b       data     extern E:\3.46\pic18-lt\cxx-framework\src\traditional\proc\p18f14k50.asm
              OSCTUNEbits   0x000f9b       data     extern E:\3.46\pic18-lt\cxx-framework\src\traditional\proc\p18f14k50.asm
                       PC   0x000ff9       data     extern E:\3.46\pic18-lt\cxx-framework\src\traditional\proc\p18f14k50.asm
                      PCL   0x000ff9       data     extern E:\3.46\pic18-lt\cxx-framework\src\traditional\proc\p18f14k50.asm
                   PCLATH   0x000ffa       data     extern E:\3.46\pic18-lt\cxx-framework\src\traditional\proc\p18f14k50.asm
                   PCLATU   0x000ffb       data     extern E:\3.46\pic18-lt\cxx-framework\src\traditional\proc\p18f14k50.asm
                     PIE1   0x000f9d       data     extern E:\3.46\pic18-lt\cxx-framework\src\traditional\proc\p18f14k50.asm
                 PIE1bits   0x000f9d       data     extern E:\3.46\pic18-lt\cxx-framework\src\traditional\proc\p18f14k50.asm
                     PIE2   0x000fa0       data     extern E:\3.46\pic18-lt\cxx-framework\src\traditional\proc\p18f14k50.asm
                 PIE2bits   0x000fa0       data     extern E:\3.46\pic18-lt\cxx-framework\src\traditional\proc\p18f14k50.asm
                     PIR1   0x000f9e       data     extern E:\3.46\pic18-lt\cxx-framework\src\traditional\proc\p18f14k50.asm
                 PIR1bits   0x000f9e       data     extern E:\3.46\pic18-lt\cxx-framework\src\traditional\proc\p18f14k50.asm
                     PIR2   0x000fa1       data     extern E:\3.46\pic18-lt\cxx-framework\src\traditional\proc\p18f14k50.asm
                 PIR2bits   0x000fa1       data     extern E:\3.46\pic18-lt\cxx-framework\src\traditional\proc\p18f14k50.asm
                   PLUSW0   0x000feb       data     extern E:\3.46\pic18-lt\cxx-framework\src\traditional\proc\p18f14k50.asm
                   PLUSW1   0x000fe3       data     extern E:\3.46\pic18-lt\cxx-framework\src\traditional\proc\p18f14k50.asm
                   PLUSW2   0x000fdb       data     extern E:\3.46\pic18-lt\cxx-framework\src\traditional\proc\p18f14k50.asm
                    PORTA   0x000f80       data     extern E:\3.46\pic18-lt\cxx-framework\src\traditional\proc\p18f14k50.asm
                PORTAbits   0x000f80       data     extern E:\3.46\pic18-lt\cxx-framework\src\traditional\proc\p18f14k50.asm
                    PORTB   0x000f81       data     extern E:\3.46\pic18-lt\cxx-framework\src\traditional\proc\p18f14k50.asm
                PORTBbits   0x000f81       data     extern E:\3.46\pic18-lt\cxx-framework\src\traditional\proc\p18f14k50.asm
                    PORTC   0x000f82       data     extern E:\3.46\pic18-lt\cxx-framework\src\traditional\proc\p18f14k50.asm
                PORTCbits   0x000f82       data     extern E:\3.46\pic18-lt\cxx-framework\src\traditional\proc\p18f14k50.asm
                 POSTDEC0   0x000fed       data     extern E:\3.46\pic18-lt\cxx-framework\src\traditional\proc\p18f14k50.asm
                 POSTDEC1   0x000fe5       data     extern E:\3.46\pic18-lt\cxx-framework\src\traditional\proc\p18f14k50.asm
                 POSTDEC2   0x000fdd       data     extern E:\3.46\pic18-lt\cxx-framework\src\traditional\proc\p18f14k50.asm
                 POSTINC0   0x000fee       data     extern E:\3.46\pic18-lt\cxx-framework\src\traditional\proc\p18f14k50.asm
                 POSTINC1   0x000fe6       data     extern E:\3.46\pic18-lt\cxx-framework\src\traditional\proc\p18f14k50.asm
                 POSTINC2   0x000fde       data     extern E:\3.46\pic18-lt\cxx-framework\src\traditional\proc\p18f14k50.asm
                      PR2   0x000fcb       data     extern E:\3.46\pic18-lt\cxx-framework\src\traditional\proc\p18f14k50.asm
                  PREINC0   0x000fec       data     extern E:\3.46\pic18-lt\cxx-framework\src\traditional\proc\p18f14k50.asm
                  PREINC1   0x000fe4       data     extern E:\3.46\pic18-lt\cxx-framework\src\traditional\proc\p18f14k50.asm
                  PREINC2   0x000fdc       data     extern E:\3.46\pic18-lt\cxx-framework\src\traditional\proc\p18f14k50.asm
                     PROD   0x000ff3       data     extern E:\3.46\pic18-lt\cxx-framework\src\traditional\proc\p18f14k50.asm
                    PRODH   0x000ff4       data     extern E:\3.46\pic18-lt\cxx-framework\src\traditional\proc\p18f14k50.asm
                    PRODL   0x000ff3       data     extern E:\3.46\pic18-lt\cxx-framework\src\traditional\proc\p18f14k50.asm
                  PSTRCON   0x000fb9       data     extern E:\3.46\pic18-lt\cxx-framework\src\traditional\proc\p18f14k50.asm
              PSTRCONbits   0x000fb9       data     extern E:\3.46\pic18-lt\cxx-framework\src\traditional\proc\p18f14k50.asm
                  PWM1CON   0x000fb7       data     extern E:\3.46\pic18-lt\cxx-framework\src\traditional\proc\p18f14k50.asm
              PWM1CONbits   0x000fb7       data     extern E:\3.46\pic18-lt\cxx-framework\src\traditional\proc\p18f14k50.asm
                     RCON   0x000fd0       data     extern E:\3.46\pic18-lt\cxx-framework\src\traditional\proc\p18f14k50.asm
                 RCONbits   0x000fd0       data     extern E:\3.46\pic18-lt\cxx-framework\src\traditional\proc\p18f14k50.asm
                    RCREG   0x000fae       data     extern E:\3.46\pic18-lt\cxx-framework\src\traditional\proc\p18f14k50.asm
                    RCSTA   0x000fab       data     extern E:\3.46\pic18-lt\cxx-framework\src\traditional\proc\p18f14k50.asm
                RCSTAbits   0x000fab       data     extern E:\3.46\pic18-lt\cxx-framework\src\traditional\proc\p18f14k50.asm
                  REFCON0   0x000fba       data     extern E:\3.46\pic18-lt\cxx-framework\src\traditional\proc\p18f14k50.asm
              REFCON0bits   0x000fba       data     extern E:\3.46\pic18-lt\cxx-framework\src\traditional\proc\p18f14k50.asm
                  REFCON1   0x000fbb       data     extern E:\3.46\pic18-lt\cxx-framework\src\traditional\proc\p18f14k50.asm
              REFCON1bits   0x000fbb       data     extern E:\3.46\pic18-lt\cxx-framework\src\traditional\proc\p18f14k50.asm
                  REFCON2   0x000fbc       data     extern E:\3.46\pic18-lt\cxx-framework\src\traditional\proc\p18f14k50.asm
              REFCON2bits   0x000fbc       data     extern E:\3.46\pic18-lt\cxx-framework\src\traditional\proc\p18f14k50.asm
                     SIGN   0x000000       data     extern E:\3.46\pic18-lt\cxx-framework\src\traditional\math\cmath18.asm
                   SLRCON   0x000f76       data     extern E:\3.46\pic18-lt\cxx-framework\src\traditional\proc\p18f14k50.asm
               SLRCONbits   0x000f76       data     extern E:\3.46\pic18-lt\cxx-framework\src\traditional\proc\p18f14k50.asm
                    SPBRG   0x000faf       data     extern E:\3.46\pic18-lt\cxx-framework\src\traditional\proc\p18f14k50.asm
                   SPBRGH   0x000fb0       data     extern E:\3.46\pic18-lt\cxx-framework\src\traditional\proc\p18f14k50.asm
                   SRCON0   0x000f68       data     extern E:\3.46\pic18-lt\cxx-framework\src\traditional\proc\p18f14k50.asm
               SRCON0bits   0x000f68       data     extern E:\3.46\pic18-lt\cxx-framework\src\traditional\proc\p18f14k50.asm
                   SRCON1   0x000f69       data     extern E:\3.46\pic18-lt\cxx-framework\src\traditional\proc\p18f14k50.asm
               SRCON1bits   0x000f69       data     extern E:\3.46\pic18-lt\cxx-framework\src\traditional\proc\p18f14k50.asm
                   SSPADD   0x000fc8       data     extern E:\3.46\pic18-lt\cxx-framework\src\traditional\proc\p18f14k50.asm
                   SSPBUF   0x000fc9       data     extern E:\3.46\pic18-lt\cxx-framework\src\traditional\proc\p18f14k50.asm
                  SSPCON1   0x000fc6       data     extern E:\3.46\pic18-lt\cxx-framework\src\traditional\proc\p18f14k50.asm
              SSPCON1bits   0x000fc6       data     extern E:\3.46\pic18-lt\cxx-framework\src\traditional\proc\p18f14k50.asm
                  SSPCON2   0x000fc5       data     extern E:\3.46\pic18-lt\cxx-framework\src\traditional\proc\p18f14k50.asm
              SSPCON2bits   0x000fc5       data     extern E:\3.46\pic18-lt\cxx-framework\src\traditional\proc\p18f14k50.asm
                   SSPMSK   0x000f6f       data     extern E:\3.46\pic18-lt\cxx-framework\src\traditional\proc\p18f14k50.asm
               SSPMSKbits   0x000f6f       data     extern E:\3.46\pic18-lt\cxx-framework\src\traditional\proc\p18f14k50.asm
                  SSPSTAT   0x000fc7       data     extern E:\3.46\pic18-lt\cxx-framework\src\traditional\proc\p18f14k50.asm
              SSPSTATbits   0x000fc7       data     extern E:\3.46\pic18-lt\cxx-framework\src\traditional\proc\p18f14k50.asm
                   STATUS   0x000fd8       data     extern E:\3.46\pic18-lt\cxx-framework\src\traditional\proc\p18f14k50.asm
               STATUSbits   0x000fd8       data     extern E:\3.46\pic18-lt\cxx-framework\src\traditional\proc\p18f14k50.asm
                   STKPTR   0x000ffc       data     extern E:\3.46\pic18-lt\cxx-framework\src\traditional\proc\p18f14k50.asm
               STKPTRbits   0x000ffc       data     extern E:\3.46\pic18-lt\cxx-framework\src\traditional\proc\p18f14k50.asm
                    T0CON   0x000fd5       data     extern E:\3.46\pic18-lt\cxx-framework\src\traditional\proc\p18f14k50.asm
                T0CONbits   0x000fd5       data     extern E:\3.46\pic18-lt\cxx-framework\src\traditional\proc\p18f14k50.asm
                    T1CON   0x000fcd       data     extern E:\3.46\pic18-lt\cxx-framework\src\traditional\proc\p18f14k50.asm
                T1CONbits   0x000fcd       data     extern E:\3.46\pic18-lt\cxx-framework\src\traditional\proc\p18f14k50.asm
                    T2CON   0x000fca       data     extern E:\3.46\pic18-lt\cxx-framework\src\traditional\proc\p18f14k50.asm
                T2CONbits   0x000fca       data     extern E:\3.46\pic18-lt\cxx-framework\src\traditional\proc\p18f14k50.asm
                    T3CON   0x000fb1       data     extern E:\3.46\pic18-lt\cxx-framework\src\traditional\proc\p18f14k50.asm
                T3CONbits   0x000fb1       data     extern E:\3.46\pic18-lt\cxx-framework\src\traditional\proc\p18f14k50.asm
                   TABLAT   0x000ff5       data     extern E:\3.46\pic18-lt\cxx-framework\src\traditional\proc\p18f14k50.asm
                   TBLPTR   0x000ff6       data     extern E:\3.46\pic18-lt\cxx-framework\src\traditional\proc\p18f14k50.asm
                  TBLPTRH   0x000ff7       data     extern E:\3.46\pic18-lt\cxx-framework\src\traditional\proc\p18f14k50.asm
                  TBLPTRL   0x000ff6       data     extern E:\3.46\pic18-lt\cxx-framework\src\traditional\proc\p18f14k50.asm
                  TBLPTRU   0x000ff8       data     extern E:\3.46\pic18-lt\cxx-framework\src\traditional\proc\p18f14k50.asm
                    TMR0H   0x000fd7       data     extern E:\3.46\pic18-lt\cxx-framework\src\traditional\proc\p18f14k50.asm
                    TMR0L   0x000fd6       data     extern E:\3.46\pic18-lt\cxx-framework\src\traditional\proc\p18f14k50.asm
                    TMR1H   0x000fcf       data     extern E:\3.46\pic18-lt\cxx-framework\src\traditional\proc\p18f14k50.asm
                    TMR1L   0x000fce       data     extern E:\3.46\pic18-lt\cxx-framework\src\traditional\proc\p18f14k50.asm
                     TMR2   0x000fcc       data     extern E:\3.46\pic18-lt\cxx-framework\src\traditional\proc\p18f14k50.asm
                    TMR3H   0x000fb3       data     extern E:\3.46\pic18-lt\cxx-framework\src\traditional\proc\p18f14k50.asm
                    TMR3L   0x000fb2       data     extern E:\3.46\pic18-lt\cxx-framework\src\traditional\proc\p18f14k50.asm
                      TOS   0x000ffd       data     extern E:\3.46\pic18-lt\cxx-framework\src\traditional\proc\p18f14k50.asm
                     TOSH   0x000ffe       data     extern E:\3.46\pic18-lt\cxx-framework\src\traditional\proc\p18f14k50.asm
                     TOSL   0x000ffd       data     extern E:\3.46\pic18-lt\cxx-framework\src\traditional\proc\p18f14k50.asm
                     TOSU   0x000fff       data     extern E:\3.46\pic18-lt\cxx-framework\src\traditional\proc\p18f14k50.asm
                    TRISA   0x000f92       data     extern E:\3.46\pic18-lt\cxx-framework\src\traditional\proc\p18f14k50.asm
                TRISAbits   0x000f92       data     extern E:\3.46\pic18-lt\cxx-framework\src\traditional\proc\p18f14k50.asm
                    TRISB   0x000f93       data     extern E:\3.46\pic18-lt\cxx-framework\src\traditional\proc\p18f14k50.asm
                TRISBbits   0x000f93       data     extern E:\3.46\pic18-lt\cxx-framework\src\traditional\proc\p18f14k50.asm
                    TRISC   0x000f94       data     extern E:\3.46\pic18-lt\cxx-framework\src\traditional\proc\p18f14k50.asm
                TRISCbits   0x000f94       data     extern E:\3.46\pic18-lt\cxx-framework\src\traditional\proc\p18f14k50.asm
                    TXREG   0x000fad       data     extern E:\3.46\pic18-lt\cxx-framework\src\traditional\proc\p18f14k50.asm
                    TXSTA   0x000fac       data     extern E:\3.46\pic18-lt\cxx-framework\src\traditional\proc\p18f14k50.asm
                TXSTAbits   0x000fac       data     extern E:\3.46\pic18-lt\cxx-framework\src\traditional\proc\p18f14k50.asm
                    UADDR   0x000f5c       data     extern E:\3.46\pic18-lt\cxx-framework\src\traditional\proc\p18f14k50.asm
                UADDRbits   0x000f5c       data     extern E:\3.46\pic18-lt\cxx-framework\src\traditional\proc\p18f14k50.asm
                     UCFG   0x000f61       data     extern E:\3.46\pic18-lt\cxx-framework\src\traditional\proc\p18f14k50.asm
                 UCFGbits   0x000f61       data     extern E:\3.46\pic18-lt\cxx-framework\src\traditional\proc\p18f14k50.asm
                     UCON   0x000f64       data     extern E:\3.46\pic18-lt\cxx-framework\src\traditional\proc\p18f14k50.asm
                 UCONbits   0x000f64       data     extern E:\3.46\pic18-lt\cxx-framework\src\traditional\proc\p18f14k50.asm
                     UEIE   0x000f5b       data     extern E:\3.46\pic18-lt\cxx-framework\src\traditional\proc\p18f14k50.asm
                 UEIEbits   0x000f5b       data     extern E:\3.46\pic18-lt\cxx-framework\src\traditional\proc\p18f14k50.asm
                     UEIR   0x000f5f       data     extern E:\3.46\pic18-lt\cxx-framework\src\traditional\proc\p18f14k50.asm
                 UEIRbits   0x000f5f       data     extern E:\3.46\pic18-lt\cxx-framework\src\traditional\proc\p18f14k50.asm
                     UEP0   0x000f53       data     extern E:\3.46\pic18-lt\cxx-framework\src\traditional\proc\p18f14k50.asm
                 UEP0bits   0x000f53       data     extern E:\3.46\pic18-lt\cxx-framework\src\traditional\proc\p18f14k50.asm
                     UEP1   0x000f54       data     extern E:\3.46\pic18-lt\cxx-framework\src\traditional\proc\p18f14k50.asm
                 UEP1bits   0x000f54       data     extern E:\3.46\pic18-lt\cxx-framework\src\traditional\proc\p18f14k50.asm
                     UEP2   0x000f55       data     extern E:\3.46\pic18-lt\cxx-framework\src\traditional\proc\p18f14k50.asm
                 UEP2bits   0x000f55       data     extern E:\3.46\pic18-lt\cxx-framework\src\traditional\proc\p18f14k50.asm
                     UEP3   0x000f56       data     extern E:\3.46\pic18-lt\cxx-framework\src\traditional\proc\p18f14k50.asm
                 UEP3bits   0x000f56       data     extern E:\3.46\pic18-lt\cxx-framework\src\traditional\proc\p18f14k50.asm
                     UEP4   0x000f57       data     extern E:\3.46\pic18-lt\cxx-framework\src\traditional\proc\p18f14k50.asm
                 UEP4bits   0x000f57       data     extern E:\3.46\pic18-lt\cxx-framework\src\traditional\proc\p18f14k50.asm
                     UEP5   0x000f58       data     extern E:\3.46\pic18-lt\cxx-framework\src\traditional\proc\p18f14k50.asm
                 UEP5bits   0x000f58       data     extern E:\3.46\pic18-lt\cxx-framework\src\traditional\proc\p18f14k50.asm
                     UEP6   0x000f59       data     extern E:\3.46\pic18-lt\cxx-framework\src\traditional\proc\p18f14k50.asm
                 UEP6bits   0x000f59       data     extern E:\3.46\pic18-lt\cxx-framework\src\traditional\proc\p18f14k50.asm
                     UEP7   0x000f5a       data     extern E:\3.46\pic18-lt\cxx-framework\src\traditional\proc\p18f14k50.asm
                 UEP7bits   0x000f5a       data     extern E:\3.46\pic18-lt\cxx-framework\src\traditional\proc\p18f14k50.asm
                    UFRMH   0x000f5e       data     extern E:\3.46\pic18-lt\cxx-framework\src\traditional\proc\p18f14k50.asm
                UFRMHbits   0x000f5e       data     extern E:\3.46\pic18-lt\cxx-framework\src\traditional\proc\p18f14k50.asm
                    UFRML   0x000f5d       data     extern E:\3.46\pic18-lt\cxx-framework\src\traditional\proc\p18f14k50.asm
                UFRMLbits   0x000f5d       data     extern E:\3.46\pic18-lt\cxx-framework\src\traditional\proc\p18f14k50.asm
                      UIE   0x000f60       data     extern E:\3.46\pic18-lt\cxx-framework\src\traditional\proc\p18f14k50.asm
                  UIEbits   0x000f60       data     extern E:\3.46\pic18-lt\cxx-framework\src\traditional\proc\p18f14k50.asm
                      UIR   0x000f62       data     extern E:\3.46\pic18-lt\cxx-framework\src\traditional\proc\p18f14k50.asm
                  UIRbits   0x000f62       data     extern E:\3.46\pic18-lt\cxx-framework\src\traditional\proc\p18f14k50.asm
                    USTAT   0x000f63       data     extern E:\3.46\pic18-lt\cxx-framework\src\traditional\proc\p18f14k50.asm
                USTATbits   0x000f63       data     extern E:\3.46\pic18-lt\cxx-framework\src\traditional\proc\p18f14k50.asm
                 VREFCON0   0x000fba       data     extern E:\3.46\pic18-lt\cxx-framework\src\traditional\proc\p18f14k50.asm
             VREFCON0bits   0x000fba       data     extern E:\3.46\pic18-lt\cxx-framework\src\traditional\proc\p18f14k50.asm
                 VREFCON1   0x000fbb       data     extern E:\3.46\pic18-lt\cxx-framework\src\traditional\proc\p18f14k50.asm
             VREFCON1bits   0x000fbb       data     extern E:\3.46\pic18-lt\cxx-framework\src\traditional\proc\p18f14k50.asm
                 VREFCON2   0x000fbc       data     extern E:\3.46\pic18-lt\cxx-framework\src\traditional\proc\p18f14k50.asm
             VREFCON2bits   0x000fbc       data     extern E:\3.46\pic18-lt\cxx-framework\src\traditional\proc\p18f14k50.asm
                        W   0x000fe8       data     extern E:\3.46\pic18-lt\cxx-framework\src\traditional\proc\p18f14k50.asm
                   WDTCON   0x000fd1       data     extern E:\3.46\pic18-lt\cxx-framework\src\traditional\proc\p18f14k50.asm
               WDTCONbits   0x000fd1       data     extern E:\3.46\pic18-lt\cxx-framework\src\traditional\proc\p18f14k50.asm
                     WPUA   0x000f77       data     extern E:\3.46\pic18-lt\cxx-framework\src\traditional\proc\p18f14k50.asm
                 WPUAbits   0x000f77       data     extern E:\3.46\pic18-lt\cxx-framework\src\traditional\proc\p18f14k50.asm
                     WPUB   0x000f78       data     extern E:\3.46\pic18-lt\cxx-framework\src\traditional\proc\p18f14k50.asm
                 WPUBbits   0x000f78       data     extern E:\3.46\pic18-lt\cxx-framework\src\traditional\proc\p18f14k50.asm
                     WREG   0x000fe8       data     extern E:\3.46\pic18-lt\cxx-framework\src\traditional\proc\p18f14k50.asm
                 __AARGB0   0x000009       data     extern E:\3.46\pic18-lt\cxx-framework\src\traditional\math\aarg.asm
                 __AARGB1   0x000008       data     extern E:\3.46\pic18-lt\cxx-framework\src\traditional\math\aarg.asm
                 __AARGB2   0x000007       data     extern E:\3.46\pic18-lt\cxx-framework\src\traditional\math\aarg.asm
                 __AARGB3   0x000006       data     extern E:\3.46\pic18-lt\cxx-framework\src\traditional\math\aarg.asm
                 __AARGB4   0x000005       data     extern E:\3.46\pic18-lt\cxx-framework\src\traditional\math\aarg.asm
                 __AARGB5   0x000004       data     extern E:\3.46\pic18-lt\cxx-framework\src\traditional\math\aarg.asm
                 __AARGB6   0x000003       data     extern E:\3.46\pic18-lt\cxx-framework\src\traditional\math\aarg.asm
                 __AARGB7   0x000002       data     extern E:\3.46\pic18-lt\cxx-framework\src\traditional\math\aarg.asm
                   __AEXP   0x00000a       data     extern E:\3.46\pic18-lt\cxx-framework\src\traditional\math\aarg.asm
                 __BARGB0   0x00000e       data     extern E:\3.46\pic18-lt\cxx-framework\src\traditional\math\barg.asm
                 __BARGB1   0x00000d       data     extern E:\3.46\pic18-lt\cxx-framework\src\traditional\math\barg.asm
                 __BARGB2   0x00000c       data     extern E:\3.46\pic18-lt\cxx-framework\src\traditional\math\barg.asm
                 __BARGB3   0x00000b       data     extern E:\3.46\pic18-lt\cxx-framework\src\traditional\math\barg.asm
                   __BEXP   0x00000f       data     extern E:\3.46\pic18-lt\cxx-framework\src\traditional\math\barg.asm
                __FPFLAGS   0x000001       data     extern E:\3.46\pic18-lt\cxx-framework\src\traditional\math\cmath18.asm
            __FPFLAGSbits   0x000001       data     extern E:\3.46\pic18-lt\cxx-framework\src\traditional\math\cmath18.asm
                  __REMB0   0x000005       data     extern E:\3.46\pic18-lt\cxx-framework\src\traditional\math\aarg.asm
                  __REMB1   0x000004       data     extern E:\3.46\pic18-lt\cxx-framework\src\traditional\math\aarg.asm
                  __REMB2   0x000003       data     extern E:\3.46\pic18-lt\cxx-framework\src\traditional\math\aarg.asm
                  __REMB3   0x000002       data     extern E:\3.46\pic18-lt\cxx-framework\src\traditional\math\aarg.asm
                   __TEMP   0x000013       data     extern E:\3.46\pic18-lt\cxx-framework\src\traditional\math\temparg.asm
                 __TEMPB0   0x000013       data     extern E:\3.46\pic18-lt\cxx-framework\src\traditional\math\temparg.asm
                 __TEMPB1   0x000012       data     extern E:\3.46\pic18-lt\cxx-framework\src\traditional\math\temparg.asm
                 __TEMPB2   0x000011       data     extern E:\3.46\pic18-lt\cxx-framework\src\traditional\math\temparg.asm
                 __TEMPB3   0x000010       data     extern E:\3.46\pic18-lt\cxx-framework\src\traditional\math\temparg.asm
                  __tmp_0   0x000014       data     static E:\PROJECT\MPLABX\ProjectCambien.X\Firmware\lcd.c
                  __tmp_0   0x000014       data     static E:\PROJECT\MPLABX\ProjectCambien.X\Firmware\cambienmau.c
                        b   0x00008e       data     extern E:\PROJECT\MPLABX\ProjectCambien.X\Firmware\cambienmau.c
                        c   0x00008c       data     extern E:\PROJECT\MPLABX\ProjectCambien.X\Firmware\cambienmau.c
                curr_byte   0x000084       data     static E:\3.46\pic18-lt\cxx-framework\src\traditional\startup\c018i.c
               curr_entry   0x000086       data     static E:\3.46\pic18-lt\cxx-framework\src\traditional\startup\c018i.c
                 data_ptr   0x000088       data     static E:\3.46\pic18-lt\cxx-framework\src\traditional\startup\c018i.c
           display_enable   0x00008b       data     extern E:\PROJECT\MPLABX\ProjectCambien.X\Firmware\cambienmau.c
                     prom   0x000081       data     static E:\3.46\pic18-lt\cxx-framework\src\traditional\startup\c018i.c
                     str1   0x000060       data     extern E:\PROJECT\MPLABX\ProjectCambien.X\Firmware\cambienmau.c
                     str2   0x00006d       data     extern E:\PROJECT\MPLABX\ProjectCambien.X\Firmware\cambienmau.c
                     str3   0x000076       data     extern E:\PROJECT\MPLABX\ProjectCambien.X\Firmware\cambienmau.c



                              Symbols - Sorted by Address
                     Name    Address   Location    Storage File                     
                ---------  ---------  ---------  --------- ---------                
                   _entry   0x000000    program     extern E:\3.46\pic18-lt\cxx-framework\src\traditional\startup\c018i.c
       ___return_lbl00000   0x000004    program     static                          
                   __init   0x000006    program     extern E:\3.46\pic18-lt\cxx-framework\src\traditional\stdclib\__init.c
         interrupt_vector   0x000008    program     extern E:\PROJECT\MPLABX\ProjectCambien.X\Firmware\cambienmau.c
       ___return_lbl00006   0x00000c    program     static                          
                  ADC_isr   0x00000e    program     extern E:\PROJECT\MPLABX\ProjectCambien.X\Firmware\cambienmau.c
               Init_PORTS   0x000032    program     extern E:\PROJECT\MPLABX\ProjectCambien.X\Firmware\lcd.c
                 Init_LCD   0x000042    program     extern E:\PROJECT\MPLABX\ProjectCambien.X\Firmware\lcd.c
                   LCD_OK   0x000058    program     extern E:\PROJECT\MPLABX\ProjectCambien.X\Firmware\lcd.c
                  LCD_CMD   0x000084    program     extern E:\PROJECT\MPLABX\ProjectCambien.X\Firmware\lcd.c
                 LCD_DATA   0x0000f8    program     extern E:\PROJECT\MPLABX\ProjectCambien.X\Firmware\lcd.c
                lcd_clear   0x00016c    program     extern E:\PROJECT\MPLABX\ProjectCambien.X\Firmware\lcd.c
                lcd_putch   0x000172    program     extern E:\PROJECT\MPLABX\ProjectCambien.X\Firmware\lcd.c
               lcd_putstr   0x000180    program     extern E:\PROJECT\MPLABX\ProjectCambien.X\Firmware\lcd.c
               lcd_gotoxy   0x00019c    program     extern E:\PROJECT\MPLABX\ProjectCambien.X\Firmware\lcd.c
             LCD_IN_INTER   0x0001f4    program     extern E:\PROJECT\MPLABX\ProjectCambien.X\Firmware\lcd.c
                  lcd_int   0x000256    program     extern E:\PROJECT\MPLABX\ProjectCambien.X\Firmware\lcd.c
             LCD_IN_FLOAT   0x0002b4    program     extern E:\PROJECT\MPLABX\ProjectCambien.X\Firmware\lcd.c
                   __pa_0   0x000380    program     static E:\PROJECT\MPLABX\ProjectCambien.X\Firmware\lcd.c
                   __pa_1   0x00039e    program     static E:\PROJECT\MPLABX\ProjectCambien.X\Firmware\lcd.c
                   __pa_2   0x0003ae    program     static E:\PROJECT\MPLABX\ProjectCambien.X\Firmware\lcd.c
                   __pa_3   0x0003ba    program     static E:\PROJECT\MPLABX\ProjectCambien.X\Firmware\lcd.c
                   __pa_4   0x0003c0    program     static E:\PROJECT\MPLABX\ProjectCambien.X\Firmware\lcd.c
                   __pa_5   0x0003ca    program     static E:\PROJECT\MPLABX\ProjectCambien.X\Firmware\lcd.c
                   __pa_6   0x0003d2    program     static E:\PROJECT\MPLABX\ProjectCambien.X\Firmware\lcd.c
                   __pa_7   0x0003e0    program     static E:\PROJECT\MPLABX\ProjectCambien.X\Firmware\lcd.c
                   __pa_8   0x0003ee    program     static E:\PROJECT\MPLABX\ProjectCambien.X\Firmware\lcd.c
                   __pa_9   0x0003f2    program     static E:\PROJECT\MPLABX\ProjectCambien.X\Firmware\lcd.c
                  __pa_10   0x0003fa    program     static E:\PROJECT\MPLABX\ProjectCambien.X\Firmware\lcd.c
                  __pa_11   0x000402    program     static E:\PROJECT\MPLABX\ProjectCambien.X\Firmware\lcd.c
                  __pa_12   0x000412    program     static E:\PROJECT\MPLABX\ProjectCambien.X\Firmware\lcd.c
                  __pa_13   0x00041c    program     static E:\PROJECT\MPLABX\ProjectCambien.X\Firmware\lcd.c
                  __pa_14   0x000426    program     static E:\PROJECT\MPLABX\ProjectCambien.X\Firmware\lcd.c
                  __pa_15   0x000436    program     static E:\PROJECT\MPLABX\ProjectCambien.X\Firmware\lcd.c
                  __pa_16   0x000444    program     static E:\PROJECT\MPLABX\ProjectCambien.X\Firmware\lcd.c
                  __pa_17   0x000452    program     static E:\PROJECT\MPLABX\ProjectCambien.X\Firmware\lcd.c
                  __pa_18   0x00045c    program     static E:\PROJECT\MPLABX\ProjectCambien.X\Firmware\lcd.c
                  __pa_19   0x000468    program     static E:\PROJECT\MPLABX\ProjectCambien.X\Firmware\lcd.c
                  __pa_20   0x000474    program     static E:\PROJECT\MPLABX\ProjectCambien.X\Firmware\lcd.c
                  __pa_21   0x00047e    program     static E:\PROJECT\MPLABX\ProjectCambien.X\Firmware\lcd.c
                  __pa_22   0x000486    program     static E:\PROJECT\MPLABX\ProjectCambien.X\Firmware\lcd.c
                  __pa_23   0x000496    program     static E:\PROJECT\MPLABX\ProjectCambien.X\Firmware\lcd.c
                  __pa_24   0x0004a0    program     static E:\PROJECT\MPLABX\ProjectCambien.X\Firmware\lcd.c
                  __pa_25   0x0004aa    program     static E:\PROJECT\MPLABX\ProjectCambien.X\Firmware\lcd.c
                  __pa_26   0x0004b4    program     static E:\PROJECT\MPLABX\ProjectCambien.X\Firmware\lcd.c
                  __pa_27   0x0004c0    program     static E:\PROJECT\MPLABX\ProjectCambien.X\Firmware\lcd.c
                  __pa_28   0x0004cc    program     static E:\PROJECT\MPLABX\ProjectCambien.X\Firmware\lcd.c
                  __pa_29   0x0004da    program     static E:\PROJECT\MPLABX\ProjectCambien.X\Firmware\lcd.c
                  __pa_30   0x0004e2    program     static E:\PROJECT\MPLABX\ProjectCambien.X\Firmware\lcd.c
                    FPM32   0x0004ea    program     extern E:\3.46\pic18-lt\cxx-framework\src\traditional\math\mulFP.asm
                 jANotInf   0x000508    program     static E:\3.46\pic18-lt\cxx-framework\src\traditional\math\mulFP.asm
              jBothFinite   0x000516    program     static E:\3.46\pic18-lt\cxx-framework\src\traditional\math\mulFP.asm
                jHaveZero   0x00051e    program     static E:\3.46\pic18-lt\cxx-framework\src\traditional\math\mulFP.asm
             jBothNotZero   0x000522    program     static E:\3.46\pic18-lt\cxx-framework\src\traditional\math\mulFP.asm
                 FXD0808S   0x0005c4    program     extern E:\3.46\pic18-lt\cxx-framework\src\traditional\math\fxd0808s.asm
                  DA0808S   0x0005d0    program     static E:\3.46\pic18-lt\cxx-framework\src\traditional\math\fxd0808s.asm
                   D0808S   0x0005da    program     static E:\3.46\pic18-lt\cxx-framework\src\traditional\math\fxd0808s.asm
                 D0808SOK   0x0005e4    program     static E:\3.46\pic18-lt\cxx-framework\src\traditional\math\fxd0808s.asm
                D0808SNEG   0x0005e8    program     static E:\3.46\pic18-lt\cxx-framework\src\traditional\math\fxd0808s.asm
                  D0808SX   0x0005ee    program     static E:\3.46\pic18-lt\cxx-framework\src\traditional\math\fxd0808s.asm
                 FXD1616S   0x0005f8    program     extern E:\3.46\pic18-lt\cxx-framework\src\traditional\math\fxd1616s.asm
                  DA1616S   0x00060a    program     static E:\3.46\pic18-lt\cxx-framework\src\traditional\math\fxd1616s.asm
                   D1616S   0x00061a    program     static E:\3.46\pic18-lt\cxx-framework\src\traditional\math\fxd1616s.asm
                 D1616SOK   0x000624    program     static E:\3.46\pic18-lt\cxx-framework\src\traditional\math\fxd1616s.asm
                D1616SNEG   0x000628    program     static E:\3.46\pic18-lt\cxx-framework\src\traditional\math\fxd1616s.asm
                  D1616SX   0x00063a    program     static E:\3.46\pic18-lt\cxx-framework\src\traditional\math\fxd1616s.asm
                 FXM1616S   0x000644    program     extern E:\3.46\pic18-lt\cxx-framework\src\traditional\math\fxm1616s.asm
               TSIGN1616A   0x000690    program     static E:\3.46\pic18-lt\cxx-framework\src\traditional\math\fxm1616s.asm
                  INT3216   0x00069e    program     extern E:\3.46\pic18-lt\cxx-framework\src\traditional\math\castFP16.asm
                     jMax   0x0006ae    program     static E:\3.46\pic18-lt\cxx-framework\src\traditional\math\castFP16.asm
                  jMaxPos   0x0006b2    program     static E:\3.46\pic18-lt\cxx-framework\src\traditional\math\castFP16.asm
                  jMaxNeg   0x0006bc    program     static E:\3.46\pic18-lt\cxx-framework\src\traditional\math\castFP16.asm
                    jZero   0x0006c4    program     static E:\3.46\pic18-lt\cxx-framework\src\traditional\math\castFP16.asm
                  jNotInf   0x0006ca    program     static E:\3.46\pic18-lt\cxx-framework\src\traditional\math\castFP16.asm
                    jLoop   0x0006da    program     static E:\3.46\pic18-lt\cxx-framework\src\traditional\math\castFP16.asm
                jLoopExit   0x0006ea    program     static E:\3.46\pic18-lt\cxx-framework\src\traditional\math\castFP16.asm
                    jExit   0x0006fa    program     static E:\3.46\pic18-lt\cxx-framework\src\traditional\math\castFP16.asm
            __FpReturnNaN   0x0006fc    program     extern E:\3.46\pic18-lt\cxx-framework\src\traditional\math\packFP.asm
                 __FpExit   0x000708    program     extern E:\3.46\pic18-lt\cxx-framework\src\traditional\math\packFP.asm
        __FpReturnSignInf   0x00070a    program     extern E:\3.46\pic18-lt\cxx-framework\src\traditional\math\packFP.asm
         __FpReturnNegInf   0x00070e    program     extern E:\3.46\pic18-lt\cxx-framework\src\traditional\math\packFP.asm
         __FpReturnPosInf   0x000714    program     extern E:\3.46\pic18-lt\cxx-framework\src\traditional\math\packFP.asm
           jReturnPosInf0   0x000718    program     static E:\3.46\pic18-lt\cxx-framework\src\traditional\math\packFP.asm
               jZero1and2   0x00071c    program     static E:\3.46\pic18-lt\cxx-framework\src\traditional\math\packFP.asm
       __FpReturnSignZero   0x000722    program     extern E:\3.46\pic18-lt\cxx-framework\src\traditional\math\packFP.asm
        __FpReturnNegZero   0x000726    program     extern E:\3.46\pic18-lt\cxx-framework\src\traditional\math\packFP.asm
        __FpReturnPosZero   0x00072e    program     extern E:\3.46\pic18-lt\cxx-framework\src\traditional\math\packFP.asm
                 __FpPack   0x000734    program     extern E:\3.46\pic18-lt\cxx-framework\src\traditional\math\packFP.asm
                  jPkLoop   0x000742    program     static E:\3.46\pic18-lt\cxx-framework\src\traditional\math\packFP.asm
             jPkShiftDone   0x00075e    program     static E:\3.46\pic18-lt\cxx-framework\src\traditional\math\packFP.asm
               jPkRoundIt   0x000774    program     static E:\3.46\pic18-lt\cxx-framework\src\traditional\math\packFP.asm
             jPkRoundDone   0x00078c    program     static E:\3.46\pic18-lt\cxx-framework\src\traditional\math\packFP.asm
              __FpReturnW   0x00078c    program     extern E:\3.46\pic18-lt\cxx-framework\src\traditional\math\packFP.asm
              __FpUnPackA   0x0007ac    program     extern E:\3.46\pic18-lt\cxx-framework\src\traditional\math\UnpackFP.asm
                  jUnpkA1   0x0007b6    program     static E:\3.46\pic18-lt\cxx-framework\src\traditional\math\UnpackFP.asm
                 jUnpkANZ   0x0007c4    program     static E:\3.46\pic18-lt\cxx-framework\src\traditional\math\UnpackFP.asm
                  jUnpkA2   0x0007ce    program     static E:\3.46\pic18-lt\cxx-framework\src\traditional\math\UnpackFP.asm
                 jUnpkNaN   0x0007d8    program     static E:\3.46\pic18-lt\cxx-framework\src\traditional\math\UnpackFP.asm
              __FpUnPackB   0x0007dc    program     extern E:\3.46\pic18-lt\cxx-framework\src\traditional\math\UnpackFP.asm
                  jUnpkB1   0x0007e6    program     static E:\3.46\pic18-lt\cxx-framework\src\traditional\math\UnpackFP.asm
                 jUnpkBNZ   0x0007f4    program     static E:\3.46\pic18-lt\cxx-framework\src\traditional\math\UnpackFP.asm
                  jUnpkB2   0x0007fe    program     static E:\3.46\pic18-lt\cxx-framework\src\traditional\math\UnpackFP.asm
                     main   0x000808    program     extern E:\PROJECT\MPLABX\ProjectCambien.X\Firmware\cambienmau.c
                 init_ADC   0x00096a    program     extern E:\PROJECT\MPLABX\ProjectCambien.X\Firmware\cambienmau.c
                   __pa_0   0x000988    program     static E:\PROJECT\MPLABX\ProjectCambien.X\Firmware\cambienmau.c
                   __pa_1   0x00099a    program     static E:\PROJECT\MPLABX\ProjectCambien.X\Firmware\cambienmau.c
                     itoa   0x0009a6    program     extern E:\3.46\pic18-lt\cxx-framework\src\traditional\stdclib\itoa.asm
                jTstSign1   0x0009d2    program     static E:\3.46\pic18-lt\cxx-framework\src\traditional\stdclib\itoa.asm
                     jDo5   0x000a1c    program     static E:\3.46\pic18-lt\cxx-framework\src\traditional\stdclib\itoa.asm
                     jDo4   0x000a20    program     static E:\3.46\pic18-lt\cxx-framework\src\traditional\stdclib\itoa.asm
                     jDo3   0x000a24    program     static E:\3.46\pic18-lt\cxx-framework\src\traditional\stdclib\itoa.asm
                     jDo2   0x000a28    program     static E:\3.46\pic18-lt\cxx-framework\src\traditional\stdclib\itoa.asm
                     jDo1   0x000a2c    program     static E:\3.46\pic18-lt\cxx-framework\src\traditional\stdclib\itoa.asm
                 TstUpper   0x000a60    program     static E:\3.46\pic18-lt\cxx-framework\src\traditional\stdclib\itoa.asm
                 TstLower   0x000a66    program     static E:\3.46\pic18-lt\cxx-framework\src\traditional\stdclib\itoa.asm
                jTstLowZ1   0x000a70    program     static E:\3.46\pic18-lt\cxx-framework\src\traditional\stdclib\itoa.asm
                ProcUpper   0x000a72    program     static E:\3.46\pic18-lt\cxx-framework\src\traditional\stdclib\itoa.asm
                ProcLower   0x000a7c    program     static E:\3.46\pic18-lt\cxx-framework\src\traditional\stdclib\itoa.asm
                   itoBCD   0x000a86    program     extern E:\3.46\pic18-lt\cxx-framework\src\traditional\stdclib\itobcd.asm
                    jLoop   0x000a9e    program     static E:\3.46\pic18-lt\cxx-framework\src\traditional\stdclib\itobcd.asm
                     jEnd   0x000ac4    program     static E:\3.46\pic18-lt\cxx-framework\src\traditional\stdclib\itobcd.asm
                  OneByte   0x000ac8    program     static E:\3.46\pic18-lt\cxx-framework\src\traditional\stdclib\itobcd.asm
                _do_cinit   0x000ada    program     extern E:\3.46\pic18-lt\cxx-framework\src\traditional\startup\c018i.c
                     test   0x000af4    program     static                          
                copy_loop   0x000b4c    program     static                          
            copy_one_byte   0x000b52    program     static                          
             done_copying   0x000b60    program     static                          
                     done   0x000b76    program     static                          
       ___return_lbl00002   0x000b76    program     static                          
                Init_UART   0x000b78    program     extern E:\PROJECT\MPLABX\ProjectCambien.X\Firmware\Console.c
           Init_Tran_UART   0x000b9a    program     extern E:\PROJECT\MPLABX\ProjectCambien.X\Firmware\Console.c
            Init_Rec_UART   0x000ba4    program     extern E:\PROJECT\MPLABX\ProjectCambien.X\Firmware\Console.c
                Tran_UART   0x000bae    program     extern E:\PROJECT\MPLABX\ProjectCambien.X\Firmware\Console.c
         Tran_String_UART   0x000bbc    program     extern E:\PROJECT\MPLABX\ProjectCambien.X\Firmware\Console.c
                   __pa_0   0x000bd8    program     static E:\PROJECT\MPLABX\ProjectCambien.X\Firmware\Console.c
                   __pa_1   0x000be8    program     static E:\PROJECT\MPLABX\ProjectCambien.X\Firmware\Console.c
                   __pa_2   0x000bf2    program     static E:\PROJECT\MPLABX\ProjectCambien.X\Firmware\Console.c
                 FXD1616U   0x000bfa    program     extern E:\3.46\pic18-lt\cxx-framework\src\traditional\math\fxd1616u.c
                     loop   0x000c04    program     static                          
                  endloop   0x000c20    program     static                          
       ___return_lbl00000   0x000c24    program     static                          
              Delay1KTCYx   0x000c26    program     extern E:\3.46\pic18-lt\cxx-framework\src\traditional\delays\d1ktcyx.asm
                     D1Kx   0x000c30    program     static E:\3.46\pic18-lt\cxx-framework\src\traditional\delays\d1ktcyx.asm
                    D1K_1   0x000c32    program     static E:\3.46\pic18-lt\cxx-framework\src\traditional\delays\d1ktcyx.asm
        _D1KTCYXCODE_0010   0x000c36    program     static E:\3.46\pic18-lt\cxx-framework\src\traditional\delays\d1ktcyx.asm
        _D1KTCYXCODE_0016   0x000c3c    program     static E:\3.46\pic18-lt\cxx-framework\src\traditional\delays\d1ktcyx.asm
            __zero_memory   0x000c46    program     extern E:\3.46\pic18-lt\cxx-framework\src\traditional\proc\p18f14k50.asm
                   loop_h   0x000c54    program     static E:\3.46\pic18-lt\cxx-framework\src\traditional\proc\p18f14k50.asm
               zero_block   0x000c54    program     static E:\3.46\pic18-lt\cxx-framework\src\traditional\proc\p18f14k50.asm
                compare_l   0x000c5c    program     static E:\3.46\pic18-lt\cxx-framework\src\traditional\proc\p18f14k50.asm
                   loop_l   0x000c5e    program     static E:\3.46\pic18-lt\cxx-framework\src\traditional\proc\p18f14k50.asm
                 _startup   0x000c66    program     extern E:\3.46\pic18-lt\cxx-framework\src\traditional\startup\c018i.c
                     loop   0x000c76    program     static                          
       ___return_lbl00001   0x000c80    program     static                          
                 FXD0808U   0x000c82    program     extern E:\3.46\pic18-lt\cxx-framework\src\traditional\math\fxd0808u.c
                     loop   0x000c8a    program     static                          
                  endloop   0x000c98    program     static                          
       ___return_lbl00000   0x000c9c    program     static                          
               __config_0   0x300001    program     static E:\PROJECT\MPLABX\ProjectCambien.X\Firmware\cambienmau.c
               __config_1   0x300002    program     static E:\PROJECT\MPLABX\ProjectCambien.X\Firmware\cambienmau.c
               __config_2   0x300003    program     static E:\PROJECT\MPLABX\ProjectCambien.X\Firmware\cambienmau.c
               __config_3   0x300005    program     static E:\PROJECT\MPLABX\ProjectCambien.X\Firmware\cambienmau.c
               __config_4   0x300006    program     static E:\PROJECT\MPLABX\ProjectCambien.X\Firmware\cambienmau.c
                     SIGN   0x000000       data     extern E:\3.46\pic18-lt\cxx-framework\src\traditional\math\cmath18.asm
                __FPFLAGS   0x000001       data     extern E:\3.46\pic18-lt\cxx-framework\src\traditional\math\cmath18.asm
            __FPFLAGSbits   0x000001       data     extern E:\3.46\pic18-lt\cxx-framework\src\traditional\math\cmath18.asm
                 __AARGB7   0x000002       data     extern E:\3.46\pic18-lt\cxx-framework\src\traditional\math\aarg.asm
                  __REMB3   0x000002       data     extern E:\3.46\pic18-lt\cxx-framework\src\traditional\math\aarg.asm
                 __AARGB6   0x000003       data     extern E:\3.46\pic18-lt\cxx-framework\src\traditional\math\aarg.asm
                  __REMB2   0x000003       data     extern E:\3.46\pic18-lt\cxx-framework\src\traditional\math\aarg.asm
                 __AARGB5   0x000004       data     extern E:\3.46\pic18-lt\cxx-framework\src\traditional\math\aarg.asm
                  __REMB1   0x000004       data     extern E:\3.46\pic18-lt\cxx-framework\src\traditional\math\aarg.asm
                  __REMB0   0x000005       data     extern E:\3.46\pic18-lt\cxx-framework\src\traditional\math\aarg.asm
                 __AARGB4   0x000005       data     extern E:\3.46\pic18-lt\cxx-framework\src\traditional\math\aarg.asm
                 __AARGB3   0x000006       data     extern E:\3.46\pic18-lt\cxx-framework\src\traditional\math\aarg.asm
                 __AARGB2   0x000007       data     extern E:\3.46\pic18-lt\cxx-framework\src\traditional\math\aarg.asm
                 __AARGB1   0x000008       data     extern E:\3.46\pic18-lt\cxx-framework\src\traditional\math\aarg.asm
                 __AARGB0   0x000009       data     extern E:\3.46\pic18-lt\cxx-framework\src\traditional\math\aarg.asm
                   __AEXP   0x00000a       data     extern E:\3.46\pic18-lt\cxx-framework\src\traditional\math\aarg.asm
                 __BARGB3   0x00000b       data     extern E:\3.46\pic18-lt\cxx-framework\src\traditional\math\barg.asm
                 __BARGB2   0x00000c       data     extern E:\3.46\pic18-lt\cxx-framework\src\traditional\math\barg.asm
                 __BARGB1   0x00000d       data     extern E:\3.46\pic18-lt\cxx-framework\src\traditional\math\barg.asm
                 __BARGB0   0x00000e       data     extern E:\3.46\pic18-lt\cxx-framework\src\traditional\math\barg.asm
                   __BEXP   0x00000f       data     extern E:\3.46\pic18-lt\cxx-framework\src\traditional\math\barg.asm
                 __TEMPB3   0x000010       data     extern E:\3.46\pic18-lt\cxx-framework\src\traditional\math\temparg.asm
[...]
                 DDRAbits   0x000f92       data     extern E:\3.46\pic18-lt\cxx-framework\src\traditional\proc\p18f14k50.asm
                TRISBbits   0x000f93       data     extern E:\3.46\pic18-lt\cxx-framework\src\traditional\proc\p18f14k50.asm
                    TRISB   0x000f93       data     extern E:\3.46\pic18-lt\cxx-framework\src\traditional\proc\p18f14k50.asm
                     DDRB   0x000f93       data     extern E:\3.46\pic18-lt\cxx-framework\src\traditional\proc\p18f14k50.asm
                 DDRBbits   0x000f93       data     extern E:\3.46\pic18-lt\cxx-framework\src\traditional\proc\p18f14k50.asm
                     DDRC   0x000f94       data     extern E:\3.46\pic18-lt\cxx-framework\src\traditional\proc\p18f14k50.asm
                 DDRCbits   0x000f94       data     extern E:\3.46\pic18-lt\cxx-framework\src\traditional\proc\p18f14k50.asm
                    TRISC   0x000f94       data     extern E:\3.46\pic18-lt\cxx-framework\src\traditional\proc\p18f14k50.asm
                TRISCbits   0x000f94       data     extern E:\3.46\pic18-lt\cxx-framework\src\traditional\proc\p18f14k50.asm
              OSCTUNEbits   0x000f9b       data     extern E:\3.46\pic18-lt\cxx-framework\src\traditional\proc\p18f14k50.asm
                  OSCTUNE   0x000f9b       data     extern E:\3.46\pic18-lt\cxx-framework\src\traditional\proc\p18f14k50.asm
                 PIE1bits   0x000f9d       data     extern E:\3.46\pic18-lt\cxx-framework\src\traditional\proc\p18f14k50.asm
                     PIE1   0x000f9d       data     extern E:\3.46\pic18-lt\cxx-framework\src\traditional\proc\p18f14k50.asm
                     PIR1   0x000f9e       data     extern E:\3.46\pic18-lt\cxx-framework\src\traditional\proc\p18f14k50.asm
                 PIR1bits   0x000f9e       data     extern E:\3.46\pic18-lt\cxx-framework\src\traditional\proc\p18f14k50.asm
                     IPR1   0x000f9f       data     extern E:\3.46\pic18-lt\cxx-framework\src\traditional\proc\p18f14k50.asm
                 IPR1bits   0x000f9f       data     extern E:\3.46\pic18-lt\cxx-framework\src\traditional\proc\p18f14k50.asm
                     PIE2   0x000fa0       data     extern E:\3.46\pic18-lt\cxx-framework\src\traditional\proc\p18f14k50.asm
                 PIE2bits   0x000fa0       data     extern E:\3.46\pic18-lt\cxx-framework\src\traditional\proc\p18f14k50.asm
                     PIR2   0x000fa1       data     extern E:\3.46\pic18-lt\cxx-framework\src\traditional\proc\p18f14k50.asm
                 PIR2bits   0x000fa1       data     extern E:\3.46\pic18-lt\cxx-framework\src\traditional\proc\p18f14k50.asm
                     IPR2   0x000fa2       data     extern E:\3.46\pic18-lt\cxx-framework\src\traditional\proc\p18f14k50.asm
                 IPR2bits   0x000fa2       data     extern E:\3.46\pic18-lt\cxx-framework\src\traditional\proc\p18f14k50.asm
                   EECON1   0x000fa6       data     extern E:\3.46\pic18-lt\cxx-framework\src\traditional\proc\p18f14k50.asm
               EECON1bits   0x000fa6       data     extern E:\3.46\pic18-lt\cxx-framework\src\traditional\proc\p18f14k50.asm
                   EECON2   0x000fa7       data     extern E:\3.46\pic18-lt\cxx-framework\src\traditional\proc\p18f14k50.asm
                   EEDATA   0x000fa8       data     extern E:\3.46\pic18-lt\cxx-framework\src\traditional\proc\p18f14k50.asm
                EEADRbits   0x000fa9       data     extern E:\3.46\pic18-lt\cxx-framework\src\traditional\proc\p18f14k50.asm
                    EEADR   0x000fa9       data     extern E:\3.46\pic18-lt\cxx-framework\src\traditional\proc\p18f14k50.asm
                    RCSTA   0x000fab       data     extern E:\3.46\pic18-lt\cxx-framework\src\traditional\proc\p18f14k50.asm
                RCSTAbits   0x000fab       data     extern E:\3.46\pic18-lt\cxx-framework\src\traditional\proc\p18f14k50.asm
                TXSTAbits   0x000fac       data     extern E:\3.46\pic18-lt\cxx-framework\src\traditional\proc\p18f14k50.asm
                    TXSTA   0x000fac       data     extern E:\3.46\pic18-lt\cxx-framework\src\traditional\proc\p18f14k50.asm
                    TXREG   0x000fad       data     extern E:\3.46\pic18-lt\cxx-framework\src\traditional\proc\p18f14k50.asm
                    RCREG   0x000fae       data     extern E:\3.46\pic18-lt\cxx-framework\src\traditional\proc\p18f14k50.asm
                    SPBRG   0x000faf       data     extern E:\3.46\pic18-lt\cxx-framework\src\traditional\proc\p18f14k50.asm
                   SPBRGH   0x000fb0       data     extern E:\3.46\pic18-lt\cxx-framework\src\traditional\proc\p18f14k50.asm
                T3CONbits   0x000fb1       data     extern E:\3.46\pic18-lt\cxx-framework\src\traditional\proc\p18f14k50.asm
                    T3CON   0x000fb1       data     extern E:\3.46\pic18-lt\cxx-framework\src\traditional\proc\p18f14k50.asm
                    TMR3L   0x000fb2       data     extern E:\3.46\pic18-lt\cxx-framework\src\traditional\proc\p18f14k50.asm
                    TMR3H   0x000fb3       data     extern E:\3.46\pic18-lt\cxx-framework\src\traditional\proc\p18f14k50.asm
                  ECCP1AS   0x000fb6       data     extern E:\3.46\pic18-lt\cxx-framework\src\traditional\proc\p18f14k50.asm
              ECCP1ASbits   0x000fb6       data     extern E:\3.46\pic18-lt\cxx-framework\src\traditional\proc\p18f14k50.asm
                  PWM1CON   0x000fb7       data     extern E:\3.46\pic18-lt\cxx-framework\src\traditional\proc\p18f14k50.asm
              PWM1CONbits   0x000fb7       data     extern E:\3.46\pic18-lt\cxx-framework\src\traditional\proc\p18f14k50.asm
                  BAUDCON   0x000fb8       data     extern E:\3.46\pic18-lt\cxx-framework\src\traditional\proc\p18f14k50.asm
              BAUDCTLbits   0x000fb8       data     extern E:\3.46\pic18-lt\cxx-framework\src\traditional\proc\p18f14k50.asm
              BAUDCONbits   0x000fb8       data     extern E:\3.46\pic18-lt\cxx-framework\src\traditional\proc\p18f14k50.asm
                  BAUDCTL   0x000fb8       data     extern E:\3.46\pic18-lt\cxx-framework\src\traditional\proc\p18f14k50.asm
                  PSTRCON   0x000fb9       data     extern E:\3.46\pic18-lt\cxx-framework\src\traditional\proc\p18f14k50.asm
              PSTRCONbits   0x000fb9       data     extern E:\3.46\pic18-lt\cxx-framework\src\traditional\proc\p18f14k50.asm
                 VREFCON0   0x000fba       data     extern E:\3.46\pic18-lt\cxx-framework\src\traditional\proc\p18f14k50.asm
             VREFCON0bits   0x000fba       data     extern E:\3.46\pic18-lt\cxx-framework\src\traditional\proc\p18f14k50.asm
                  REFCON0   0x000fba       data     extern E:\3.46\pic18-lt\cxx-framework\src\traditional\proc\p18f14k50.asm
              REFCON0bits   0x000fba       data     extern E:\3.46\pic18-lt\cxx-framework\src\traditional\proc\p18f14k50.asm
                  REFCON1   0x000fbb       data     extern E:\3.46\pic18-lt\cxx-framework\src\traditional\proc\p18f14k50.asm
              REFCON1bits   0x000fbb       data     extern E:\3.46\pic18-lt\cxx-framework\src\traditional\proc\p18f14k50.asm
                 VREFCON1   0x000fbb       data     extern E:\3.46\pic18-lt\cxx-framework\src\traditional\proc\p18f14k50.asm
             VREFCON1bits   0x000fbb       data     extern E:\3.46\pic18-lt\cxx-framework\src\traditional\proc\p18f14k50.asm
                  REFCON2   0x000fbc       data     extern E:\3.46\pic18-lt\cxx-framework\src\traditional\proc\p18f14k50.asm
              REFCON2bits   0x000fbc       data     extern E:\3.46\pic18-lt\cxx-framework\src\traditional\proc\p18f14k50.asm
                 VREFCON2   0x000fbc       data     extern E:\3.46\pic18-lt\cxx-framework\src\traditional\proc\p18f14k50.asm
             VREFCON2bits   0x000fbc       data     extern E:\3.46\pic18-lt\cxx-framework\src\traditional\proc\p18f14k50.asm
              CCP1CONbits   0x000fbd       data     extern E:\3.46\pic18-lt\cxx-framework\src\traditional\proc\p18f14k50.asm
                  CCP1CON   0x000fbd       data     extern E:\3.46\pic18-lt\cxx-framework\src\traditional\proc\p18f14k50.asm
                   CCPR1L   0x000fbe       data     extern E:\3.46\pic18-lt\cxx-framework\src\traditional\proc\p18f14k50.asm
                    CCPR1   0x000fbe       data     extern E:\3.46\pic18-lt\cxx-framework\src\traditional\proc\p18f14k50.asm
                   CCPR1H   0x000fbf       data     extern E:\3.46\pic18-lt\cxx-framework\src\traditional\proc\p18f14k50.asm
                   ADCON2   0x000fc0       data     extern E:\3.46\pic18-lt\cxx-framework\src\traditional\proc\p18f14k50.asm
               ADCON2bits   0x000fc0       data     extern E:\3.46\pic18-lt\cxx-framework\src\traditional\proc\p18f14k50.asm
               ADCON1bits   0x000fc1       data     extern E:\3.46\pic18-lt\cxx-framework\src\traditional\proc\p18f14k50.asm
                   ADCON1   0x000fc1       data     extern E:\3.46\pic18-lt\cxx-framework\src\traditional\proc\p18f14k50.asm
                   ADCON0   0x000fc2       data     extern E:\3.46\pic18-lt\cxx-framework\src\traditional\proc\p18f14k50.asm
               ADCON0bits   0x000fc2       data     extern E:\3.46\pic18-lt\cxx-framework\src\traditional\proc\p18f14k50.asm
                    ADRES   0x000fc3       data     extern E:\3.46\pic18-lt\cxx-framework\src\traditional\proc\p18f14k50.asm
                   ADRESL   0x000fc3       data     extern E:\3.46\pic18-lt\cxx-framework\src\traditional\proc\p18f14k50.asm
                   ADRESH   0x000fc4       data     extern E:\3.46\pic18-lt\cxx-framework\src\traditional\proc\p18f14k50.asm
              SSPCON2bits   0x000fc5       data     extern E:\3.46\pic18-lt\cxx-framework\src\traditional\proc\p18f14k50.asm
                  SSPCON2   0x000fc5       data     extern E:\3.46\pic18-lt\cxx-framework\src\traditional\proc\p18f14k50.asm
              SSPCON1bits   0x000fc6       data     extern E:\3.46\pic18-lt\cxx-framework\src\traditional\proc\p18f14k50.asm
                  SSPCON1   0x000fc6       data     extern E:\3.46\pic18-lt\cxx-framework\src\traditional\proc\p18f14k50.asm
              SSPSTATbits   0x000fc7       data     extern E:\3.46\pic18-lt\cxx-framework\src\traditional\proc\p18f14k50.asm
                  SSPSTAT   0x000fc7       data     extern E:\3.46\pic18-lt\cxx-framework\src\traditional\proc\p18f14k50.asm
                   SSPADD   0x000fc8       data     extern E:\3.46\pic18-lt\cxx-framework\src\traditional\proc\p18f14k50.asm
                   SSPBUF   0x000fc9       data     extern E:\3.46\pic18-lt\cxx-framework\src\traditional\proc\p18f14k50.asm
                T2CONbits   0x000fca       data     extern E:\3.46\pic18-lt\cxx-framework\src\traditional\proc\p18f14k50.asm
                    T2CON   0x000fca       data     extern E:\3.46\pic18-lt\cxx-framework\src\traditional\proc\p18f14k50.asm
                      PR2   0x000fcb       data     extern E:\3.46\pic18-lt\cxx-framework\src\traditional\proc\p18f14k50.asm
                     TMR2   0x000fcc       data     extern E:\3.46\pic18-lt\cxx-framework\src\traditional\proc\p18f14k50.asm
                    T1CON   0x000fcd       data     extern E:\3.46\pic18-lt\cxx-framework\src\traditional\proc\p18f14k50.asm
                T1CONbits   0x000fcd       data     extern E:\3.46\pic18-lt\cxx-framework\src\traditional\proc\p18f14k50.asm
                    TMR1L   0x000fce       data     extern E:\3.46\pic18-lt\cxx-framework\src\traditional\proc\p18f14k50.asm
                    TMR1H   0x000fcf       data     extern E:\3.46\pic18-lt\cxx-framework\src\traditional\proc\p18f14k50.asm
                 RCONbits   0x000fd0       data     extern E:\3.46\pic18-lt\cxx-framework\src\traditional\proc\p18f14k50.asm
                     RCON   0x000fd0       data     extern E:\3.46\pic18-lt\cxx-framework\src\traditional\proc\p18f14k50.asm
                   WDTCON   0x000fd1       data     extern E:\3.46\pic18-lt\cxx-framework\src\traditional\proc\p18f14k50.asm
               WDTCONbits   0x000fd1       data     extern E:\3.46\pic18-lt\cxx-framework\src\traditional\proc\p18f14k50.asm
                  OSCCON2   0x000fd2       data     extern E:\3.46\pic18-lt\cxx-framework\src\traditional\proc\p18f14k50.asm
              OSCCON2bits   0x000fd2       data     extern E:\3.46\pic18-lt\cxx-framework\src\traditional\proc\p18f14k50.asm
               OSCCONbits   0x000fd3       data     extern E:\3.46\pic18-lt\cxx-framework\src\traditional\proc\p18f14k50.asm
                   OSCCON   0x000fd3       data     extern E:\3.46\pic18-lt\cxx-framework\src\traditional\proc\p18f14k50.asm
                T0CONbits   0x000fd5       data     extern E:\3.46\pic18-lt\cxx-framework\src\traditional\proc\p18f14k50.asm
                    T0CON   0x000fd5       data     extern E:\3.46\pic18-lt\cxx-framework\src\traditional\proc\p18f14k50.asm
                    TMR0L   0x000fd6       data     extern E:\3.46\pic18-lt\cxx-framework\src\traditional\proc\p18f14k50.asm
                    TMR0H   0x000fd7       data     extern E:\3.46\pic18-lt\cxx-framework\src\traditional\proc\p18f14k50.asm
                   STATUS   0x000fd8       data     extern E:\3.46\pic18-lt\cxx-framework\src\traditional\proc\p18f14k50.asm
               STATUSbits   0x000fd8       data     extern E:\3.46\pic18-lt\cxx-framework\src\traditional\proc\p18f14k50.asm
                    FSR2L   0x000fd9       data     extern E:\3.46\pic18-lt\cxx-framework\src\traditional\proc\p18f14k50.asm
                     FSR2   0x000fd9       data     extern E:\3.46\pic18-lt\cxx-framework\src\traditional\proc\p18f14k50.asm
                    FSR2H   0x000fda       data     extern E:\3.46\pic18-lt\cxx-framework\src\traditional\proc\p18f14k50.asm
                   PLUSW2   0x000fdb       data     extern E:\3.46\pic18-lt\cxx-framework\src\traditional\proc\p18f14k50.asm
                  PREINC2   0x000fdc       data     extern E:\3.46\pic18-lt\cxx-framework\src\traditional\proc\p18f14k50.asm
                 POSTDEC2   0x000fdd       data     extern E:\3.46\pic18-lt\cxx-framework\src\traditional\proc\p18f14k50.asm
                 POSTINC2   0x000fde       data     extern E:\3.46\pic18-lt\cxx-framework\src\traditional\proc\p18f14k50.asm
                    INDF2   0x000fdf       data     extern E:\3.46\pic18-lt\cxx-framework\src\traditional\proc\p18f14k50.asm
                      BSR   0x000fe0       data     extern E:\3.46\pic18-lt\cxx-framework\src\traditional\proc\p18f14k50.asm
                     FSR1   0x000fe1       data     extern E:\3.46\pic18-lt\cxx-framework\src\traditional\proc\p18f14k50.asm
                    FSR1L   0x000fe1       data     extern E:\3.46\pic18-lt\cxx-framework\src\traditional\proc\p18f14k50.asm
                    FSR1H   0x000fe2       data     extern E:\3.46\pic18-lt\cxx-framework\src\traditional\proc\p18f14k50.asm
                   PLUSW1   0x000fe3       data     extern E:\3.46\pic18-lt\cxx-framework\src\traditional\proc\p18f14k50.asm
                  PREINC1   0x000fe4       data     extern E:\3.46\pic18-lt\cxx-framework\src\traditional\proc\p18f14k50.asm
                 POSTDEC1   0x000fe5       data     extern E:\3.46\pic18-lt\cxx-framework\src\traditional\proc\p18f14k50.asm
                 POSTINC1   0x000fe6       data     extern E:\3.46\pic18-lt\cxx-framework\src\traditional\proc\p18f14k50.asm
                    INDF1   0x000fe7       data     extern E:\3.46\pic18-lt\cxx-framework\src\traditional\proc\p18f14k50.asm
                     WREG   0x000fe8       data     extern E:\3.46\pic18-lt\cxx-framework\src\traditional\proc\p18f14k50.asm
                        W   0x000fe8       data     extern E:\3.46\pic18-lt\cxx-framework\src\traditional\proc\p18f14k50.asm
                    FSR0L   0x000fe9       data     extern E:\3.46\pic18-lt\cxx-framework\src\traditional\proc\p18f14k50.asm
                     FSR0   0x000fe9       data     extern E:\3.46\pic18-lt\cxx-framework\src\traditional\proc\p18f14k50.asm
                    FSR0H   0x000fea       data     extern E:\3.46\pic18-lt\cxx-framework\src\traditional\proc\p18f14k50.asm
                   PLUSW0   0x000feb       data     extern E:\3.46\pic18-lt\cxx-framework\src\traditional\proc\p18f14k50.asm
                  PREINC0   0x000fec       data     extern E:\3.46\pic18-lt\cxx-framework\src\traditional\proc\p18f14k50.asm
                 POSTDEC0   0x000fed       data     extern E:\3.46\pic18-lt\cxx-framework\src\traditional\proc\p18f14k50.asm
                 POSTINC0   0x000fee       data     extern E:\3.46\pic18-lt\cxx-framework\src\traditional\proc\p18f14k50.asm
                    INDF0   0x000fef       data     extern E:\3.46\pic18-lt\cxx-framework\src\traditional\proc\p18f14k50.asm
                  INTCON3   0x000ff0       data     extern E:\3.46\pic18-lt\cxx-framework\src\traditional\proc\p18f14k50.asm
              INTCON3bits   0x000ff0       data     extern E:\3.46\pic18-lt\cxx-framework\src\traditional\proc\p18f14k50.asm
              INTCON2bits   0x000ff1       data     extern E:\3.46\pic18-lt\cxx-framework\src\traditional\proc\p18f14k50.asm
                  INTCON2   0x000ff1       data     extern E:\3.46\pic18-lt\cxx-framework\src\traditional\proc\p18f14k50.asm
                   INTCON   0x000ff2       data     extern E:\3.46\pic18-lt\cxx-framework\src\traditional\proc\p18f14k50.asm
               INTCONbits   0x000ff2       data     extern E:\3.46\pic18-lt\cxx-framework\src\traditional\proc\p18f14k50.asm
                     PROD   0x000ff3       data     extern E:\3.46\pic18-lt\cxx-framework\src\traditional\proc\p18f14k50.asm
                    PRODL   0x000ff3       data     extern E:\3.46\pic18-lt\cxx-framework\src\traditional\proc\p18f14k50.asm
                    PRODH   0x000ff4       data     extern E:\3.46\pic18-lt\cxx-framework\src\traditional\proc\p18f14k50.asm
                   TABLAT   0x000ff5       data     extern E:\3.46\pic18-lt\cxx-framework\src\traditional\proc\p18f14k50.asm
                  TBLPTRL   0x000ff6       data     extern E:\3.46\pic18-lt\cxx-framework\src\traditional\proc\p18f14k50.asm
                   TBLPTR   0x000ff6       data     extern E:\3.46\pic18-lt\cxx-framework\src\traditional\proc\p18f14k50.asm
                  TBLPTRH   0x000ff7       data     extern E:\3.46\pic18-lt\cxx-framework\src\traditional\proc\p18f14k50.asm
                  TBLPTRU   0x000ff8       data     extern E:\3.46\pic18-lt\cxx-framework\src\traditional\proc\p18f14k50.asm
                      PCL   0x000ff9       data     extern E:\3.46\pic18-lt\cxx-framework\src\traditional\proc\p18f14k50.asm
                       PC   0x000ff9       data     extern E:\3.46\pic18-lt\cxx-framework\src\traditional\proc\p18f14k50.asm
                   PCLATH   0x000ffa       data     extern E:\3.46\pic18-lt\cxx-framework\src\traditional\proc\p18f14k50.asm
                   PCLATU   0x000ffb       data     extern E:\3.46\pic18-lt\cxx-framework\src\traditional\proc\p18f14k50.asm
               STKPTRbits   0x000ffc       data     extern E:\3.46\pic18-lt\cxx-framework\src\traditional\proc\p18f14k50.asm
                   STKPTR   0x000ffc       data     extern E:\3.46\pic18-lt\cxx-framework\src\traditional\proc\p18f14k50.asm
                      TOS   0x000ffd       data     extern E:\3.46\pic18-lt\cxx-framework\src\traditional\proc\p18f14k50.asm
                     TOSL   0x000ffd       data     extern E:\3.46\pic18-lt\cxx-framework\src\traditional\proc\p18f14k50.asm
                     TOSH   0x000ffe       data     extern E:\3.46\pic18-lt\cxx-framework\src\traditional\proc\p18f14k50.asm
                     TOSU   0x000fff       data     extern E:\3.46\pic18-lt\cxx-framework\src\traditional\proc\p18f14k50.asm


